../Core/Src/main.cpp:23:14:SwerveDrive* InitSwerveDrive()	32	static
../Core/Src/main.cpp:74:5:int main()	56	static
../Core/Src/main.cpp:131:13:void SendOdometry(const SwerveDriveState&)	64	static
../Core/Src/main.cpp:158:6:void serial_debug(SwerveModule&)	96	static
../Core/Src/main.cpp:166:6:void HAL_CAN_RxFifo0MsgPendingCallback(CAN_HandleTypeDef*)	112	static
../Core/Src/main.cpp:211:13:void MX_CAN1_Init()	48	static
../Core/Src/main.cpp:252:13:void MX_CAN2_Init()	8	static
../Core/Src/main.cpp:274:13:void configFilter(CAN_HandleTypeDef*, uint32_t, uint32_t)	72	static
../Core/Src/main.cpp:293:13:void MX_GPIO_Init()	40	static
../Core/Src/main.cpp:316:6:void SystemClock_Config()	120	static
../Core/Src/main.cpp:371:6:void Error_Handler()	4	static,ignoring_inline_asm
