Archive member included to satisfy reference by file (symbol)

../Middlewares/ST/ARM/DSP/Lib\libarm_cortexM3l_math.a(arm_mat_trans_f32.o)
                              ./Core/Inc/SwerveDrive/SwerveDrive.o (arm_mat_trans_f32)
../Middlewares/ST/ARM/DSP/Lib\libarm_cortexM3l_math.a(arm_mat_mult_f32.o)
                              ./Core/Inc/SwerveDrive/SwerveDrive.o (arm_mat_mult_f32)
../Middlewares/ST/ARM/DSP/Lib\libarm_cortexM3l_math.a(arm_mat_inverse_f32.o)
                              ./Core/Inc/SwerveDrive/SwerveDrive.o (arm_mat_inverse_f32)
../Middlewares/ST/ARM/DSP/Lib\libarm_cortexM3l_math.a(arm_mat_init_f32.o)
                              ./Core/Inc/SwerveDrive/SwerveDrive.o (arm_mat_init_f32)
C:/ST/STM32CubeIDE_1.18.1/STM32CubeIDE/plugins/com.st.stm32cube.ide.mcu.externaltools.gnu-tools-for-stm32.13.3.rel1.win32_1.0.0.202411081344/tools/bin/../lib/gcc/arm-none-eabi/13.3.1/../../../../arm-none-eabi/lib/thumb/v7-m/nofp\libstdc++_nano.a(guard.o)
                              ./Core/Src/main.o (__cxa_guard_acquire)
C:/ST/STM32CubeIDE_1.18.1/STM32CubeIDE/plugins/com.st.stm32cube.ide.mcu.externaltools.gnu-tools-for-stm32.13.3.rel1.win32_1.0.0.202411081344/tools/bin/../lib/gcc/arm-none-eabi/13.3.1/../../../../arm-none-eabi/lib/thumb/v7-m/nofp\libm.a(libm_a-wf_atan2.o)
                              ./Core/Inc/SwerveDrive/SwerveModule.o (atan2f)
C:/ST/STM32CubeIDE_1.18.1/STM32CubeIDE/plugins/com.st.stm32cube.ide.mcu.externaltools.gnu-tools-for-stm32.13.3.rel1.win32_1.0.0.202411081344/tools/bin/../lib/gcc/arm-none-eabi/13.3.1/../../../../arm-none-eabi/lib/thumb/v7-m/nofp\libm.a(libm_a-wf_fmod.o)
                              ./Core/Inc/Hardware/CanSparkMax.o (fmodf)
C:/ST/STM32CubeIDE_1.18.1/STM32CubeIDE/plugins/com.st.stm32cube.ide.mcu.externaltools.gnu-tools-for-stm32.13.3.rel1.win32_1.0.0.202411081344/tools/bin/../lib/gcc/arm-none-eabi/13.3.1/../../../../arm-none-eabi/lib/thumb/v7-m/nofp\libm.a(libm_a-wf_sqrt.o)
                              ./Core/Inc/SwerveDrive/SwerveModule.o (sqrtf)
C:/ST/STM32CubeIDE_1.18.1/STM32CubeIDE/plugins/com.st.stm32cube.ide.mcu.externaltools.gnu-tools-for-stm32.13.3.rel1.win32_1.0.0.202411081344/tools/bin/../lib/gcc/arm-none-eabi/13.3.1/../../../../arm-none-eabi/lib/thumb/v7-m/nofp\libm.a(libm_a-sf_cos.o)
                              ./Core/Inc/SwerveDrive/SwerveDrive.o (cosf)
C:/ST/STM32CubeIDE_1.18.1/STM32CubeIDE/plugins/com.st.stm32cube.ide.mcu.externaltools.gnu-tools-for-stm32.13.3.rel1.win32_1.0.0.202411081344/tools/bin/../lib/gcc/arm-none-eabi/13.3.1/../../../../arm-none-eabi/lib/thumb/v7-m/nofp\libm.a(libm_a-sf_sin.o)
                              ./Core/Inc/SwerveDrive/SwerveDrive.o (sinf)
C:/ST/STM32CubeIDE_1.18.1/STM32CubeIDE/plugins/com.st.stm32cube.ide.mcu.externaltools.gnu-tools-for-stm32.13.3.rel1.win32_1.0.0.202411081344/tools/bin/../lib/gcc/arm-none-eabi/13.3.1/../../../../arm-none-eabi/lib/thumb/v7-m/nofp\libm.a(libm_a-ef_sqrt.o)
                              C:/ST/STM32CubeIDE_1.18.1/STM32CubeIDE/plugins/com.st.stm32cube.ide.mcu.externaltools.gnu-tools-for-stm32.13.3.rel1.win32_1.0.0.202411081344/tools/bin/../lib/gcc/arm-none-eabi/13.3.1/../../../../arm-none-eabi/lib/thumb/v7-m/nofp\libm.a(libm_a-wf_sqrt.o) (__ieee754_sqrtf)
C:/ST/STM32CubeIDE_1.18.1/STM32CubeIDE/plugins/com.st.stm32cube.ide.mcu.externaltools.gnu-tools-for-stm32.13.3.rel1.win32_1.0.0.202411081344/tools/bin/../lib/gcc/arm-none-eabi/13.3.1/../../../../arm-none-eabi/lib/thumb/v7-m/nofp\libm.a(libm_a-kf_cos.o)
                              C:/ST/STM32CubeIDE_1.18.1/STM32CubeIDE/plugins/com.st.stm32cube.ide.mcu.externaltools.gnu-tools-for-stm32.13.3.rel1.win32_1.0.0.202411081344/tools/bin/../lib/gcc/arm-none-eabi/13.3.1/../../../../arm-none-eabi/lib/thumb/v7-m/nofp\libm.a(libm_a-sf_cos.o) (__kernel_cosf)
C:/ST/STM32CubeIDE_1.18.1/STM32CubeIDE/plugins/com.st.stm32cube.ide.mcu.externaltools.gnu-tools-for-stm32.13.3.rel1.win32_1.0.0.202411081344/tools/bin/../lib/gcc/arm-none-eabi/13.3.1/../../../../arm-none-eabi/lib/thumb/v7-m/nofp\libm.a(libm_a-kf_sin.o)
                              C:/ST/STM32CubeIDE_1.18.1/STM32CubeIDE/plugins/com.st.stm32cube.ide.mcu.externaltools.gnu-tools-for-stm32.13.3.rel1.win32_1.0.0.202411081344/tools/bin/../lib/gcc/arm-none-eabi/13.3.1/../../../../arm-none-eabi/lib/thumb/v7-m/nofp\libm.a(libm_a-sf_cos.o) (__kernel_sinf)
C:/ST/STM32CubeIDE_1.18.1/STM32CubeIDE/plugins/com.st.stm32cube.ide.mcu.externaltools.gnu-tools-for-stm32.13.3.rel1.win32_1.0.0.202411081344/tools/bin/../lib/gcc/arm-none-eabi/13.3.1/../../../../arm-none-eabi/lib/thumb/v7-m/nofp\libm.a(libm_a-ef_atan2.o)
                              C:/ST/STM32CubeIDE_1.18.1/STM32CubeIDE/plugins/com.st.stm32cube.ide.mcu.externaltools.gnu-tools-for-stm32.13.3.rel1.win32_1.0.0.202411081344/tools/bin/../lib/gcc/arm-none-eabi/13.3.1/../../../../arm-none-eabi/lib/thumb/v7-m/nofp\libm.a(libm_a-wf_atan2.o) (__ieee754_atan2f)
[...]
Memory Configuration

Name             Origin             Length             Attributes
RAM              0x20000000         0x00010000         xrw
FLASH            0x08000000         0x00010000         xr
*default*        0x00000000         0xffffffff

Linker script and memory map

LOAD C:/ST/STM32CubeIDE_1.18.1/STM32CubeIDE/plugins/com.st.stm32cube.ide.mcu.externaltools.gnu-tools-for-stm32.13.3.rel1.win32_1.0.0.202411081344/tools/bin/../lib/gcc/arm-none-eabi/13.3.1/thumb/v7-m/nofp/crti.o
LOAD C:/ST/STM32CubeIDE_1.18.1/STM32CubeIDE/plugins/com.st.stm32cube.ide.mcu.externaltools.gnu-tools-for-stm32.13.3.rel1.win32_1.0.0.202411081344/tools/bin/../lib/gcc/arm-none-eabi/13.3.1/thumb/v7-m/nofp/crtbegin.o
LOAD C:/ST/STM32CubeIDE_1.18.1/STM32CubeIDE/plugins/com.st.stm32cube.ide.mcu.externaltools.gnu-tools-for-stm32.13.3.rel1.win32_1.0.0.202411081344/tools/bin/../lib/gcc/arm-none-eabi/13.3.1/../../../../arm-none-eabi/lib/thumb/v7-m/nofp/crt0.o
LOAD ./Core/Inc/Hardware/CanSparkMax.o
LOAD ./Core/Inc/SwerveDrive/SwerveDrive.o
LOAD ./Core/Inc/SwerveDrive/SwerveModule.o
LOAD ./Core/Src/main.o
LOAD ./Core/Src/stm32f1xx_hal_msp.o
LOAD ./Core/Src/stm32f1xx_it.o
LOAD ./Core/Src/syscalls.o
LOAD ./Core/Src/sysmem.o
LOAD ./Core/Src/system_stm32f1xx.o
LOAD ./Core/Startup/startup_stm32f105r8tx.o
LOAD ./Drivers/STM32F1xx_HAL_Driver/Src/stm32f1xx_hal.o
LOAD ./Drivers/STM32F1xx_HAL_Driver/Src/stm32f1xx_hal_can.o
LOAD ./Drivers/STM32F1xx_HAL_Driver/Src/stm32f1xx_hal_cortex.o
LOAD ./Drivers/STM32F1xx_HAL_Driver/Src/stm32f1xx_hal_dma.o
LOAD ./Drivers/STM32F1xx_HAL_Driver/Src/stm32f1xx_hal_exti.o
LOAD ./Drivers/STM32F1xx_HAL_Driver/Src/stm32f1xx_hal_flash.o
LOAD ./Drivers/STM32F1xx_HAL_Driver/Src/stm32f1xx_hal_flash_ex.o
LOAD ./Drivers/STM32F1xx_HAL_Driver/Src/stm32f1xx_hal_gpio.o
LOAD ./Drivers/STM32F1xx_HAL_Driver/Src/stm32f1xx_hal_gpio_ex.o
LOAD ./Drivers/STM32F1xx_HAL_Driver/Src/stm32f1xx_hal_pcd.o
LOAD ./Drivers/STM32F1xx_HAL_Driver/Src/stm32f1xx_hal_pcd_ex.o
LOAD ./Drivers/STM32F1xx_HAL_Driver/Src/stm32f1xx_hal_pwr.o
LOAD ./Drivers/STM32F1xx_HAL_Driver/Src/stm32f1xx_hal_rcc.o
LOAD ./Drivers/STM32F1xx_HAL_Driver/Src/stm32f1xx_hal_rcc_ex.o
LOAD ./Drivers/STM32F1xx_HAL_Driver/Src/stm32f1xx_ll_usb.o
LOAD ./Middlewares/ST/STM32_USB_Device_Library/Class/CDC/Src/usbd_cdc.o
LOAD ./Middlewares/ST/STM32_USB_Device_Library/Core/Src/usbd_core.o
LOAD ./Middlewares/ST/STM32_USB_Device_Library/Core/Src/usbd_ctlreq.o
LOAD ./Middlewares/ST/STM32_USB_Device_Library/Core/Src/usbd_ioreq.o
LOAD ./USB_DEVICE/App/usb_device.o
LOAD ./USB_DEVICE/App/usbd_cdc_if.o
LOAD ./USB_DEVICE/App/usbd_desc.o
LOAD ./USB_DEVICE/Target/usbd_conf.o
LOAD ../Middlewares/ST/ARM/DSP/Lib\libarm_cortexM3l_math.a
START GROUP
LOAD C:/ST/STM32CubeIDE_1.18.1/STM32CubeIDE/plugins/com.st.stm32cube.ide.mcu.externaltools.gnu-tools-for-stm32.13.3.rel1.win32_1.0.0.202411081344/tools/bin/../lib/gcc/arm-none-eabi/13.3.1/../../../../arm-none-eabi/lib/thumb/v7-m/nofp\libstdc++_nano.a
LOAD C:/ST/STM32CubeIDE_1.18.1/STM32CubeIDE/plugins/com.st.stm32cube.ide.mcu.externaltools.gnu-tools-for-stm32.13.3.rel1.win32_1.0.0.202411081344/tools/bin/../lib/gcc/arm-none-eabi/13.3.1/../../../../arm-none-eabi/lib/thumb/v7-m/nofp\libsupc++_nano.a
END GROUP
LOAD C:/ST/STM32CubeIDE_1.18.1/STM32CubeIDE/plugins/com.st.stm32cube.ide.mcu.externaltools.gnu-tools-for-stm32.13.3.rel1.win32_1.0.0.202411081344/tools/bin/../lib/gcc/arm-none-eabi/13.3.1/../../../../arm-none-eabi/lib/thumb/v7-m/nofp\libstdc++_nano.a
LOAD C:/ST/STM32CubeIDE_1.18.1/STM32CubeIDE/plugins/com.st.stm32cube.ide.mcu.externaltools.gnu-tools-for-stm32.13.3.rel1.win32_1.0.0.202411081344/tools/bin/../lib/gcc/arm-none-eabi/13.3.1/../../../../arm-none-eabi/lib/thumb/v7-m/nofp\libm.a
LOAD C:/ST/STM32CubeIDE_1.18.1/STM32CubeIDE/plugins/com.st.stm32cube.ide.mcu.externaltools.gnu-tools-for-stm32.13.3.rel1.win32_1.0.0.202411081344/tools/bin/../lib/gcc/arm-none-eabi/13.3.1/../../../../arm-none-eabi/lib/thumb/v7-m/nofp\libc_nano.a
START GROUP
LOAD C:/ST/STM32CubeIDE_1.18.1/STM32CubeIDE/plugins/com.st.stm32cube.ide.mcu.externaltools.gnu-tools-for-stm32.13.3.rel1.win32_1.0.0.202411081344/tools/bin/../lib/gcc/arm-none-eabi/13.3.1/thumb/v7-m/nofp\libgcc.a
LOAD C:/ST/STM32CubeIDE_1.18.1/STM32CubeIDE/plugins/com.st.stm32cube.ide.mcu.externaltools.gnu-tools-for-stm32.13.3.rel1.win32_1.0.0.202411081344/tools/bin/../lib/gcc/arm-none-eabi/13.3.1/../../../../arm-none-eabi/lib/thumb/v7-m/nofp\libc_nano.a
END GROUP
START GROUP
LOAD C:/ST/STM32CubeIDE_1.18.1/STM32CubeIDE/plugins/com.st.stm32cube.ide.mcu.externaltools.gnu-tools-for-stm32.13.3.rel1.win32_1.0.0.202411081344/tools/bin/../lib/gcc/arm-none-eabi/13.3.1/thumb/v7-m/nofp\libgcc.a
LOAD C:/ST/STM32CubeIDE_1.18.1/STM32CubeIDE/plugins/com.st.stm32cube.ide.mcu.externaltools.gnu-tools-for-stm32.13.3.rel1.win32_1.0.0.202411081344/tools/bin/../lib/gcc/arm-none-eabi/13.3.1/../../../../arm-none-eabi/lib/thumb/v7-m/nofp\libc_nano.a
LOAD C:/ST/STM32CubeIDE_1.18.1/STM32CubeIDE/plugins/com.st.stm32cube.ide.mcu.externaltools.gnu-tools-for-stm32.13.3.rel1.win32_1.0.0.202411081344/tools/bin/../lib/gcc/arm-none-eabi/13.3.1/../../../../arm-none-eabi/lib/thumb/v7-m/nofp\libnosys.a
END GROUP
START GROUP
LOAD C:/ST/STM32CubeIDE_1.18.1/STM32CubeIDE/plugins/com.st.stm32cube.ide.mcu.externaltools.gnu-tools-for-stm32.13.3.rel1.win32_1.0.0.202411081344/tools/bin/../lib/gcc/arm-none-eabi/13.3.1/thumb/v7-m/nofp\libgcc.a
LOAD C:/ST/STM32CubeIDE_1.18.1/STM32CubeIDE/plugins/com.st.stm32cube.ide.mcu.externaltools.gnu-tools-for-stm32.13.3.rel1.win32_1.0.0.202411081344/tools/bin/../lib/gcc/arm-none-eabi/13.3.1/../../../../arm-none-eabi/lib/thumb/v7-m/nofp\libc_nano.a
LOAD C:/ST/STM32CubeIDE_1.18.1/STM32CubeIDE/plugins/com.st.stm32cube.ide.mcu.externaltools.gnu-tools-for-stm32.13.3.rel1.win32_1.0.0.202411081344/tools/bin/../lib/gcc/arm-none-eabi/13.3.1/../../../../arm-none-eabi/lib/thumb/v7-m/nofp\libnosys.a
END GROUP
LOAD C:/ST/STM32CubeIDE_1.18.1/STM32CubeIDE/plugins/com.st.stm32cube.ide.mcu.externaltools.gnu-tools-for-stm32.13.3.rel1.win32_1.0.0.202411081344/tools/bin/../lib/gcc/arm-none-eabi/13.3.1/thumb/v7-m/nofp/crtend.o
LOAD C:/ST/STM32CubeIDE_1.18.1/STM32CubeIDE/plugins/com.st.stm32cube.ide.mcu.externaltools.gnu-tools-for-stm32.13.3.rel1.win32_1.0.0.202411081344/tools/bin/../lib/gcc/arm-none-eabi/13.3.1/thumb/v7-m/nofp/crtn.o
                0x20010000                        _estack = (ORIGIN (RAM) + LENGTH (RAM))
                0x00000200                        _Min_Heap_Size = 0x200
                0x00000400                        _Min_Stack_Size = 0x400

.isr_vector     0x08000000      0x1e4
                0x08000000                        . = ALIGN (0x4)
 *(.isr_vector)
 .isr_vector    0x08000000      0x1e4 ./Core/Startup/startup_stm32f105r8tx.o
                0x08000000                g_pfnVectors
                0x080001e4                        . = ALIGN (0x4)

.text           0x080001e8     0xd9cc
                0x080001e8                        . = ALIGN (0x4)
 *(.text)
 .text          0x080001e8       0x40 C:/ST/STM32CubeIDE_1.18.1/STM32CubeIDE/plugins/com.st.stm32cube.ide.mcu.externaltools.gnu-tools-for-stm32.13.3.rel1.win32_1.0.0.202411081344/tools/bin/../lib/gcc/arm-none-eabi/13.3.1/thumb/v7-m/nofp/crtbegin.o
 .text          0x08000228       0x10 C:/ST/STM32CubeIDE_1.18.1/STM32CubeIDE/plugins/com.st.stm32cube.ide.mcu.externaltools.gnu-tools-for-stm32.13.3.rel1.win32_1.0.0.202411081344/tools/bin/../lib/gcc/arm-none-eabi/13.3.1/../../../../arm-none-eabi/lib/thumb/v7-m/nofp\libc_nano.a(libc_a-strlen.o)
                0x08000228                strlen
 .text          0x08000238      0x378 C:/ST/STM32CubeIDE_1.18.1/STM32CubeIDE/plugins/com.st.stm32cube.ide.mcu.externaltools.gnu-tools-for-stm32.13.3.rel1.win32_1.0.0.202411081344/tools/bin/../lib/gcc/arm-none-eabi/13.3.1/thumb/v7-m/nofp\libgcc.a(_arm_addsubdf3.o)
                0x08000238                __aeabi_drsub
                0x08000240                __aeabi_dsub
                0x08000240                __subdf3
                0x08000244                __aeabi_dadd
                0x08000244                __adddf3
                0x080004bc                __floatunsidf
                0x080004bc                __aeabi_ui2d
                0x080004dc                __floatsidf
                0x080004dc                __aeabi_i2d
                0x08000500                __aeabi_f2d
                0x08000500                __extendsfdf2
                0x08000544                __floatundidf
                0x08000544                __aeabi_ul2d
                0x08000554                __floatdidf
                0x08000554                __aeabi_l2d
 .text          0x080005b0      0x424 C:/ST/STM32CubeIDE_1.18.1/STM32CubeIDE/plugins/com.st.stm32cube.ide.mcu.externaltools.gnu-tools-for-stm32.13.3.rel1.win32_1.0.0.202411081344/tools/bin/../lib/gcc/arm-none-eabi/13.3.1/thumb/v7-m/nofp\libgcc.a(_arm_muldivdf3.o)
                0x080005b0                __aeabi_dmul
                0x080005b0                __muldf3
                0x08000804                __divdf3
                0x08000804                __aeabi_ddiv
 .text          0x080009d4      0x110 C:/ST/STM32CubeIDE_1.18.1/STM32CubeIDE/plugins/com.st.stm32cube.ide.mcu.externaltools.gnu-tools-for-stm32.13.3.rel1.win32_1.0.0.202411081344/tools/bin/../lib/gcc/arm-none-eabi/13.3.1/thumb/v7-m/nofp\libgcc.a(_arm_cmpdf2.o)
                0x080009d4                __gtdf2
                0x080009d4                __gedf2
                0x080009dc                __ltdf2
                0x080009dc                __ledf2
                0x080009e4                __nedf2
                0x080009e4                __eqdf2
                0x080009e4                __cmpdf2
                0x08000a60                __aeabi_cdrcmple
                0x08000a70                __aeabi_cdcmpeq
                0x08000a70                __aeabi_cdcmple
                0x08000a80                __aeabi_dcmpeq
                0x08000a94                __aeabi_dcmplt
                0x08000aa8                __aeabi_dcmple
                0x08000abc                __aeabi_dcmpge
                0x08000ad0                __aeabi_dcmpgt
 .text          0x08000ae4       0x2c C:/ST/STM32CubeIDE_1.18.1/STM32CubeIDE/plugins/com.st.stm32cube.ide.mcu.externaltools.gnu-tools-for-stm32.13.3.rel1.win32_1.0.0.202411081344/tools/bin/../lib/gcc/arm-none-eabi/13.3.1/thumb/v7-m/nofp\libgcc.a(_arm_unorddf2.o)
                0x08000ae4                __unorddf2
                0x08000ae4                __aeabi_dcmpun
 .text          0x08000b10       0x50 C:/ST/STM32CubeIDE_1.18.1/STM32CubeIDE/plugins/com.st.stm32cube.ide.mcu.externaltools.gnu-tools-for-stm32.13.3.rel1.win32_1.0.0.202411081344/tools/bin/../lib/gcc/arm-none-eabi/13.3.1/thumb/v7-m/nofp\libgcc.a(_arm_fixdfsi.o)
                0x08000b10                __aeabi_d2iz
                0x08000b10                __fixdfsi
 .text          0x08000b60       0xa0 C:/ST/STM32CubeIDE_1.18.1/STM32CubeIDE/plugins/com.st.stm32cube.ide.mcu.externaltools.gnu-tools-for-stm32.13.3.rel1.win32_1.0.0.202411081344/tools/bin/../lib/gcc/arm-none-eabi/13.3.1/thumb/v7-m/nofp\libgcc.a(_arm_truncdfsf2.o)
                0x08000b60                __truncdfsf2
                0x08000b60                __aeabi_d2f
 .text          0x08000c00      0x21c C:/ST/STM32CubeIDE_1.18.1/STM32CubeIDE/plugins/com.st.stm32cube.ide.mcu.externaltools.gnu-tools-for-stm32.13.3.rel1.win32_1.0.0.202411081344/tools/bin/../lib/gcc/arm-none-eabi/13.3.1/thumb/v7-m/nofp\libgcc.a(_arm_addsubsf3.o)
                0x08000c00                __aeabi_frsub
                0x08000c08                __subsf3
                0x08000c08                __aeabi_fsub
                0x08000c0c                __aeabi_fadd
                0x08000c0c                __addsf3
                0x08000d6c                __aeabi_ui2f
                0x08000d6c                __floatunsisf
                0x08000d74                __aeabi_i2f
                0x08000d74                __floatsisf
                0x08000d90                __aeabi_ul2f
                0x08000d90                __floatundisf
                0x08000da0                __aeabi_l2f
                0x08000da0                __floatdisf
 .text          0x08000e1c      0x2a0 C:/ST/STM32CubeIDE_1.18.1/STM32CubeIDE/plugins/com.st.stm32cube.ide.mcu.externaltools.gnu-tools-for-stm32.13.3.rel1.win32_1.0.0.202411081344/tools/bin/../lib/gcc/arm-none-eabi/13.3.1/thumb/v7-m/nofp\libgcc.a(_arm_muldivsf3.o)
                0x08000e1c                __mulsf3
                0x08000e1c                __aeabi_fmul
                0x08000f84                __aeabi_fdiv
                0x08000f84                __divsf3
 .text          0x080010bc       0xec C:/ST/STM32CubeIDE_1.18.1/STM32CubeIDE/plugins/com.st.stm32cube.ide.mcu.externaltools.gnu-tools-for-stm32.13.3.rel1.win32_1.0.0.202411081344/tools/bin/../lib/gcc/arm-none-eabi/13.3.1/thumb/v7-m/nofp\libgcc.a(_arm_cmpsf2.o)
                0x080010bc                __gesf2
                0x080010bc                __gtsf2
                0x080010c4                __lesf2
                0x080010c4                __ltsf2
                0x080010cc                __nesf2
                0x080010cc                __eqsf2
                0x080010cc                __cmpsf2
                0x0800112c                __aeabi_cfrcmple
                0x08001134                __aeabi_cfcmpeq
                0x08001134                __aeabi_cfcmple
                0x08001144                __aeabi_fcmpeq
                0x08001158                __aeabi_fcmplt
                0x0800116c                __aeabi_fcmple
                0x08001180                __aeabi_fcmpge
                0x08001194                __aeabi_fcmpgt
 .text          0x080011a8       0x2c C:/ST/STM32CubeIDE_1.18.1/STM32CubeIDE/plugins/com.st.stm32cube.ide.mcu.externaltools.gnu-tools-for-stm32.13.3.rel1.win32_1.0.0.202411081344/tools/bin/../lib/gcc/arm-none-eabi/13.3.1/thumb/v7-m/nofp\libgcc.a(_arm_unordsf2.o)
                0x080011a8                __unordsf2
                0x080011a8                __aeabi_fcmpun
 .text          0x080011d4       0x4c C:/ST/STM32CubeIDE_1.18.1/STM32CubeIDE/plugins/com.st.stm32cube.ide.mcu.externaltools.gnu-tools-for-stm32.13.3.rel1.win32_1.0.0.202411081344/tools/bin/../lib/gcc/arm-none-eabi/13.3.1/thumb/v7-m/nofp\libgcc.a(_arm_fixsfsi.o)
                0x080011d4                __aeabi_f2iz
                0x080011d4                __fixsfsi
 .text          0x08001220       0x30 C:/ST/STM32CubeIDE_1.18.1/STM32CubeIDE/plugins/com.st.stm32cube.ide.mcu.externaltools.gnu-tools-for-stm32.13.3.rel1.win32_1.0.0.202411081344/tools/bin/../lib/gcc/arm-none-eabi/13.3.1/thumb/v7-m/nofp\libgcc.a(_aeabi_uldivmod.o)
                0x08001220                __aeabi_uldivmod
 .text          0x08001250      0x300 C:/ST/STM32CubeIDE_1.18.1/STM32CubeIDE/plugins/com.st.stm32cube.ide.mcu.externaltools.gnu-tools-for-stm32.13.3.rel1.win32_1.0.0.202411081344/tools/bin/../lib/gcc/arm-none-eabi/13.3.1/thumb/v7-m/nofp\libgcc.a(_udivmoddi4.o)
                0x08001250                __udivmoddi4
 .text          0x08001550        0x4 C:/ST/STM32CubeIDE_1.18.1/STM32CubeIDE/plugins/com.st.stm32cube.ide.mcu.externaltools.gnu-tools-for-stm32.13.3.rel1.win32_1.0.0.202411081344/tools/bin/../lib/gcc/arm-none-eabi/13.3.1/thumb/v7-m/nofp\libgcc.a(_dvmd_tls.o)
                0x08001550                __aeabi_idiv0
                0x08001550                __aeabi_ldiv0
 *(.text*)
 .text._Z13read_float_lePKh
                0x08001554       0x1e ./Core/Inc/Hardware/CanSparkMax.o
                0x08001554                read_float_le(unsigned char const*)
 *fill*         0x08001572        0x2 
 .text._ZN11CanSparkMaxC2Ehb
                0x08001574       0xbc ./Core/Inc/Hardware/CanSparkMax.o
                0x08001574                CanSparkMax::CanSparkMax(unsigned char, bool)
                0x08001574                CanSparkMax::CanSparkMax(unsigned char, bool)
 .text._ZN11CanSparkMax12sendSparkMsgEhhhhPh
                0x08001630       0xd0 ./Core/Inc/Hardware/CanSparkMax.o
                0x08001630                CanSparkMax::sendSparkMsg(unsigned char, unsigned char, unsigned char, unsigned char, unsigned char*)
 .text._ZN11CanSparkMax13sendHeartbeatEv
                0x08001700       0x2c ./Core/Inc/Hardware/CanSparkMax.o
                0x08001700                CanSparkMax::sendHeartbeat()
 .text._ZN11CanSparkMax11setPositionEf
                0x0800172c       0x46 ./Core/Inc/Hardware/CanSparkMax.o
                0x0800172c                CanSparkMax::setPosition(float)
 .text._ZN11CanSparkMax11setVelocityEf
                0x08001772       0x46 ./Core/Inc/Hardware/CanSparkMax.o
                0x08001772                CanSparkMax::setVelocity(float)
 .text._ZN11CanSparkMax11floatToDataEfPh
                0x080017b8       0x1c ./Core/Inc/Hardware/CanSparkMax.o
                0x080017b8                CanSparkMax::floatToData(float, unsigned char*)
 .text._ZN11CanSparkMax14handleFeedbackEhhPKh
                0x080017d4       0x4c ./Core/Inc/Hardware/CanSparkMax.o
                0x080017d4                CanSparkMax::handleFeedback(unsigned char, unsigned char, unsigned char const*)
 .text._ZN11CanSparkMax19getAbsolutePositionEv
                0x08001820       0x16 ./Core/Inc/Hardware/CanSparkMax.o
                0x08001820                CanSparkMax::getAbsolutePosition()
 .text._ZN11CanSparkMax16getDrivePositionEv
                0x08001836       0x16 ./Core/Inc/Hardware/CanSparkMax.o
                0x08001836                CanSparkMax::getDrivePosition()
 .text._ZNK12SwerveModule7getXPosEv
                0x0800184c       0x1a ./Core/Inc/SwerveDrive/SwerveDrive.o
                0x0800184c                SwerveModule::getXPos() const
 .text._ZNK12SwerveModule7getYPosEv
                0x08001866       0x1a ./Core/Inc/SwerveDrive/SwerveDrive.o
                0x08001866                SwerveModule::getYPos() const
 .text._ZNK12SwerveModule18getCurrentAngleRadEv
                0x08001880       0x1a ./Core/Inc/SwerveDrive/SwerveDrive.o
                0x08001880                SwerveModule::getCurrentAngleRad() const
 .text._ZZN11SwerveDriveC4ER17SwerveDriveConfigENKUliRK12SwerveModuleE_clEiS4_
                0x0800189a       0xe2 ./Core/Inc/SwerveDrive/SwerveDrive.o
 .text._ZN11SwerveDriveC2ER17SwerveDriveConfig
                0x0800197c      0x1bc ./Core/Inc/SwerveDrive/SwerveDrive.o
                0x0800197c                SwerveDrive::SwerveDrive(SwerveDriveConfig&)
                0x0800197c                SwerveDrive::SwerveDrive(SwerveDriveConfig&)
 .text._ZN11SwerveDrive11updateStateER16SwerveDriveState
                0x08001b38      0x2c8 ./Core/Inc/SwerveDrive/SwerveDrive.o
                0x08001b38                SwerveDrive::updateState(SwerveDriveState&)
 .text._ZN11SwerveDrive11debug_printEv
                0x08001e00       0x3a ./Core/Inc/SwerveDrive/SwerveDrive.o
                0x08001e00                SwerveDrive::debug_print()
 .text._ZSt5atan2ff
                0x08001e3a       0x1c ./Core/Inc/SwerveDrive/SwerveModule.o
                0x08001e3a                std::atan2(float, float)
 .text._ZSt4sqrtf
                0x08001e56       0x18 ./Core/Inc/SwerveDrive/SwerveModule.o
                0x08001e56                std::sqrt(float)
 *fill*         0x08001e6e        0x2 
 .text._Z8radiansAd
                0x08001e70       0x4c ./Core/Inc/SwerveDrive/SwerveModule.o
                0x08001e70                radiansA(double)
 .text._ZN12SwerveModuleC2E18SwerveModuleConfig
                0x08001ebc       0x92 ./Core/Inc/SwerveDrive/SwerveModule.o
                0x08001ebc                SwerveModule::SwerveModule(SwerveModuleConfig)
                0x08001ebc                SwerveModule::SwerveModule(SwerveModuleConfig)
 .text._ZN12SwerveModule13getDriveDeltaEv
                0x08001f4e       0x72 ./Core/Inc/SwerveDrive/SwerveModule.o
                0x08001f4e                SwerveModule::getDriveDelta()
 .text._ZN12SwerveModule11updateStateE17SwerveModuleState
                0x08001fc0      0x254 ./Core/Inc/SwerveDrive/SwerveModule.o
                0x08001fc0                SwerveModule::updateState(SwerveModuleState)
 .text._ZN12SwerveModule10debugPrintEv
                0x08002214       0x50 ./Core/Inc/SwerveDrive/SwerveModule.o
                0x08002214                SwerveModule::debugPrint()
 *fill*         0x08002264        0x4 
 .text._Z41__static_initialization_and_destruction_0v
                0x08002268       0x84 ./Core/Inc/SwerveDrive/SwerveModule.o
 .text._GLOBAL__sub_I_driveMotorGearRatio
                0x080022ec        0xa ./Core/Inc/SwerveDrive/SwerveModule.o
 *fill*         0x080022f6        0x2 
 .text._Z15InitSwerveDrivev
                0x080022f8      0x1cc ./Core/Src/main.o
                0x080022f8                InitSwerveDrive()
 .text._Z20encode_motor_odom_lePK16MotorOdometryMsgPh
                0x080024c4       0x78 ./Core/Src/main.o
                0x080024c4                encode_motor_odom_le(MotorOdometryMsg const*, unsigned char*)
 .text.main     0x0800253c       0xe4 ./Core/Src/main.o
                0x0800253c                main
 .text._ZL12SendOdometryRK16SwerveDriveState
                0x08002620       0xe4 ./Core/Src/main.o
 *fill*         0x08002704        0x4 
 .text.HAL_CAN_RxFifo0MsgPendingCallback
                0x08002708      0x16c ./Core/Src/main.o
                0x08002708                HAL_CAN_RxFifo0MsgPendingCallback
 .text._ZL12MX_CAN1_Initv
                0x08002874       0xc0 ./Core/Src/main.o
 .text._ZL12MX_CAN2_Initv
                0x08002934       0xa0 ./Core/Src/main.o
 .text._ZL12configFilterP17CAN_HandleTypeDefmm
                0x080029d4       0x70 ./Core/Src/main.o
 .text._ZL12MX_GPIO_Initv
                0x08002a44       0x94 ./Core/Src/main.o
 .text._Z18SystemClock_Configv
                0x08002ad8       0xe4 ./Core/Src/main.o
                0x08002ad8                SystemClock_Config()
 .text.Error_Handler
                0x08002bbc        0xc ./Core/Src/main.o
                0x08002bbc                Error_Handler
 .text.HAL_MspInit
                0x08002bc8       0x64 ./Core/Src/stm32f1xx_hal_msp.o
                0x08002bc8                HAL_MspInit
 .text.HAL_CAN_MspInit
                0x08002c2c      0x1b4 ./Core/Src/stm32f1xx_hal_msp.o
                0x08002c2c                HAL_CAN_MspInit
 .text.NMI_Handler
                0x08002de0        0x8 ./Core/Src/stm32f1xx_it.o
                0x08002de0                NMI_Handler
 .text.HardFault_Handler
                0x08002de8        0x8 ./Core/Src/stm32f1xx_it.o
                0x08002de8                HardFault_Handler
 .text.MemManage_Handler
                0x08002df0        0x8 ./Core/Src/stm32f1xx_it.o
                0x08002df0                MemManage_Handler
 .text.BusFault_Handler
                0x08002df8        0x8 ./Core/Src/stm32f1xx_it.o
                0x08002df8                BusFault_Handler
 .text.UsageFault_Handler
                0x08002e00        0x8 ./Core/Src/stm32f1xx_it.o
                0x08002e00                UsageFault_Handler
 .text.SVC_Handler
                0x08002e08        0xc ./Core/Src/stm32f1xx_it.o
                0x08002e08                SVC_Handler
 .text.DebugMon_Handler
                0x08002e14        0xc ./Core/Src/stm32f1xx_it.o
                0x08002e14                DebugMon_Handler
 .text.PendSV_Handler
                0x08002e20        0xc ./Core/Src/stm32f1xx_it.o
                0x08002e20                PendSV_Handler
 .text.SysTick_Handler
                0x08002e2c        0xc ./Core/Src/stm32f1xx_it.o
                0x08002e2c                SysTick_Handler
 .text.CAN1_TX_IRQHandler
                0x08002e38       0x14 ./Core/Src/stm32f1xx_it.o
                0x08002e38                CAN1_TX_IRQHandler
 .text.CAN1_RX0_IRQHandler
                0x08002e4c       0x14 ./Core/Src/stm32f1xx_it.o
                0x08002e4c                CAN1_RX0_IRQHandler
 .text.CAN2_TX_IRQHandler
                0x08002e60       0x14 ./Core/Src/stm32f1xx_it.o
                0x08002e60                CAN2_TX_IRQHandler
 .text.CAN2_RX0_IRQHandler
                0x08002e74       0x14 ./Core/Src/stm32f1xx_it.o
                0x08002e74                CAN2_RX0_IRQHandler
 .text.OTG_FS_IRQHandler
                0x08002e88       0x14 ./Core/Src/stm32f1xx_it.o
                0x08002e88                OTG_FS_IRQHandler
 .text._getpid  0x08002e9c        0xe ./Core/Src/syscalls.o
                0x08002e9c                _getpid
 .text._kill    0x08002eaa       0x20 ./Core/Src/syscalls.o
                0x08002eaa                _kill
 .text._exit    0x08002eca       0x16 ./Core/Src/syscalls.o
                0x08002eca                _exit
 .text._read    0x08002ee0       0x3a ./Core/Src/syscalls.o
                0x08002ee0                _read
 .text._write   0x08002f1a       0x38 ./Core/Src/syscalls.o
                0x08002f1a                _write
 .text._close   0x08002f52       0x16 ./Core/Src/syscalls.o
                0x08002f52                _close
 .text._fstat   0x08002f68       0x1e ./Core/Src/syscalls.o
                0x08002f68                _fstat
 .text._isatty  0x08002f86       0x14 ./Core/Src/syscalls.o
                0x08002f86                _isatty
 .text._lseek   0x08002f9a       0x18 ./Core/Src/syscalls.o
                0x08002f9a                _lseek
 *fill*         0x08002fb2        0x2 
 .text._sbrk    0x08002fb4       0x6c ./Core/Src/sysmem.o
                0x08002fb4                _sbrk
 .text.SystemInit
                0x08003020        0xc ./Core/Src/system_stm32f1xx.o
                0x08003020                SystemInit
 .text.Reset_Handler
                0x0800302c       0x48 ./Core/Startup/startup_stm32f105r8tx.o
                0x0800302c                Reset_Handler
 .text.Default_Handler
                0x08003074        0x2 ./Core/Startup/startup_stm32f105r8tx.o
                0x08003074                RTC_Alarm_IRQHandler
                0x08003074                EXTI2_IRQHandler
                0x08003074                TIM1_CC_IRQHandler
                0x08003074                TIM6_IRQHandler
                0x08003074                PVD_IRQHandler
                0x08003074                CAN2_RX1_IRQHandler
                0x08003074                EXTI3_IRQHandler
                0x08003074                EXTI0_IRQHandler
                0x08003074                I2C2_EV_IRQHandler
                0x08003074                CAN2_SCE_IRQHandler
                0x08003074                ADC1_2_IRQHandler
                0x08003074                SPI1_IRQHandler
                0x08003074                TAMPER_IRQHandler
                0x08003074                DMA2_Channel2_IRQHandler
                0x08003074                DMA1_Channel4_IRQHandler
                0x08003074                USART3_IRQHandler
                0x08003074                RTC_IRQHandler
                0x08003074                DMA1_Channel7_IRQHandler
                0x08003074                CAN1_RX1_IRQHandler
                0x08003074                UART5_IRQHandler
                0x08003074                TIM4_IRQHandler
                0x08003074                DMA2_Channel1_IRQHandler
                0x08003074                I2C1_EV_IRQHandler
                0x08003074                DMA1_Channel6_IRQHandler
                0x08003074                UART4_IRQHandler
                0x08003074                DMA2_Channel4_IRQHandler
                0x08003074                TIM3_IRQHandler
                0x08003074                RCC_IRQHandler
                0x08003074                TIM1_TRG_COM_IRQHandler
                0x08003074                DMA1_Channel1_IRQHandler
                0x08003074                Default_Handler
                0x08003074                EXTI15_10_IRQHandler
                0x08003074                TIM7_IRQHandler
                0x08003074                TIM5_IRQHandler
                0x08003074                EXTI9_5_IRQHandler
                0x08003074                SPI2_IRQHandler
                0x08003074                DMA2_Channel5_IRQHandler
                0x08003074                DMA1_Channel5_IRQHandler
                0x08003074                EXTI4_IRQHandler
                0x08003074                DMA1_Channel3_IRQHandler
                0x08003074                TIM1_UP_IRQHandler
                0x08003074                WWDG_IRQHandler
                0x08003074                TIM2_IRQHandler
                0x08003074                OTG_FS_WKUP_IRQHandler
                0x08003074                TIM1_BRK_IRQHandler
                0x08003074                EXTI1_IRQHandler
                0x08003074                USART2_IRQHandler
                0x08003074                I2C2_ER_IRQHandler
                0x08003074                DMA1_Channel2_IRQHandler
                0x08003074                CAN1_SCE_IRQHandler
                0x08003074                FLASH_IRQHandler
                0x08003074                USART1_IRQHandler
                0x08003074                SPI3_IRQHandler
                0x08003074                I2C1_ER_IRQHandler
                0x08003074                DMA2_Channel3_IRQHandler
 *fill*         0x08003076        0x2 
 .text.HAL_Init
                0x08003078       0x2c ./Drivers/STM32F1xx_HAL_Driver/Src/stm32f1xx_hal.o
                0x08003078                HAL_Init
 .text.HAL_InitTick
                0x080030a4       0x60 ./Drivers/STM32F1xx_HAL_Driver/Src/stm32f1xx_hal.o
                0x080030a4                HAL_InitTick
 .text.HAL_IncTick
                0x08003104       0x24 ./Drivers/STM32F1xx_HAL_Driver/Src/stm32f1xx_hal.o
                0x08003104                HAL_IncTick
 .text.HAL_GetTick
                0x08003128       0x14 ./Drivers/STM32F1xx_HAL_Driver/Src/stm32f1xx_hal.o
                0x08003128                HAL_GetTick
 .text.HAL_Delay
                0x0800313c       0x48 ./Drivers/STM32F1xx_HAL_Driver/Src/stm32f1xx_hal.o
                0x0800313c                HAL_Delay
 .text.HAL_CAN_Init
                0x08003184      0x1f6 ./Drivers/STM32F1xx_HAL_Driver/Src/stm32f1xx_hal_can.o
                0x08003184                HAL_CAN_Init
 *fill*         0x0800337a        0x2 
 .text.HAL_CAN_ConfigFilter
                0x0800337c      0x1c0 ./Drivers/STM32F1xx_HAL_Driver/Src/stm32f1xx_hal_can.o
                0x0800337c                HAL_CAN_ConfigFilter
 .text.HAL_CAN_Start
                0x0800353c       0x88 ./Drivers/STM32F1xx_HAL_Driver/Src/stm32f1xx_hal_can.o
                0x0800353c                HAL_CAN_Start
 .text.HAL_CAN_AddTxMessage
                0x080035c4      0x19e ./Drivers/STM32F1xx_HAL_Driver/Src/stm32f1xx_hal_can.o
                0x080035c4                HAL_CAN_AddTxMessage
 .text.HAL_CAN_GetTxMailboxesFreeLevel
                0x08003762       0x68 ./Drivers/STM32F1xx_HAL_Driver/Src/stm32f1xx_hal_can.o
                0x08003762                HAL_CAN_GetTxMailboxesFreeLevel
 .text.HAL_CAN_GetRxMessage
                0x080037ca      0x242 ./Drivers/STM32F1xx_HAL_Driver/Src/stm32f1xx_hal_can.o
                0x080037ca                HAL_CAN_GetRxMessage
 .text.HAL_CAN_ActivateNotification
                0x08003a0c       0x4a ./Drivers/STM32F1xx_HAL_Driver/Src/stm32f1xx_hal_can.o
                0x08003a0c                HAL_CAN_ActivateNotification
 .text.HAL_CAN_IRQHandler
                0x08003a56      0x36e ./Drivers/STM32F1xx_HAL_Driver/Src/stm32f1xx_hal_can.o
                0x08003a56                HAL_CAN_IRQHandler
 .text.HAL_CAN_TxMailbox0CompleteCallback
                0x08003dc4       0x12 ./Drivers/STM32F1xx_HAL_Driver/Src/stm32f1xx_hal_can.o
                0x08003dc4                HAL_CAN_TxMailbox0CompleteCallback
 .text.HAL_CAN_TxMailbox1CompleteCallback
                0x08003dd6       0x12 ./Drivers/STM32F1xx_HAL_Driver/Src/stm32f1xx_hal_can.o
                0x08003dd6                HAL_CAN_TxMailbox1CompleteCallback
 .text.HAL_CAN_TxMailbox2CompleteCallback
                0x08003de8       0x12 ./Drivers/STM32F1xx_HAL_Driver/Src/stm32f1xx_hal_can.o
                0x08003de8                HAL_CAN_TxMailbox2CompleteCallback
 .text.HAL_CAN_TxMailbox0AbortCallback
                0x08003dfa       0x12 ./Drivers/STM32F1xx_HAL_Driver/Src/stm32f1xx_hal_can.o
                0x08003dfa                HAL_CAN_TxMailbox0AbortCallback
 .text.HAL_CAN_TxMailbox1AbortCallback
                0x08003e0c       0x12 ./Drivers/STM32F1xx_HAL_Driver/Src/stm32f1xx_hal_can.o
                0x08003e0c                HAL_CAN_TxMailbox1AbortCallback
 .text.HAL_CAN_TxMailbox2AbortCallback
                0x08003e1e       0x12 ./Drivers/STM32F1xx_HAL_Driver/Src/stm32f1xx_hal_can.o
                0x08003e1e                HAL_CAN_TxMailbox2AbortCallback
 .text.HAL_CAN_RxFifo0FullCallback
                0x08003e30       0x12 ./Drivers/STM32F1xx_HAL_Driver/Src/stm32f1xx_hal_can.o
                0x08003e30                HAL_CAN_RxFifo0FullCallback
 .text.HAL_CAN_RxFifo1MsgPendingCallback
                0x08003e42       0x12 ./Drivers/STM32F1xx_HAL_Driver/Src/stm32f1xx_hal_can.o
                0x08003e42                HAL_CAN_RxFifo1MsgPendingCallback
 .text.HAL_CAN_RxFifo1FullCallback
                0x08003e54       0x12 ./Drivers/STM32F1xx_HAL_Driver/Src/stm32f1xx_hal_can.o
                0x08003e54                HAL_CAN_RxFifo1FullCallback
 .text.HAL_CAN_SleepCallback
                0x08003e66       0x12 ./Drivers/STM32F1xx_HAL_Driver/Src/stm32f1xx_hal_can.o
                0x08003e66                HAL_CAN_SleepCallback
 .text.HAL_CAN_WakeUpFromRxMsgCallback
                0x08003e78       0x12 ./Drivers/STM32F1xx_HAL_Driver/Src/stm32f1xx_hal_can.o
                0x08003e78                HAL_CAN_WakeUpFromRxMsgCallback
 .text.HAL_CAN_ErrorCallback
                0x08003e8a       0x12 ./Drivers/STM32F1xx_HAL_Driver/Src/stm32f1xx_hal_can.o
                0x08003e8a                HAL_CAN_ErrorCallback
 .text.HAL_CAN_GetError
                0x08003e9c       0x16 ./Drivers/STM32F1xx_HAL_Driver/Src/stm32f1xx_hal_can.o
                0x08003e9c                HAL_CAN_GetError
 *fill*         0x08003eb2        0x2 
 .text.__NVIC_SetPriorityGrouping
                0x08003eb4       0x48 ./Drivers/STM32F1xx_HAL_Driver/Src/stm32f1xx_hal_cortex.o
 .text.__NVIC_GetPriorityGrouping
                0x08003efc       0x1c ./Drivers/STM32F1xx_HAL_Driver/Src/stm32f1xx_hal_cortex.o
 .text.__NVIC_EnableIRQ
                0x08003f18       0x38 ./Drivers/STM32F1xx_HAL_Driver/Src/stm32f1xx_hal_cortex.o
 .text.__NVIC_SetPriority
                0x08003f50       0x54 ./Drivers/STM32F1xx_HAL_Driver/Src/stm32f1xx_hal_cortex.o
 .text.NVIC_EncodePriority
                0x08003fa4       0x64 ./Drivers/STM32F1xx_HAL_Driver/Src/stm32f1xx_hal_cortex.o
 .text.SysTick_Config
                0x08004008       0x44 ./Drivers/STM32F1xx_HAL_Driver/Src/stm32f1xx_hal_cortex.o
 .text.HAL_NVIC_SetPriorityGrouping
                0x0800404c       0x16 ./Drivers/STM32F1xx_HAL_Driver/Src/stm32f1xx_hal_cortex.o
                0x0800404c                HAL_NVIC_SetPriorityGrouping
 .text.HAL_NVIC_SetPriority
                0x08004062       0x38 ./Drivers/STM32F1xx_HAL_Driver/Src/stm32f1xx_hal_cortex.o
                0x08004062                HAL_NVIC_SetPriority
 .text.HAL_NVIC_EnableIRQ
                0x0800409a       0x1c ./Drivers/STM32F1xx_HAL_Driver/Src/stm32f1xx_hal_cortex.o
                0x0800409a                HAL_NVIC_EnableIRQ
 .text.HAL_SYSTICK_Config
                0x080040b6       0x18 ./Drivers/STM32F1xx_HAL_Driver/Src/stm32f1xx_hal_cortex.o
                0x080040b6                HAL_SYSTICK_Config
 *fill*         0x080040ce        0x2 
 .text.HAL_GPIO_Init
                0x080040d0      0x308 ./Drivers/STM32F1xx_HAL_Driver/Src/stm32f1xx_hal_gpio.o
                0x080040d0                HAL_GPIO_Init
 .text.HAL_GPIO_WritePin
                0x080043d8       0x30 ./Drivers/STM32F1xx_HAL_Driver/Src/stm32f1xx_hal_gpio.o
                0x080043d8                HAL_GPIO_WritePin
 .text.HAL_GPIO_TogglePin
                0x08004408       0x32 ./Drivers/STM32F1xx_HAL_Driver/Src/stm32f1xx_hal_gpio.o
                0x08004408                HAL_GPIO_TogglePin
 .text.HAL_PCD_Init
                0x0800443a      0x210 ./Drivers/STM32F1xx_HAL_Driver/Src/stm32f1xx_hal_pcd.o
                0x0800443a                HAL_PCD_Init
 .text.HAL_PCD_Start
                0x0800464a       0x44 ./Drivers/STM32F1xx_HAL_Driver/Src/stm32f1xx_hal_pcd.o
                0x0800464a                HAL_PCD_Start
 .text.HAL_PCD_IRQHandler
                0x0800468e      0x8b6 ./Drivers/STM32F1xx_HAL_Driver/Src/stm32f1xx_hal_pcd.o
                0x0800468e                HAL_PCD_IRQHandler
 .text.HAL_PCD_SetAddress
                0x08004f44       0x48 ./Drivers/STM32F1xx_HAL_Driver/Src/stm32f1xx_hal_pcd.o
                0x08004f44                HAL_PCD_SetAddress
 .text.HAL_PCD_EP_Open
                0x08004f8c       0xd0 ./Drivers/STM32F1xx_HAL_Driver/Src/stm32f1xx_hal_pcd.o
                0x08004f8c                HAL_PCD_EP_Open
 .text.HAL_PCD_EP_Close
                0x0800505c       0x94 ./Drivers/STM32F1xx_HAL_Driver/Src/stm32f1xx_hal_pcd.o
                0x0800505c                HAL_PCD_EP_Close
 .text.HAL_PCD_EP_Receive
                0x080050f0       0x64 ./Drivers/STM32F1xx_HAL_Driver/Src/stm32f1xx_hal_pcd.o
                0x080050f0                HAL_PCD_EP_Receive
 .text.HAL_PCD_EP_GetRxCount
                0x08005154       0x2e ./Drivers/STM32F1xx_HAL_Driver/Src/stm32f1xx_hal_pcd.o
                0x08005154                HAL_PCD_EP_GetRxCount
 .text.HAL_PCD_EP_Transmit
                0x08005182       0x62 ./Drivers/STM32F1xx_HAL_Driver/Src/stm32f1xx_hal_pcd.o
                0x08005182                HAL_PCD_EP_Transmit
 .text.HAL_PCD_EP_SetStall
                0x080051e4       0xc4 ./Drivers/STM32F1xx_HAL_Driver/Src/stm32f1xx_hal_pcd.o
                0x080051e4                HAL_PCD_EP_SetStall
 .text.HAL_PCD_EP_ClrStall
                0x080052a8       0xac ./Drivers/STM32F1xx_HAL_Driver/Src/stm32f1xx_hal_pcd.o
                0x080052a8                HAL_PCD_EP_ClrStall
 .text.HAL_PCD_EP_Abort
                0x08005354       0x62 ./Drivers/STM32F1xx_HAL_Driver/Src/stm32f1xx_hal_pcd.o
                0x08005354                HAL_PCD_EP_Abort
 .text.PCD_WriteEmptyTxFifo
                0x080053b6      0x110 ./Drivers/STM32F1xx_HAL_Driver/Src/stm32f1xx_hal_pcd.o
 *fill*         0x080054c6        0x2 
 .text.PCD_EP_OutXfrComplete_int
                0x080054c8       0x9c ./Drivers/STM32F1xx_HAL_Driver/Src/stm32f1xx_hal_pcd.o
 .text.PCD_EP_OutSetupPacket_int
                0x08005564       0x68 ./Drivers/STM32F1xx_HAL_Driver/Src/stm32f1xx_hal_pcd.o
 .text.HAL_PCDEx_SetTxFiFo
                0x080055cc       0x8c ./Drivers/STM32F1xx_HAL_Driver/Src/stm32f1xx_hal_pcd_ex.o
                0x080055cc                HAL_PCDEx_SetTxFiFo
 .text.HAL_PCDEx_SetRxFiFo
                0x08005658       0x20 ./Drivers/STM32F1xx_HAL_Driver/Src/stm32f1xx_hal_pcd_ex.o
                0x08005658                HAL_PCDEx_SetRxFiFo
 .text.HAL_RCC_OscConfig
                0x08005678      0x62c ./Drivers/STM32F1xx_HAL_Driver/Src/stm32f1xx_hal_rcc.o
                0x08005678                HAL_RCC_OscConfig
 .text.HAL_RCC_ClockConfig
                0x08005ca4      0x1d4 ./Drivers/STM32F1xx_HAL_Driver/Src/stm32f1xx_hal_rcc.o
                0x08005ca4                HAL_RCC_ClockConfig
 .text.HAL_RCC_GetSysClockFreq
                0x08005e78      0x1e8 ./Drivers/STM32F1xx_HAL_Driver/Src/stm32f1xx_hal_rcc.o
                0x08005e78                HAL_RCC_GetSysClockFreq
 .text.HAL_RCC_GetHCLKFreq
                0x08006060       0x14 ./Drivers/STM32F1xx_HAL_Driver/Src/stm32f1xx_hal_rcc.o
                0x08006060                HAL_RCC_GetHCLKFreq
 .text.RCC_Delay
                0x08006074       0x3c ./Drivers/STM32F1xx_HAL_Driver/Src/stm32f1xx_hal_rcc.o
 .text.HAL_RCCEx_PeriphCLKConfig
                0x080060b0      0x264 ./Drivers/STM32F1xx_HAL_Driver/Src/stm32f1xx_hal_rcc_ex.o
                0x080060b0                HAL_RCCEx_PeriphCLKConfig
 .text.USB_CoreInit
                0x08006314       0x44 ./Drivers/STM32F1xx_HAL_Driver/Src/stm32f1xx_ll_usb.o
                0x08006314                USB_CoreInit
 .text.USB_SetTurnaroundTime
                0x08006358      0x138 ./Drivers/STM32F1xx_HAL_Driver/Src/stm32f1xx_ll_usb.o
                0x08006358                USB_SetTurnaroundTime
 .text.USB_EnableGlobalInt
                0x08006490       0x20 ./Drivers/STM32F1xx_HAL_Driver/Src/stm32f1xx_ll_usb.o
                0x08006490                USB_EnableGlobalInt
 .text.USB_DisableGlobalInt
                0x080064b0       0x20 ./Drivers/STM32F1xx_HAL_Driver/Src/stm32f1xx_ll_usb.o
                0x080064b0                USB_DisableGlobalInt
 .text.USB_SetCurrentMode
                0x080064d0       0x98 ./Drivers/STM32F1xx_HAL_Driver/Src/stm32f1xx_ll_usb.o
                0x080064d0                USB_SetCurrentMode
 .text.USB_DevInit
                0x08006568      0x250 ./Drivers/STM32F1xx_HAL_Driver/Src/stm32f1xx_ll_usb.o
                0x08006568                USB_DevInit
 .text.USB_FlushTxFifo
                0x080067b8       0x62 ./Drivers/STM32F1xx_HAL_Driver/Src/stm32f1xx_ll_usb.o
                0x080067b8                USB_FlushTxFifo
 .text.USB_FlushRxFifo
                0x0800681a       0x5a ./Drivers/STM32F1xx_HAL_Driver/Src/stm32f1xx_ll_usb.o
                0x0800681a                USB_FlushRxFifo
 .text.USB_SetDevSpeed
                0x08006874       0x30 ./Drivers/STM32F1xx_HAL_Driver/Src/stm32f1xx_ll_usb.o
                0x08006874                USB_SetDevSpeed
 .text.USB_GetDevSpeed
                0x080068a4       0x3c ./Drivers/STM32F1xx_HAL_Driver/Src/stm32f1xx_ll_usb.o
                0x080068a4                USB_GetDevSpeed
 .text.USB_ActivateEndpoint
                0x080068e0      0x10c ./Drivers/STM32F1xx_HAL_Driver/Src/stm32f1xx_ll_usb.o
                0x080068e0                USB_ActivateEndpoint
 .text.USB_DeactivateEndpoint
                0x080069ec      0x1b8 ./Drivers/STM32F1xx_HAL_Driver/Src/stm32f1xx_ll_usb.o
                0x080069ec                USB_DeactivateEndpoint
 .text.USB_EPStartXfer
                0x08006ba4      0x464 ./Drivers/STM32F1xx_HAL_Driver/Src/stm32f1xx_ll_usb.o
                0x08006ba4                USB_EPStartXfer
 .text.USB_EPStopXfer
                0x08007008      0x152 ./Drivers/STM32F1xx_HAL_Driver/Src/stm32f1xx_ll_usb.o
                0x08007008                USB_EPStopXfer
 .text.USB_WritePacket
                0x0800715a       0x72 ./Drivers/STM32F1xx_HAL_Driver/Src/stm32f1xx_ll_usb.o
                0x0800715a                USB_WritePacket
 .text.USB_ReadPacket
                0x080071cc       0xae ./Drivers/STM32F1xx_HAL_Driver/Src/stm32f1xx_ll_usb.o
                0x080071cc                USB_ReadPacket
 .text.USB_EPSetStall
                0x0800727a       0xda ./Drivers/STM32F1xx_HAL_Driver/Src/stm32f1xx_ll_usb.o
                0x0800727a                USB_EPSetStall
 .text.USB_EPClearStall
                0x08007354       0xca ./Drivers/STM32F1xx_HAL_Driver/Src/stm32f1xx_ll_usb.o
                0x08007354                USB_EPClearStall
 .text.USB_SetDevAddress
                0x0800741e       0x4a ./Drivers/STM32F1xx_HAL_Driver/Src/stm32f1xx_ll_usb.o
                0x0800741e                USB_SetDevAddress
 .text.USB_DevConnect
                0x08007468       0x40 ./Drivers/STM32F1xx_HAL_Driver/Src/stm32f1xx_ll_usb.o
                0x08007468                USB_DevConnect
 .text.USB_DevDisconnect
                0x080074a8       0x40 ./Drivers/STM32F1xx_HAL_Driver/Src/stm32f1xx_ll_usb.o
                0x080074a8                USB_DevDisconnect
 .text.USB_ReadInterrupts
                0x080074e8       0x24 ./Drivers/STM32F1xx_HAL_Driver/Src/stm32f1xx_ll_usb.o
                0x080074e8                USB_ReadInterrupts
 .text.USB_ReadDevAllOutEpInterrupt
                0x0800750c       0x32 ./Drivers/STM32F1xx_HAL_Driver/Src/stm32f1xx_ll_usb.o
                0x0800750c                USB_ReadDevAllOutEpInterrupt
 .text.USB_ReadDevAllInEpInterrupt
                0x0800753e       0x32 ./Drivers/STM32F1xx_HAL_Driver/Src/stm32f1xx_ll_usb.o
                0x0800753e                USB_ReadDevAllInEpInterrupt
 .text.USB_ReadDevOutEPInterrupt
                0x08007570       0x3a ./Drivers/STM32F1xx_HAL_Driver/Src/stm32f1xx_ll_usb.o
                0x08007570                USB_ReadDevOutEPInterrupt
 .text.USB_ReadDevInEPInterrupt
                0x080075aa       0x5a ./Drivers/STM32F1xx_HAL_Driver/Src/stm32f1xx_ll_usb.o
                0x080075aa                USB_ReadDevInEPInterrupt
 .text.USB_GetMode
                0x08007604       0x1a ./Drivers/STM32F1xx_HAL_Driver/Src/stm32f1xx_ll_usb.o
                0x08007604                USB_GetMode
 .text.USB_ActivateSetup
                0x0800761e       0x44 ./Drivers/STM32F1xx_HAL_Driver/Src/stm32f1xx_ll_usb.o
                0x0800761e                USB_ActivateSetup
 *fill*         0x08007662        0x2 
 .text.USB_EP0_OutStart
                0x08007664       0x90 ./Drivers/STM32F1xx_HAL_Driver/Src/stm32f1xx_ll_usb.o
                0x08007664                USB_EP0_OutStart
 .text.USB_CoreReset
                0x080076f4       0x60 ./Drivers/STM32F1xx_HAL_Driver/Src/stm32f1xx_ll_usb.o
 .text.USBD_CDC_Init
                0x08007754       0xf4 ./Middlewares/ST/STM32_USB_Device_Library/Class/CDC/Src/usbd_cdc.o
 .text.USBD_CDC_DeInit
                0x08007848       0x6e ./Middlewares/ST/STM32_USB_Device_Library/Class/CDC/Src/usbd_cdc.o
 .text.USBD_CDC_Setup
                0x080078b6      0x146 ./Middlewares/ST/STM32_USB_Device_Library/Class/CDC/Src/usbd_cdc.o
 .text.USBD_CDC_DataIn
                0x080079fc       0xa6 ./Middlewares/ST/STM32_USB_Device_Library/Class/CDC/Src/usbd_cdc.o
 .text.USBD_CDC_DataOut
                0x08007aa2       0x56 ./Middlewares/ST/STM32_USB_Device_Library/Class/CDC/Src/usbd_cdc.o
 .text.USBD_CDC_EP0_RxReady
                0x08007af8       0x4e ./Middlewares/ST/STM32_USB_Device_Library/Class/CDC/Src/usbd_cdc.o
 *fill*         0x08007b46        0x2 
 .text.USBD_CDC_GetFSCfgDesc
                0x08007b48       0x20 ./Middlewares/ST/STM32_USB_Device_Library/Class/CDC/Src/usbd_cdc.o
 .text.USBD_CDC_GetHSCfgDesc
                0x08007b68       0x20 ./Middlewares/ST/STM32_USB_Device_Library/Class/CDC/Src/usbd_cdc.o
 .text.USBD_CDC_GetOtherSpeedCfgDesc
                0x08007b88       0x20 ./Middlewares/ST/STM32_USB_Device_Library/Class/CDC/Src/usbd_cdc.o
 .text.USBD_CDC_GetDeviceQualifierDescriptor
                0x08007ba8       0x20 ./Middlewares/ST/STM32_USB_Device_Library/Class/CDC/Src/usbd_cdc.o
                0x08007ba8                USBD_CDC_GetDeviceQualifierDescriptor
 .text.USBD_CDC_RegisterInterface
                0x08007bc8       0x2c ./Middlewares/ST/STM32_USB_Device_Library/Class/CDC/Src/usbd_cdc.o
                0x08007bc8                USBD_CDC_RegisterInterface
 .text.USBD_CDC_SetTxBuffer
                0x08007bf4       0x32 ./Middlewares/ST/STM32_USB_Device_Library/Class/CDC/Src/usbd_cdc.o
                0x08007bf4                USBD_CDC_SetTxBuffer
 .text.USBD_CDC_SetRxBuffer
                0x08007c26       0x26 ./Middlewares/ST/STM32_USB_Device_Library/Class/CDC/Src/usbd_cdc.o
                0x08007c26                USBD_CDC_SetRxBuffer
 .text.USBD_CDC_TransmitPacket
                0x08007c4c       0x5e ./Middlewares/ST/STM32_USB_Device_Library/Class/CDC/Src/usbd_cdc.o
                0x08007c4c                USBD_CDC_TransmitPacket
 .text.USBD_CDC_ReceivePacket
                0x08007caa       0x54 ./Middlewares/ST/STM32_USB_Device_Library/Class/CDC/Src/usbd_cdc.o
                0x08007caa                USBD_CDC_ReceivePacket
 .text.USBD_Init
                0x08007cfe       0x56 ./Middlewares/ST/STM32_USB_Device_Library/Core/Src/usbd_core.o
                0x08007cfe                USBD_Init
 .text.USBD_RegisterClass
                0x08007d54       0x32 ./Middlewares/ST/STM32_USB_Device_Library/Core/Src/usbd_core.o
                0x08007d54                USBD_RegisterClass
 .text.USBD_Start
                0x08007d86       0x18 ./Middlewares/ST/STM32_USB_Device_Library/Core/Src/usbd_core.o
                0x08007d86                USBD_Start
 .text.USBD_RunTestMode
                0x08007d9e       0x14 ./Middlewares/ST/STM32_USB_Device_Library/Core/Src/usbd_core.o
                0x08007d9e                USBD_RunTestMode
 .text.USBD_SetClassConfig
                0x08007db2       0x3e ./Middlewares/ST/STM32_USB_Device_Library/Core/Src/usbd_core.o
                0x08007db2                USBD_SetClassConfig
 .text.USBD_ClrClassConfig
                0x08007df0       0x26 ./Middlewares/ST/STM32_USB_Device_Library/Core/Src/usbd_core.o
                0x08007df0                USBD_ClrClassConfig
 .text.USBD_LL_SetupStage
                0x08007e16       0x9a ./Middlewares/ST/STM32_USB_Device_Library/Core/Src/usbd_core.o
                0x08007e16                USBD_LL_SetupStage
 .text.USBD_LL_DataOutStage
                0x08007eb0       0xe2 ./Middlewares/ST/STM32_USB_Device_Library/Core/Src/usbd_core.o
                0x08007eb0                USBD_LL_DataOutStage
 .text.USBD_LL_DataInStage
                0x08007f92      0x14a ./Middlewares/ST/STM32_USB_Device_Library/Core/Src/usbd_core.o
                0x08007f92                USBD_LL_DataInStage
 .text.USBD_LL_Reset
                0x080080dc       0x82 ./Middlewares/ST/STM32_USB_Device_Library/Core/Src/usbd_core.o
                0x080080dc                USBD_LL_Reset
 .text.USBD_LL_SetSpeed
                0x0800815e       0x1e ./Middlewares/ST/STM32_USB_Device_Library/Core/Src/usbd_core.o
                0x0800815e                USBD_LL_SetSpeed
 .text.USBD_LL_Suspend
                0x0800817c       0x28 ./Middlewares/ST/STM32_USB_Device_Library/Core/Src/usbd_core.o
                0x0800817c                USBD_LL_Suspend
 .text.USBD_LL_Resume
                0x080081a4       0x2a ./Middlewares/ST/STM32_USB_Device_Library/Core/Src/usbd_core.o
                0x080081a4                USBD_LL_Resume
 .text.USBD_LL_SOF
                0x080081ce       0x34 ./Middlewares/ST/STM32_USB_Device_Library/Core/Src/usbd_core.o
                0x080081ce                USBD_LL_SOF
 .text.USBD_LL_IsoINIncomplete
                0x08008202       0x18 ./Middlewares/ST/STM32_USB_Device_Library/Core/Src/usbd_core.o
                0x08008202                USBD_LL_IsoINIncomplete
 .text.USBD_LL_IsoOUTIncomplete
                0x0800821a       0x18 ./Middlewares/ST/STM32_USB_Device_Library/Core/Src/usbd_core.o
                0x0800821a                USBD_LL_IsoOUTIncomplete
 .text.USBD_LL_DevConnected
                0x08008232       0x14 ./Middlewares/ST/STM32_USB_Device_Library/Core/Src/usbd_core.o
                0x08008232                USBD_LL_DevConnected
 .text.USBD_LL_DevDisconnected
                0x08008246       0x2e ./Middlewares/ST/STM32_USB_Device_Library/Core/Src/usbd_core.o
                0x08008246                USBD_LL_DevDisconnected
 .text.USBD_StdDevReq
                0x08008274       0xd4 ./Middlewares/ST/STM32_USB_Device_Library/Core/Src/usbd_ctlreq.o
                0x08008274                USBD_StdDevReq
 .text.USBD_StdItfReq
                0x08008348       0x90 ./Middlewares/ST/STM32_USB_Device_Library/Core/Src/usbd_ctlreq.o
                0x08008348                USBD_StdItfReq
 .text.USBD_StdEPReq
                0x080083d8      0x2c6 ./Middlewares/ST/STM32_USB_Device_Library/Core/Src/usbd_ctlreq.o
                0x080083d8                USBD_StdEPReq
 *fill*         0x0800869e        0x2 
 .text.USBD_GetDescriptor
                0x080086a0      0x2d0 ./Middlewares/ST/STM32_USB_Device_Library/Core/Src/usbd_ctlreq.o
 .text.USBD_SetAddress
                0x08008970       0x86 ./Middlewares/ST/STM32_USB_Device_Library/Core/Src/usbd_ctlreq.o
 *fill*         0x080089f6        0x2 
 .text.USBD_SetConfig
                0x080089f8      0x11c ./Middlewares/ST/STM32_USB_Device_Library/Core/Src/usbd_ctlreq.o
 .text.USBD_GetConfig
                0x08008b14       0x6a ./Middlewares/ST/STM32_USB_Device_Library/Core/Src/usbd_ctlreq.o
 .text.USBD_GetStatus
                0x08008b7e       0x66 ./Middlewares/ST/STM32_USB_Device_Library/Core/Src/usbd_ctlreq.o
 .text.USBD_SetFeature
                0x08008be4       0x28 ./Middlewares/ST/STM32_USB_Device_Library/Core/Src/usbd_ctlreq.o
 .text.USBD_ClrFeature
                0x08008c0c       0x42 ./Middlewares/ST/STM32_USB_Device_Library/Core/Src/usbd_ctlreq.o
 .text.USBD_ParseSetupRequest
                0x08008c4e       0x72 ./Middlewares/ST/STM32_USB_Device_Library/Core/Src/usbd_ctlreq.o
                0x08008c4e                USBD_ParseSetupRequest
 .text.USBD_CtlError
                0x08008cc0       0x22 ./Middlewares/ST/STM32_USB_Device_Library/Core/Src/usbd_ctlreq.o
                0x08008cc0                USBD_CtlError
 .text.USBD_GetString
                0x08008ce2       0x84 ./Middlewares/ST/STM32_USB_Device_Library/Core/Src/usbd_ctlreq.o
                0x08008ce2                USBD_GetString
 .text.USBD_GetLen
                0x08008d66       0x2e ./Middlewares/ST/STM32_USB_Device_Library/Core/Src/usbd_ctlreq.o
 .text.USBD_CtlSendData
                0x08008d94       0x38 ./Middlewares/ST/STM32_USB_Device_Library/Core/Src/usbd_ioreq.o
                0x08008d94                USBD_CtlSendData
 .text.USBD_CtlContinueSendData
                0x08008dcc       0x24 ./Middlewares/ST/STM32_USB_Device_Library/Core/Src/usbd_ioreq.o
                0x08008dcc                USBD_CtlContinueSendData
 .text.USBD_CtlPrepareRx
                0x08008df0       0x3c ./Middlewares/ST/STM32_USB_Device_Library/Core/Src/usbd_ioreq.o
                0x08008df0                USBD_CtlPrepareRx
 .text.USBD_CtlContinueRx
                0x08008e2c       0x24 ./Middlewares/ST/STM32_USB_Device_Library/Core/Src/usbd_ioreq.o
                0x08008e2c                USBD_CtlContinueRx
 .text.USBD_CtlSendStatus
                0x08008e50       0x26 ./Middlewares/ST/STM32_USB_Device_Library/Core/Src/usbd_ioreq.o
                0x08008e50                USBD_CtlSendStatus
 .text.USBD_CtlReceiveStatus
                0x08008e76       0x26 ./Middlewares/ST/STM32_USB_Device_Library/Core/Src/usbd_ioreq.o
                0x08008e76                USBD_CtlReceiveStatus
 .text.MX_USB_DEVICE_Init
                0x08008e9c       0x60 ./USB_DEVICE/App/usb_device.o
                0x08008e9c                MX_USB_DEVICE_Init
 .text.CDC_Init_FS
                0x08008efc       0x28 ./USB_DEVICE/App/usbd_cdc_if.o
 .text.CDC_DeInit_FS
                0x08008f24        0xe ./USB_DEVICE/App/usbd_cdc_if.o
 *fill*         0x08008f32        0x2 
 .text.CDC_Control_FS
                0x08008f34       0xbc ./USB_DEVICE/App/usbd_cdc_if.o
 .text.CDC_Receive_FS
                0x08008ff0       0x28 ./USB_DEVICE/App/usbd_cdc_if.o
 .text.CDC_Transmit_FS
                0x08009018       0x4c ./USB_DEVICE/App/usbd_cdc_if.o
                0x08009018                CDC_Transmit_FS
 .text.USBD_FS_DeviceDescriptor
                0x08009064       0x24 ./USB_DEVICE/App/usbd_desc.o
                0x08009064                USBD_FS_DeviceDescriptor
 .text.USBD_FS_LangIDStrDescriptor
                0x08009088       0x24 ./USB_DEVICE/App/usbd_desc.o
                0x08009088                USBD_FS_LangIDStrDescriptor
 .text.USBD_FS_ProductStrDescriptor
                0x080090ac       0x3c ./USB_DEVICE/App/usbd_desc.o
                0x080090ac                USBD_FS_ProductStrDescriptor
 .text.USBD_FS_ManufacturerStrDescriptor
                0x080090e8       0x28 ./USB_DEVICE/App/usbd_desc.o
                0x080090e8                USBD_FS_ManufacturerStrDescriptor
 .text.USBD_FS_SerialStrDescriptor
                0x08009110       0x24 ./USB_DEVICE/App/usbd_desc.o
                0x08009110                USBD_FS_SerialStrDescriptor
 .text.USBD_FS_ConfigStrDescriptor
                0x08009134       0x3c ./USB_DEVICE/App/usbd_desc.o
                0x08009134                USBD_FS_ConfigStrDescriptor
 .text.USBD_FS_InterfaceStrDescriptor
                0x08009170       0x3c ./USB_DEVICE/App/usbd_desc.o
                0x08009170                USBD_FS_InterfaceStrDescriptor
 .text.Get_SerialNum
                0x080091ac       0x58 ./USB_DEVICE/App/usbd_desc.o
 .text.IntToUnicode
                0x08009204       0x7c ./USB_DEVICE/App/usbd_desc.o
 .text.HAL_PCD_MspInit
                0x08009280       0x48 ./USB_DEVICE/Target/usbd_conf.o
                0x08009280                HAL_PCD_MspInit
 .text.HAL_PCD_SetupStageCallback
                0x080092c8       0x24 ./USB_DEVICE/Target/usbd_conf.o
                0x080092c8                HAL_PCD_SetupStageCallback
 .text.HAL_PCD_DataOutStageCallback
                0x080092ec       0x36 ./USB_DEVICE/Target/usbd_conf.o
                0x080092ec                HAL_PCD_DataOutStageCallback
 .text.HAL_PCD_DataInStageCallback
                0x08009322       0x34 ./USB_DEVICE/Target/usbd_conf.o
                0x08009322                HAL_PCD_DataInStageCallback
 .text.HAL_PCD_SOFCallback
                0x08009356       0x1c ./USB_DEVICE/Target/usbd_conf.o
                0x08009356                HAL_PCD_SOFCallback
 .text.HAL_PCD_ResetCallback
                0x08009372       0x3c ./USB_DEVICE/Target/usbd_conf.o
                0x08009372                HAL_PCD_ResetCallback
 *fill*         0x080093ae        0x2 
 .text.HAL_PCD_SuspendCallback
                0x080093b0       0x4c ./USB_DEVICE/Target/usbd_conf.o
                0x080093b0                HAL_PCD_SuspendCallback
 .text.HAL_PCD_ResumeCallback
                0x080093fc       0x1c ./USB_DEVICE/Target/usbd_conf.o
                0x080093fc                HAL_PCD_ResumeCallback
 .text.HAL_PCD_ISOOUTIncompleteCallback
                0x08009418       0x24 ./USB_DEVICE/Target/usbd_conf.o
                0x08009418                HAL_PCD_ISOOUTIncompleteCallback
 .text.HAL_PCD_ISOINIncompleteCallback
                0x0800943c       0x24 ./USB_DEVICE/Target/usbd_conf.o
                0x0800943c                HAL_PCD_ISOINIncompleteCallback
 .text.HAL_PCD_ConnectCallback
                0x08009460       0x1c ./USB_DEVICE/Target/usbd_conf.o
                0x08009460                HAL_PCD_ConnectCallback
 .text.HAL_PCD_DisconnectCallback
                0x0800947c       0x1c ./USB_DEVICE/Target/usbd_conf.o
                0x0800947c                HAL_PCD_DisconnectCallback
 .text.USBD_LL_Init
                0x08009498       0x88 ./USB_DEVICE/Target/usbd_conf.o
                0x08009498                USBD_LL_Init
 .text.USBD_LL_Start
                0x08009520       0x36 ./USB_DEVICE/Target/usbd_conf.o
                0x08009520                USBD_LL_Start
 .text.USBD_LL_OpenEP
                0x08009556       0x4c ./USB_DEVICE/Target/usbd_conf.o
                0x08009556                USBD_LL_OpenEP
 .text.USBD_LL_CloseEP
                0x080095a2       0x3e ./USB_DEVICE/Target/usbd_conf.o
                0x080095a2                USBD_LL_CloseEP
 .text.USBD_LL_StallEP
                0x080095e0       0x3e ./USB_DEVICE/Target/usbd_conf.o
                0x080095e0                USBD_LL_StallEP
 .text.USBD_LL_ClearStallEP
                0x0800961e       0x3e ./USB_DEVICE/Target/usbd_conf.o
                0x0800961e                USBD_LL_ClearStallEP
 .text.USBD_LL_IsStallEP
                0x0800965c       0x56 ./USB_DEVICE/Target/usbd_conf.o
                0x0800965c                USBD_LL_IsStallEP
 .text.USBD_LL_SetUSBAddress
                0x080096b2       0x3e ./USB_DEVICE/Target/usbd_conf.o
                0x080096b2                USBD_LL_SetUSBAddress
 .text.USBD_LL_Transmit
                0x080096f0       0x46 ./USB_DEVICE/Target/usbd_conf.o
                0x080096f0                USBD_LL_Transmit
 .text.USBD_LL_PrepareReceive
                0x08009736       0x46 ./USB_DEVICE/Target/usbd_conf.o
                0x08009736                USBD_LL_PrepareReceive
 .text.USBD_LL_GetRxDataSize
                0x0800977c       0x26 ./USB_DEVICE/Target/usbd_conf.o
                0x0800977c                USBD_LL_GetRxDataSize
 *fill*         0x080097a2        0x2 
 .text.USBD_static_malloc
                0x080097a4       0x18 ./USB_DEVICE/Target/usbd_conf.o
                0x080097a4                USBD_static_malloc
 .text.USBD_static_free
                0x080097bc       0x12 ./USB_DEVICE/Target/usbd_conf.o
                0x080097bc                USBD_static_free
 *fill*         0x080097ce        0x2 
 .text.USBD_Get_USB_Status
                0x080097d0       0x58 ./USB_DEVICE/Target/usbd_conf.o
 .text.arm_mat_trans_f32
                0x08009828      0x124 ../Middlewares/ST/ARM/DSP/Lib\libarm_cortexM3l_math.a(arm_mat_trans_f32.o)
                0x08009828                arm_mat_trans_f32
 .text.arm_mat_mult_f32
                0x0800994c      0x26c ../Middlewares/ST/ARM/DSP/Lib\libarm_cortexM3l_math.a(arm_mat_mult_f32.o)
                0x0800994c                arm_mat_mult_f32
 .text.arm_mat_inverse_f32
                0x08009bb8      0x2a4 ../Middlewares/ST/ARM/DSP/Lib\libarm_cortexM3l_math.a(arm_mat_inverse_f32.o)
                0x08009bb8                arm_mat_inverse_f32
 .text.arm_mat_init_f32
                0x08009e5c        0x8 ../Middlewares/ST/ARM/DSP/Lib\libarm_cortexM3l_math.a(arm_mat_init_f32.o)
                0x08009e5c                arm_mat_init_f32
 .text.__cxa_guard_acquire
                0x08009e64       0x18 C:/ST/STM32CubeIDE_1.18.1/STM32CubeIDE/plugins/com.st.stm32cube.ide.mcu.externaltools.gnu-tools-for-stm32.13.3.rel1.win32_1.0.0.202411081344/tools/bin/../lib/gcc/arm-none-eabi/13.3.1/../../../../arm-none-eabi/lib/thumb/v7-m/nofp\libstdc++_nano.a(guard.o)
                0x08009e64                __cxa_guard_acquire
 .text.__cxa_guard_release
                0x08009e7c        0x6 C:/ST/STM32CubeIDE_1.18.1/STM32CubeIDE/plugins/com.st.stm32cube.ide.mcu.externaltools.gnu-tools-for-stm32.13.3.rel1.win32_1.0.0.202411081344/tools/bin/../lib/gcc/arm-none-eabi/13.3.1/../../../../arm-none-eabi/lib/thumb/v7-m/nofp\libstdc++_nano.a(guard.o)
                0x08009e7c                __cxa_guard_release
 .text.atan2f   0x08009e82        0x4 C:/ST/STM32CubeIDE_1.18.1/STM32CubeIDE/plugins/com.st.stm32cube.ide.mcu.externaltools.gnu-tools-for-stm32.13.3.rel1.win32_1.0.0.202411081344/tools/bin/../lib/gcc/arm-none-eabi/13.3.1/../../../../arm-none-eabi/lib/thumb/v7-m/nofp\libm.a(libm_a-wf_atan2.o)
                0x08009e82                atan2f
 .text.sqrtf    0x08009e86       0x34 C:/ST/STM32CubeIDE_1.18.1/STM32CubeIDE/plugins/com.st.stm32cube.ide.mcu.externaltools.gnu-tools-for-stm32.13.3.rel1.win32_1.0.0.202411081344/tools/bin/../lib/gcc/arm-none-eabi/13.3.1/../../../../arm-none-eabi/lib/thumb/v7-m/nofp\libm.a(libm_a-wf_sqrt.o)
                0x08009e86                sqrtf
 *fill*         0x08009eba        0x2 
 .text.cosf     0x08009ebc       0x70 C:/ST/STM32CubeIDE_1.18.1/STM32CubeIDE/plugins/com.st.stm32cube.ide.mcu.externaltools.gnu-tools-for-stm32.13.3.rel1.win32_1.0.0.202411081344/tools/bin/../lib/gcc/arm-none-eabi/13.3.1/../../../../arm-none-eabi/lib/thumb/v7-m/nofp\libm.a(libm_a-sf_cos.o)
                0x08009ebc                cosf
 .text.sinf     0x08009f2c       0x74 C:/ST/STM32CubeIDE_1.18.1/STM32CubeIDE/plugins/com.st.stm32cube.ide.mcu.externaltools.gnu-tools-for-stm32.13.3.rel1.win32_1.0.0.202411081344/tools/bin/../lib/gcc/arm-none-eabi/13.3.1/../../../../arm-none-eabi/lib/thumb/v7-m/nofp\libm.a(libm_a-sf_sin.o)
                0x08009f2c                sinf
 .text.__ieee754_sqrtf
                0x08009fa0       0xe0 C:/ST/STM32CubeIDE_1.18.1/STM32CubeIDE/plugins/com.st.stm32cube.ide.mcu.externaltools.gnu-tools-for-stm32.13.3.rel1.win32_1.0.0.202411081344/tools/bin/../lib/gcc/arm-none-eabi/13.3.1/../../../../arm-none-eabi/lib/thumb/v7-m/nofp\libm.a(libm_a-ef_sqrt.o)
                0x08009fa0                __ieee754_sqrtf
 .text.__kernel_cosf
                0x0800a080      0x100 C:/ST/STM32CubeIDE_1.18.1/STM32CubeIDE/plugins/com.st.stm32cube.ide.mcu.externaltools.gnu-tools-for-stm32.13.3.rel1.win32_1.0.0.202411081344/tools/bin/../lib/gcc/arm-none-eabi/13.3.1/../../../../arm-none-eabi/lib/thumb/v7-m/nofp\libm.a(libm_a-kf_cos.o)
                0x0800a080                __kernel_cosf
 .text.__kernel_sinf
                0x0800a180       0xec C:/ST/STM32CubeIDE_1.18.1/STM32CubeIDE/plugins/com.st.stm32cube.ide.mcu.externaltools.gnu-tools-for-stm32.13.3.rel1.win32_1.0.0.202411081344/tools/bin/../lib/gcc/arm-none-eabi/13.3.1/../../../../arm-none-eabi/lib/thumb/v7-m/nofp\libm.a(libm_a-kf_sin.o)
                0x0800a180                __kernel_sinf
 .text.__ieee754_atan2f
                0x0800a26c      0x110 C:/ST/STM32CubeIDE_1.18.1/STM32CubeIDE/plugins/com.st.stm32cube.ide.mcu.externaltools.gnu-tools-for-stm32.13.3.rel1.win32_1.0.0.202411081344/tools/bin/../lib/gcc/arm-none-eabi/13.3.1/../../../../arm-none-eabi/lib/thumb/v7-m/nofp\libm.a(libm_a-ef_atan2.o)
                0x0800a26c                __ieee754_atan2f
 .text.__ieee754_rem_pio2f
                0x0800a37c      0x2cc C:/ST/STM32CubeIDE_1.18.1/STM32CubeIDE/plugins/com.st.stm32cube.ide.mcu.externaltools.gnu-tools-for-stm32.13.3.rel1.win32_1.0.0.202411081344/tools/bin/../lib/gcc/arm-none-eabi/13.3.1/../../../../arm-none-eabi/lib/thumb/v7-m/nofp\libm.a(libm_a-ef_rem_pio2.o)
                0x0800a37c                __ieee754_rem_pio2f
 .text.atanf    0x0800a648      0x218 C:/ST/STM32CubeIDE_1.18.1/STM32CubeIDE/plugins/com.st.stm32cube.ide.mcu.externaltools.gnu-tools-for-stm32.13.3.rel1.win32_1.0.0.202411081344/tools/bin/../lib/gcc/arm-none-eabi/13.3.1/../../../../arm-none-eabi/lib/thumb/v7-m/nofp\libm.a(libm_a-sf_atan.o)
                0x0800a648                atanf
 .text.fabsf    0x0800a860        0x6 C:/ST/STM32CubeIDE_1.18.1/STM32CubeIDE/plugins/com.st.stm32cube.ide.mcu.externaltools.gnu-tools-for-stm32.13.3.rel1.win32_1.0.0.202411081344/tools/bin/../lib/gcc/arm-none-eabi/13.3.1/../../../../arm-none-eabi/lib/thumb/v7-m/nofp\libm.a(libm_a-sf_fabs.o)
                0x0800a860                fabsf
 *fill*         0x0800a866        0x2 
 .text.__kernel_rem_pio2f
                0x0800a868      0x53c C:/ST/STM32CubeIDE_1.18.1/STM32CubeIDE/plugins/com.st.stm32cube.ide.mcu.externaltools.gnu-tools-for-stm32.13.3.rel1.win32_1.0.0.202411081344/tools/bin/../lib/gcc/arm-none-eabi/13.3.1/../../../../arm-none-eabi/lib/thumb/v7-m/nofp\libm.a(libm_a-kf_rem_pio2.o)
                0x0800a868                __kernel_rem_pio2f
 .text.scalbnf  0x0800ada4       0x98 C:/ST/STM32CubeIDE_1.18.1/STM32CubeIDE/plugins/com.st.stm32cube.ide.mcu.externaltools.gnu-tools-for-stm32.13.3.rel1.win32_1.0.0.202411081344/tools/bin/../lib/gcc/arm-none-eabi/13.3.1/../../../../arm-none-eabi/lib/thumb/v7-m/nofp\libm.a(libm_a-sf_scalbn.o)
                0x0800ada4                scalbnf
 .text.floorf   0x0800ae3c       0x84 C:/ST/STM32CubeIDE_1.18.1/STM32CubeIDE/plugins/com.st.stm32cube.ide.mcu.externaltools.gnu-tools-for-stm32.13.3.rel1.win32_1.0.0.202411081344/tools/bin/../lib/gcc/arm-none-eabi/13.3.1/../../../../arm-none-eabi/lib/thumb/v7-m/nofp\libm.a(libm_a-sf_floor.o)
                0x0800ae3c                floorf
 .text.__cvt    0x0800aec0       0xc8 C:/ST/STM32CubeIDE_1.18.1/STM32CubeIDE/plugins/com.st.stm32cube.ide.mcu.externaltools.gnu-tools-for-stm32.13.3.rel1.win32_1.0.0.202411081344/tools/bin/../lib/gcc/arm-none-eabi/13.3.1/../../../../arm-none-eabi/lib/thumb/v7-m/nofp\libc_nano.a(libc_a-nano-vfprintf_float.o)
                0x0800aec0                __cvt
 .text.__exponent
                0x0800af88       0x74 C:/ST/STM32CubeIDE_1.18.1/STM32CubeIDE/plugins/com.st.stm32cube.ide.mcu.externaltools.gnu-tools-for-stm32.13.3.rel1.win32_1.0.0.202411081344/tools/bin/../lib/gcc/arm-none-eabi/13.3.1/../../../../arm-none-eabi/lib/thumb/v7-m/nofp\libc_nano.a(libc_a-nano-vfprintf_float.o)
                0x0800af88                __exponent
 .text._printf_float
                0x0800affc      0x458 C:/ST/STM32CubeIDE_1.18.1/STM32CubeIDE/plugins/com.st.stm32cube.ide.mcu.externaltools.gnu-tools-for-stm32.13.3.rel1.win32_1.0.0.202411081344/tools/bin/../lib/gcc/arm-none-eabi/13.3.1/../../../../arm-none-eabi/lib/thumb/v7-m/nofp\libc_nano.a(libc_a-nano-vfprintf_float.o)
                0x0800affc                _printf_float
 .text._printf_common
                0x0800b454       0xe4 C:/ST/STM32CubeIDE_1.18.1/STM32CubeIDE/plugins/com.st.stm32cube.ide.mcu.externaltools.gnu-tools-for-stm32.13.3.rel1.win32_1.0.0.202411081344/tools/bin/../lib/gcc/arm-none-eabi/13.3.1/../../../../arm-none-eabi/lib/thumb/v7-m/nofp\libc_nano.a(libc_a-nano-vfprintf_i.o)
                0x0800b454                _printf_common
 .text._printf_i
                0x0800b538      0x23c C:/ST/STM32CubeIDE_1.18.1/STM32CubeIDE/plugins/com.st.stm32cube.ide.mcu.externaltools.gnu-tools-for-stm32.13.3.rel1.win32_1.0.0.202411081344/tools/bin/../lib/gcc/arm-none-eabi/13.3.1/../../../../arm-none-eabi/lib/thumb/v7-m/nofp\libc_nano.a(libc_a-nano-vfprintf_i.o)
                0x0800b538                _printf_i
 .text.std      0x0800b774       0x6c C:/ST/STM32CubeIDE_1.18.1/STM32CubeIDE/plugins/com.st.stm32cube.ide.mcu.externaltools.gnu-tools-for-stm32.13.3.rel1.win32_1.0.0.202411081344/tools/bin/../lib/gcc/arm-none-eabi/13.3.1/../../../../arm-none-eabi/lib/thumb/v7-m/nofp\libc_nano.a(libc_a-findfp.o)
 .text.stdio_exit_handler
                0x0800b7e0       0x18 C:/ST/STM32CubeIDE_1.18.1/STM32CubeIDE/plugins/com.st.stm32cube.ide.mcu.externaltools.gnu-tools-for-stm32.13.3.rel1.win32_1.0.0.202411081344/tools/bin/../lib/gcc/arm-none-eabi/13.3.1/../../../../arm-none-eabi/lib/thumb/v7-m/nofp\libc_nano.a(libc_a-findfp.o)
 .text.cleanup_stdio
                0x0800b7f8       0x40 C:/ST/STM32CubeIDE_1.18.1/STM32CubeIDE/plugins/com.st.stm32cube.ide.mcu.externaltools.gnu-tools-for-stm32.13.3.rel1.win32_1.0.0.202411081344/tools/bin/../lib/gcc/arm-none-eabi/13.3.1/../../../../arm-none-eabi/lib/thumb/v7-m/nofp\libc_nano.a(libc_a-findfp.o)
 .text.global_stdio_init.part.0
                0x0800b838       0x3c C:/ST/STM32CubeIDE_1.18.1/STM32CubeIDE/plugins/com.st.stm32cube.ide.mcu.externaltools.gnu-tools-for-stm32.13.3.rel1.win32_1.0.0.202411081344/tools/bin/../lib/gcc/arm-none-eabi/13.3.1/../../../../arm-none-eabi/lib/thumb/v7-m/nofp\libc_nano.a(libc_a-findfp.o)
 .text.__sfp_lock_acquire
                0x0800b874        0xc C:/ST/STM32CubeIDE_1.18.1/STM32CubeIDE/plugins/com.st.stm32cube.ide.mcu.externaltools.gnu-tools-for-stm32.13.3.rel1.win32_1.0.0.202411081344/tools/bin/../lib/gcc/arm-none-eabi/13.3.1/../../../../arm-none-eabi/lib/thumb/v7-m/nofp\libc_nano.a(libc_a-findfp.o)
                0x0800b874                __sfp_lock_acquire
 .text.__sfp_lock_release
                0x0800b880        0xc C:/ST/STM32CubeIDE_1.18.1/STM32CubeIDE/plugins/com.st.stm32cube.ide.mcu.externaltools.gnu-tools-for-stm32.13.3.rel1.win32_1.0.0.202411081344/tools/bin/../lib/gcc/arm-none-eabi/13.3.1/../../../../arm-none-eabi/lib/thumb/v7-m/nofp\libc_nano.a(libc_a-findfp.o)
                0x0800b880                __sfp_lock_release
 .text.__sinit  0x0800b88c       0x30 C:/ST/STM32CubeIDE_1.18.1/STM32CubeIDE/plugins/com.st.stm32cube.ide.mcu.externaltools.gnu-tools-for-stm32.13.3.rel1.win32_1.0.0.202411081344/tools/bin/../lib/gcc/arm-none-eabi/13.3.1/../../../../arm-none-eabi/lib/thumb/v7-m/nofp\libc_nano.a(libc_a-findfp.o)
                0x0800b88c                __sinit
 .text._fwalk_sglue
                0x0800b8bc       0x3c C:/ST/STM32CubeIDE_1.18.1/STM32CubeIDE/plugins/com.st.stm32cube.ide.mcu.externaltools.gnu-tools-for-stm32.13.3.rel1.win32_1.0.0.202411081344/tools/bin/../lib/gcc/arm-none-eabi/13.3.1/../../../../arm-none-eabi/lib/thumb/v7-m/nofp\libc_nano.a(libc_a-fwalk.o)
                0x0800b8bc                _fwalk_sglue
 .text.snprintf
                0x0800b8f8       0x6c C:/ST/STM32CubeIDE_1.18.1/STM32CubeIDE/plugins/com.st.stm32cube.ide.mcu.externaltools.gnu-tools-for-stm32.13.3.rel1.win32_1.0.0.202411081344/tools/bin/../lib/gcc/arm-none-eabi/13.3.1/../../../../arm-none-eabi/lib/thumb/v7-m/nofp\libc_nano.a(libc_a-snprintf.o)
                0x0800b8f8                sniprintf
                0x0800b8f8                snprintf
 .text.__sread  0x0800b964       0x22 C:/ST/STM32CubeIDE_1.18.1/STM32CubeIDE/plugins/com.st.stm32cube.ide.mcu.externaltools.gnu-tools-for-stm32.13.3.rel1.win32_1.0.0.202411081344/tools/bin/../lib/gcc/arm-none-eabi/13.3.1/../../../../arm-none-eabi/lib/thumb/v7-m/nofp\libc_nano.a(libc_a-stdio.o)
                0x0800b964                __sread
 .text.__swrite
                0x0800b986       0x38 C:/ST/STM32CubeIDE_1.18.1/STM32CubeIDE/plugins/com.st.stm32cube.ide.mcu.externaltools.gnu-tools-for-stm32.13.3.rel1.win32_1.0.0.202411081344/tools/bin/../lib/gcc/arm-none-eabi/13.3.1/../../../../arm-none-eabi/lib/thumb/v7-m/nofp\libc_nano.a(libc_a-stdio.o)
                0x0800b986                __swrite
 .text.__sseek  0x0800b9be       0x24 C:/ST/STM32CubeIDE_1.18.1/STM32CubeIDE/plugins/com.st.stm32cube.ide.mcu.externaltools.gnu-tools-for-stm32.13.3.rel1.win32_1.0.0.202411081344/tools/bin/../lib/gcc/arm-none-eabi/13.3.1/../../../../arm-none-eabi/lib/thumb/v7-m/nofp\libc_nano.a(libc_a-stdio.o)
                0x0800b9be                __sseek
 .text.__sclose
                0x0800b9e2        0x8 C:/ST/STM32CubeIDE_1.18.1/STM32CubeIDE/plugins/com.st.stm32cube.ide.mcu.externaltools.gnu-tools-for-stm32.13.3.rel1.win32_1.0.0.202411081344/tools/bin/../lib/gcc/arm-none-eabi/13.3.1/../../../../arm-none-eabi/lib/thumb/v7-m/nofp\libc_nano.a(libc_a-stdio.o)
                0x0800b9e2                __sclose
 .text.memset   0x0800b9ea       0x10 C:/ST/STM32CubeIDE_1.18.1/STM32CubeIDE/plugins/com.st.stm32cube.ide.mcu.externaltools.gnu-tools-for-stm32.13.3.rel1.win32_1.0.0.202411081344/tools/bin/../lib/gcc/arm-none-eabi/13.3.1/../../../../arm-none-eabi/lib/thumb/v7-m/nofp\libc_nano.a(libc_a-memset.o)
                0x0800b9ea                memset
 *fill*         0x0800b9fa        0x2 
 .text._localeconv_r
                0x0800b9fc        0x8 C:/ST/STM32CubeIDE_1.18.1/STM32CubeIDE/plugins/com.st.stm32cube.ide.mcu.externaltools.gnu-tools-for-stm32.13.3.rel1.win32_1.0.0.202411081344/tools/bin/../lib/gcc/arm-none-eabi/13.3.1/../../../../arm-none-eabi/lib/thumb/v7-m/nofp\libc_nano.a(libc_a-localeconv.o)
                0x0800b9fc                _localeconv_r
 .text._close_r
                0x0800ba04       0x20 C:/ST/STM32CubeIDE_1.18.1/STM32CubeIDE/plugins/com.st.stm32cube.ide.mcu.externaltools.gnu-tools-for-stm32.13.3.rel1.win32_1.0.0.202411081344/tools/bin/../lib/gcc/arm-none-eabi/13.3.1/../../../../arm-none-eabi/lib/thumb/v7-m/nofp\libc_nano.a(libc_a-closer.o)
                0x0800ba04                _close_r
 .text._lseek_r
                0x0800ba24       0x24 C:/ST/STM32CubeIDE_1.18.1/STM32CubeIDE/plugins/com.st.stm32cube.ide.mcu.externaltools.gnu-tools-for-stm32.13.3.rel1.win32_1.0.0.202411081344/tools/bin/../lib/gcc/arm-none-eabi/13.3.1/../../../../arm-none-eabi/lib/thumb/v7-m/nofp\libc_nano.a(libc_a-lseekr.o)
                0x0800ba24                _lseek_r
 .text._read_r  0x0800ba48       0x24 C:/ST/STM32CubeIDE_1.18.1/STM32CubeIDE/plugins/com.st.stm32cube.ide.mcu.externaltools.gnu-tools-for-stm32.13.3.rel1.win32_1.0.0.202411081344/tools/bin/../lib/gcc/arm-none-eabi/13.3.1/../../../../arm-none-eabi/lib/thumb/v7-m/nofp\libc_nano.a(libc_a-readr.o)
                0x0800ba48                _read_r
 .text._write_r
                0x0800ba6c       0x24 C:/ST/STM32CubeIDE_1.18.1/STM32CubeIDE/plugins/com.st.stm32cube.ide.mcu.externaltools.gnu-tools-for-stm32.13.3.rel1.win32_1.0.0.202411081344/tools/bin/../lib/gcc/arm-none-eabi/13.3.1/../../../../arm-none-eabi/lib/thumb/v7-m/nofp\libc_nano.a(libc_a-writer.o)
                0x0800ba6c                _write_r
 .text.__errno  0x0800ba90        0xc C:/ST/STM32CubeIDE_1.18.1/STM32CubeIDE/plugins/com.st.stm32cube.ide.mcu.externaltools.gnu-tools-for-stm32.13.3.rel1.win32_1.0.0.202411081344/tools/bin/../lib/gcc/arm-none-eabi/13.3.1/../../../../arm-none-eabi/lib/thumb/v7-m/nofp\libc_nano.a(libc_a-errno.o)
                0x0800ba90                __errno
 .text.__libc_init_array
                0x0800ba9c       0x48 C:/ST/STM32CubeIDE_1.18.1/STM32CubeIDE/plugins/com.st.stm32cube.ide.mcu.externaltools.gnu-tools-for-stm32.13.3.rel1.win32_1.0.0.202411081344/tools/bin/../lib/gcc/arm-none-eabi/13.3.1/../../../../arm-none-eabi/lib/thumb/v7-m/nofp\libc_nano.a(libc_a-init.o)
                0x0800ba9c                __libc_init_array
 .text.__retarget_lock_init_recursive
                0x0800bae4        0x2 C:/ST/STM32CubeIDE_1.18.1/STM32CubeIDE/plugins/com.st.stm32cube.ide.mcu.externaltools.gnu-tools-for-stm32.13.3.rel1.win32_1.0.0.202411081344/tools/bin/../lib/gcc/arm-none-eabi/13.3.1/../../../../arm-none-eabi/lib/thumb/v7-m/nofp\libc_nano.a(libc_a-lock.o)
                0x0800bae4                __retarget_lock_init_recursive
 .text.__retarget_lock_acquire_recursive
                0x0800bae6        0x2 C:/ST/STM32CubeIDE_1.18.1/STM32CubeIDE/plugins/com.st.stm32cube.ide.mcu.externaltools.gnu-tools-for-stm32.13.3.rel1.win32_1.0.0.202411081344/tools/bin/../lib/gcc/arm-none-eabi/13.3.1/../../../../arm-none-eabi/lib/thumb/v7-m/nofp\libc_nano.a(libc_a-lock.o)
                0x0800bae6                __retarget_lock_acquire_recursive
 .text.__retarget_lock_release_recursive
                0x0800bae8        0x2 C:/ST/STM32CubeIDE_1.18.1/STM32CubeIDE/plugins/com.st.stm32cube.ide.mcu.externaltools.gnu-tools-for-stm32.13.3.rel1.win32_1.0.0.202411081344/tools/bin/../lib/gcc/arm-none-eabi/13.3.1/../../../../arm-none-eabi/lib/thumb/v7-m/nofp\libc_nano.a(libc_a-lock.o)
                0x0800bae8                __retarget_lock_release_recursive
 .text.memchr   0x0800baea       0x1c C:/ST/STM32CubeIDE_1.18.1/STM32CubeIDE/plugins/com.st.stm32cube.ide.mcu.externaltools.gnu-tools-for-stm32.13.3.rel1.win32_1.0.0.202411081344/tools/bin/../lib/gcc/arm-none-eabi/13.3.1/../../../../arm-none-eabi/lib/thumb/v7-m/nofp\libc_nano.a(libc_a-memchr-stub.o)
                0x0800baea                memchr
 .text.memcpy   0x0800bb06       0x1c C:/ST/STM32CubeIDE_1.18.1/STM32CubeIDE/plugins/com.st.stm32cube.ide.mcu.externaltools.gnu-tools-for-stm32.13.3.rel1.win32_1.0.0.202411081344/tools/bin/../lib/gcc/arm-none-eabi/13.3.1/../../../../arm-none-eabi/lib/thumb/v7-m/nofp\libc_nano.a(libc_a-memcpy-stub.o)
                0x0800bb06                memcpy
 .text.quorem   0x0800bb22      0x110 C:/ST/STM32CubeIDE_1.18.1/STM32CubeIDE/plugins/com.st.stm32cube.ide.mcu.externaltools.gnu-tools-for-stm32.13.3.rel1.win32_1.0.0.202411081344/tools/bin/../lib/gcc/arm-none-eabi/13.3.1/../../../../arm-none-eabi/lib/thumb/v7-m/nofp\libc_nano.a(libc_a-dtoa.o)
 *fill*         0x0800bc32        0x6 
 .text._dtoa_r  0x0800bc38      0xba8 C:/ST/STM32CubeIDE_1.18.1/STM32CubeIDE/plugins/com.st.stm32cube.ide.mcu.externaltools.gnu-tools-for-stm32.13.3.rel1.win32_1.0.0.202411081344/tools/bin/../lib/gcc/arm-none-eabi/13.3.1/../../../../arm-none-eabi/lib/thumb/v7-m/nofp\libc_nano.a(libc_a-dtoa.o)
                0x0800bc38                _dtoa_r
 .text._free_r  0x0800c7e0       0x90 C:/ST/STM32CubeIDE_1.18.1/STM32CubeIDE/plugins/com.st.stm32cube.ide.mcu.externaltools.gnu-tools-for-stm32.13.3.rel1.win32_1.0.0.202411081344/tools/bin/../lib/gcc/arm-none-eabi/13.3.1/../../../../arm-none-eabi/lib/thumb/v7-m/nofp\libc_nano.a(libc_a-freer.o)
                0x0800c7e0                _free_r
 .text.malloc   0x0800c870       0x10 C:/ST/STM32CubeIDE_1.18.1/STM32CubeIDE/plugins/com.st.stm32cube.ide.mcu.externaltools.gnu-tools-for-stm32.13.3.rel1.win32_1.0.0.202411081344/tools/bin/../lib/gcc/arm-none-eabi/13.3.1/../../../../arm-none-eabi/lib/thumb/v7-m/nofp\libc_nano.a(libc_a-malloc.o)
                0x0800c870                malloc
 .text.sbrk_aligned
                0x0800c880       0x44 C:/ST/STM32CubeIDE_1.18.1/STM32CubeIDE/plugins/com.st.stm32cube.ide.mcu.externaltools.gnu-tools-for-stm32.13.3.rel1.win32_1.0.0.202411081344/tools/bin/../lib/gcc/arm-none-eabi/13.3.1/../../../../arm-none-eabi/lib/thumb/v7-m/nofp\libc_nano.a(libc_a-mallocr.o)
 .text._malloc_r
                0x0800c8c4      0x100 C:/ST/STM32CubeIDE_1.18.1/STM32CubeIDE/plugins/com.st.stm32cube.ide.mcu.externaltools.gnu-tools-for-stm32.13.3.rel1.win32_1.0.0.202411081344/tools/bin/../lib/gcc/arm-none-eabi/13.3.1/../../../../arm-none-eabi/lib/thumb/v7-m/nofp\libc_nano.a(libc_a-mallocr.o)
                0x0800c8c4                _malloc_r
 .text.__malloc_lock
                0x0800c9c4        0xc C:/ST/STM32CubeIDE_1.18.1/STM32CubeIDE/plugins/com.st.stm32cube.ide.mcu.externaltools.gnu-tools-for-stm32.13.3.rel1.win32_1.0.0.202411081344/tools/bin/../lib/gcc/arm-none-eabi/13.3.1/../../../../arm-none-eabi/lib/thumb/v7-m/nofp\libc_nano.a(libc_a-mlock.o)
                0x0800c9c4                __malloc_lock
 .text.__malloc_unlock
                0x0800c9d0        0xc C:/ST/STM32CubeIDE_1.18.1/STM32CubeIDE/plugins/com.st.stm32cube.ide.mcu.externaltools.gnu-tools-for-stm32.13.3.rel1.win32_1.0.0.202411081344/tools/bin/../lib/gcc/arm-none-eabi/13.3.1/../../../../arm-none-eabi/lib/thumb/v7-m/nofp\libc_nano.a(libc_a-mlock.o)
                0x0800c9d0                __malloc_unlock
 .text._Balloc  0x0800c9dc       0x80 C:/ST/STM32CubeIDE_1.18.1/STM32CubeIDE/plugins/com.st.stm32cube.ide.mcu.externaltools.gnu-tools-for-stm32.13.3.rel1.win32_1.0.0.202411081344/tools/bin/../lib/gcc/arm-none-eabi/13.3.1/../../../../arm-none-eabi/lib/thumb/v7-m/nofp\libc_nano.a(libc_a-mprec.o)
                0x0800c9dc                _Balloc
 .text._Bfree   0x0800ca5c       0x44 C:/ST/STM32CubeIDE_1.18.1/STM32CubeIDE/plugins/com.st.stm32cube.ide.mcu.externaltools.gnu-tools-for-stm32.13.3.rel1.win32_1.0.0.202411081344/tools/bin/../lib/gcc/arm-none-eabi/13.3.1/../../../../arm-none-eabi/lib/thumb/v7-m/nofp\libc_nano.a(libc_a-mprec.o)
                0x0800ca5c                _Bfree
 .text.__multadd
                0x0800caa0       0x8c C:/ST/STM32CubeIDE_1.18.1/STM32CubeIDE/plugins/com.st.stm32cube.ide.mcu.externaltools.gnu-tools-for-stm32.13.3.rel1.win32_1.0.0.202411081344/tools/bin/../lib/gcc/arm-none-eabi/13.3.1/../../../../arm-none-eabi/lib/thumb/v7-m/nofp\libc_nano.a(libc_a-mprec.o)
                0x0800caa0                __multadd
 .text.__hi0bits
                0x0800cb2c       0x3e C:/ST/STM32CubeIDE_1.18.1/STM32CubeIDE/plugins/com.st.stm32cube.ide.mcu.externaltools.gnu-tools-for-stm32.13.3.rel1.win32_1.0.0.202411081344/tools/bin/../lib/gcc/arm-none-eabi/13.3.1/../../../../arm-none-eabi/lib/thumb/v7-m/nofp\libc_nano.a(libc_a-mprec.o)
                0x0800cb2c                __hi0bits
 .text.__lo0bits
                0x0800cb6a       0x5a C:/ST/STM32CubeIDE_1.18.1/STM32CubeIDE/plugins/com.st.stm32cube.ide.mcu.externaltools.gnu-tools-for-stm32.13.3.rel1.win32_1.0.0.202411081344/tools/bin/../lib/gcc/arm-none-eabi/13.3.1/../../../../arm-none-eabi/lib/thumb/v7-m/nofp\libc_nano.a(libc_a-mprec.o)
                0x0800cb6a                __lo0bits
 .text.__i2b    0x0800cbc4       0x2c C:/ST/STM32CubeIDE_1.18.1/STM32CubeIDE/plugins/com.st.stm32cube.ide.mcu.externaltools.gnu-tools-for-stm32.13.3.rel1.win32_1.0.0.202411081344/tools/bin/../lib/gcc/arm-none-eabi/13.3.1/../../../../arm-none-eabi/lib/thumb/v7-m/nofp\libc_nano.a(libc_a-mprec.o)
                0x0800cbc4                __i2b
 .text.__multiply
                0x0800cbf0      0x144 C:/ST/STM32CubeIDE_1.18.1/STM32CubeIDE/plugins/com.st.stm32cube.ide.mcu.externaltools.gnu-tools-for-stm32.13.3.rel1.win32_1.0.0.202411081344/tools/bin/../lib/gcc/arm-none-eabi/13.3.1/../../../../arm-none-eabi/lib/thumb/v7-m/nofp\libc_nano.a(libc_a-mprec.o)
                0x0800cbf0                __multiply
 .text.__pow5mult
                0x0800cd34       0xb4 C:/ST/STM32CubeIDE_1.18.1/STM32CubeIDE/plugins/com.st.stm32cube.ide.mcu.externaltools.gnu-tools-for-stm32.13.3.rel1.win32_1.0.0.202411081344/tools/bin/../lib/gcc/arm-none-eabi/13.3.1/../../../../arm-none-eabi/lib/thumb/v7-m/nofp\libc_nano.a(libc_a-mprec.o)
                0x0800cd34                __pow5mult
 .text.__lshift
                0x0800cde8       0xd8 C:/ST/STM32CubeIDE_1.18.1/STM32CubeIDE/plugins/com.st.stm32cube.ide.mcu.externaltools.gnu-tools-for-stm32.13.3.rel1.win32_1.0.0.202411081344/tools/bin/../lib/gcc/arm-none-eabi/13.3.1/../../../../arm-none-eabi/lib/thumb/v7-m/nofp\libc_nano.a(libc_a-mprec.o)
                0x0800cde8                __lshift
 .text.__mcmp   0x0800cec0       0x36 C:/ST/STM32CubeIDE_1.18.1/STM32CubeIDE/plugins/com.st.stm32cube.ide.mcu.externaltools.gnu-tools-for-stm32.13.3.rel1.win32_1.0.0.202411081344/tools/bin/../lib/gcc/arm-none-eabi/13.3.1/../../../../arm-none-eabi/lib/thumb/v7-m/nofp\libc_nano.a(libc_a-mprec.o)
                0x0800cec0                __mcmp
 *fill*         0x0800cef6        0x2 
 .text.__mdiff  0x0800cef8      0x128 C:/ST/STM32CubeIDE_1.18.1/STM32CubeIDE/plugins/com.st.stm32cube.ide.mcu.externaltools.gnu-tools-for-stm32.13.3.rel1.win32_1.0.0.202411081344/tools/bin/../lib/gcc/arm-none-eabi/13.3.1/../../../../arm-none-eabi/lib/thumb/v7-m/nofp\libc_nano.a(libc_a-mprec.o)
                0x0800cef8                __mdiff
 .text.__d2b    0x0800d020       0xb0 C:/ST/STM32CubeIDE_1.18.1/STM32CubeIDE/plugins/com.st.stm32cube.ide.mcu.externaltools.gnu-tools-for-stm32.13.3.rel1.win32_1.0.0.202411081344/tools/bin/../lib/gcc/arm-none-eabi/13.3.1/../../../../arm-none-eabi/lib/thumb/v7-m/nofp\libc_nano.a(libc_a-mprec.o)
                0x0800d020                __d2b
 .text.__ssputs_r
                0x0800d0d0       0xb6 C:/ST/STM32CubeIDE_1.18.1/STM32CubeIDE/plugins/com.st.stm32cube.ide.mcu.externaltools.gnu-tools-for-stm32.13.3.rel1.win32_1.0.0.202411081344/tools/bin/../lib/gcc/arm-none-eabi/13.3.1/../../../../arm-none-eabi/lib/thumb/v7-m/nofp\libc_nano.a(libc_a-nano-svfprintf.o)
                0x0800d0d0                __ssputs_r
 *fill*         0x0800d186        0x2 
 .text._svfprintf_r
                0x0800d188      0x1f8 C:/ST/STM32CubeIDE_1.18.1/STM32CubeIDE/plugins/com.st.stm32cube.ide.mcu.externaltools.gnu-tools-for-stm32.13.3.rel1.win32_1.0.0.202411081344/tools/bin/../lib/gcc/arm-none-eabi/13.3.1/../../../../arm-none-eabi/lib/thumb/v7-m/nofp\libc_nano.a(libc_a-nano-svfprintf.o)
                0x0800d188                _svfiprintf_r
                0x0800d188                _svfprintf_r
 .text.__sflush_r
                0x0800d380      0x100 C:/ST/STM32CubeIDE_1.18.1/STM32CubeIDE/plugins/com.st.stm32cube.ide.mcu.externaltools.gnu-tools-for-stm32.13.3.rel1.win32_1.0.0.202411081344/tools/bin/../lib/gcc/arm-none-eabi/13.3.1/../../../../arm-none-eabi/lib/thumb/v7-m/nofp\libc_nano.a(libc_a-fflush.o)
                0x0800d380                __sflush_r
 .text._fflush_r
                0x0800d480       0x50 C:/ST/STM32CubeIDE_1.18.1/STM32CubeIDE/plugins/com.st.stm32cube.ide.mcu.externaltools.gnu-tools-for-stm32.13.3.rel1.win32_1.0.0.202411081344/tools/bin/../lib/gcc/arm-none-eabi/13.3.1/../../../../arm-none-eabi/lib/thumb/v7-m/nofp\libc_nano.a(libc_a-fflush.o)
                0x0800d480                _fflush_r
 .text.memmove  0x0800d4d0       0x34 C:/ST/STM32CubeIDE_1.18.1/STM32CubeIDE/plugins/com.st.stm32cube.ide.mcu.externaltools.gnu-tools-for-stm32.13.3.rel1.win32_1.0.0.202411081344/tools/bin/../lib/gcc/arm-none-eabi/13.3.1/../../../../arm-none-eabi/lib/thumb/v7-m/nofp\libc_nano.a(libc_a-memmove.o)
                0x0800d4d0                memmove
 .text._sbrk_r  0x0800d504       0x20 C:/ST/STM32CubeIDE_1.18.1/STM32CubeIDE/plugins/com.st.stm32cube.ide.mcu.externaltools.gnu-tools-for-stm32.13.3.rel1.win32_1.0.0.202411081344/tools/bin/../lib/gcc/arm-none-eabi/13.3.1/../../../../arm-none-eabi/lib/thumb/v7-m/nofp\libc_nano.a(libc_a-sbrkr.o)
                0x0800d504                _sbrk_r
 .text.__assert_func
                0x0800d524       0x3c C:/ST/STM32CubeIDE_1.18.1/STM32CubeIDE/plugins/com.st.stm32cube.ide.mcu.externaltools.gnu-tools-for-stm32.13.3.rel1.win32_1.0.0.202411081344/tools/bin/../lib/gcc/arm-none-eabi/13.3.1/../../../../arm-none-eabi/lib/thumb/v7-m/nofp\libc_nano.a(libc_a-assert.o)
                0x0800d524                __assert_func
 .text._calloc_r
                0x0800d560       0x28 C:/ST/STM32CubeIDE_1.18.1/STM32CubeIDE/plugins/com.st.stm32cube.ide.mcu.externaltools.gnu-tools-for-stm32.13.3.rel1.win32_1.0.0.202411081344/tools/bin/../lib/gcc/arm-none-eabi/13.3.1/../../../../arm-none-eabi/lib/thumb/v7-m/nofp\libc_nano.a(libc_a-callocr.o)
                0x0800d560                _calloc_r
 .text.__ascii_mbtowc
                0x0800d588       0x24 C:/ST/STM32CubeIDE_1.18.1/STM32CubeIDE/plugins/com.st.stm32cube.ide.mcu.externaltools.gnu-tools-for-stm32.13.3.rel1.win32_1.0.0.202411081344/tools/bin/../lib/gcc/arm-none-eabi/13.3.1/../../../../arm-none-eabi/lib/thumb/v7-m/nofp\libc_nano.a(libc_a-mbtowc_r.o)
                0x0800d588                __ascii_mbtowc
 .text._realloc_r
                0x0800d5ac       0x5c C:/ST/STM32CubeIDE_1.18.1/STM32CubeIDE/plugins/com.st.stm32cube.ide.mcu.externaltools.gnu-tools-for-stm32.13.3.rel1.win32_1.0.0.202411081344/tools/bin/../lib/gcc/arm-none-eabi/13.3.1/../../../../arm-none-eabi/lib/thumb/v7-m/nofp\libc_nano.a(libc_a-reallocr.o)
                0x0800d5ac                _realloc_r
 .text.__ascii_wctomb
                0x0800d608       0x1a C:/ST/STM32CubeIDE_1.18.1/STM32CubeIDE/plugins/com.st.stm32cube.ide.mcu.externaltools.gnu-tools-for-stm32.13.3.rel1.win32_1.0.0.202411081344/tools/bin/../lib/gcc/arm-none-eabi/13.3.1/../../../../arm-none-eabi/lib/thumb/v7-m/nofp\libc_nano.a(libc_a-wctomb_r.o)
                0x0800d608                __ascii_wctomb
 *fill*         0x0800d622        0x2 
 .text.fprintf  0x0800d624       0x24 C:/ST/STM32CubeIDE_1.18.1/STM32CubeIDE/plugins/com.st.stm32cube.ide.mcu.externaltools.gnu-tools-for-stm32.13.3.rel1.win32_1.0.0.202411081344/tools/bin/../lib/gcc/arm-none-eabi/13.3.1/../../../../arm-none-eabi/lib/thumb/v7-m/nofp\libc_nano.a(libc_a-fprintf.o)
                0x0800d624                fiprintf
                0x0800d624                fprintf
 .text.abort    0x0800d648        0xe C:/ST/STM32CubeIDE_1.18.1/STM32CubeIDE/plugins/com.st.stm32cube.ide.mcu.externaltools.gnu-tools-for-stm32.13.3.rel1.win32_1.0.0.202411081344/tools/bin/../lib/gcc/arm-none-eabi/13.3.1/../../../../arm-none-eabi/lib/thumb/v7-m/nofp\libc_nano.a(libc_a-abort.o)
                0x0800d648                abort
 .text._malloc_usable_size_r
                0x0800d656       0x10 C:/ST/STM32CubeIDE_1.18.1/STM32CubeIDE/plugins/com.st.stm32cube.ide.mcu.externaltools.gnu-tools-for-stm32.13.3.rel1.win32_1.0.0.202411081344/tools/bin/../lib/gcc/arm-none-eabi/13.3.1/../../../../arm-none-eabi/lib/thumb/v7-m/nofp\libc_nano.a(libc_a-msizer.o)
                0x0800d656                _malloc_usable_size_r
 .text.__sfputc_r
                0x0800d666       0x2a C:/ST/STM32CubeIDE_1.18.1/STM32CubeIDE/plugins/com.st.stm32cube.ide.mcu.externaltools.gnu-tools-for-stm32.13.3.rel1.win32_1.0.0.202411081344/tools/bin/../lib/gcc/arm-none-eabi/13.3.1/../../../../arm-none-eabi/lib/thumb/v7-m/nofp\libc_nano.a(libc_a-nano-vfprintf.o)
 .text.__sfputs_r
                0x0800d690       0x24 C:/ST/STM32CubeIDE_1.18.1/STM32CubeIDE/plugins/com.st.stm32cube.ide.mcu.externaltools.gnu-tools-for-stm32.13.3.rel1.win32_1.0.0.202411081344/tools/bin/../lib/gcc/arm-none-eabi/13.3.1/../../../../arm-none-eabi/lib/thumb/v7-m/nofp\libc_nano.a(libc_a-nano-vfprintf.o)
                0x0800d690                __sfputs_r
 .text._vfprintf_r
                0x0800d6b4      0x230 C:/ST/STM32CubeIDE_1.18.1/STM32CubeIDE/plugins/com.st.stm32cube.ide.mcu.externaltools.gnu-tools-for-stm32.13.3.rel1.win32_1.0.0.202411081344/tools/bin/../lib/gcc/arm-none-eabi/13.3.1/../../../../arm-none-eabi/lib/thumb/v7-m/nofp\libc_nano.a(libc_a-nano-vfprintf.o)
                0x0800d6b4                _vfprintf_r
                0x0800d6b4                _vfiprintf_r
 .text.__swbuf_r
                0x0800d8e4       0x7c C:/ST/STM32CubeIDE_1.18.1/STM32CubeIDE/plugins/com.st.stm32cube.ide.mcu.externaltools.gnu-tools-for-stm32.13.3.rel1.win32_1.0.0.202411081344/tools/bin/../lib/gcc/arm-none-eabi/13.3.1/../../../../arm-none-eabi/lib/thumb/v7-m/nofp\libc_nano.a(libc_a-wbuf.o)
                0x0800d8e4                __swbuf_r
 .text.__swsetup_r
                0x0800d960       0xac C:/ST/STM32CubeIDE_1.18.1/STM32CubeIDE/plugins/com.st.stm32cube.ide.mcu.externaltools.gnu-tools-for-stm32.13.3.rel1.win32_1.0.0.202411081344/tools/bin/../lib/gcc/arm-none-eabi/13.3.1/../../../../arm-none-eabi/lib/thumb/v7-m/nofp\libc_nano.a(libc_a-wsetup.o)
                0x0800d960                __swsetup_r
 .text._raise_r
                0x0800da0c       0x50 C:/ST/STM32CubeIDE_1.18.1/STM32CubeIDE/plugins/com.st.stm32cube.ide.mcu.externaltools.gnu-tools-for-stm32.13.3.rel1.win32_1.0.0.202411081344/tools/bin/../lib/gcc/arm-none-eabi/13.3.1/../../../../arm-none-eabi/lib/thumb/v7-m/nofp\libc_nano.a(libc_a-signal.o)
                0x0800da0c                _raise_r
 .text.raise    0x0800da5c       0x10 C:/ST/STM32CubeIDE_1.18.1/STM32CubeIDE/plugins/com.st.stm32cube.ide.mcu.externaltools.gnu-tools-for-stm32.13.3.rel1.win32_1.0.0.202411081344/tools/bin/../lib/gcc/arm-none-eabi/13.3.1/../../../../arm-none-eabi/lib/thumb/v7-m/nofp\libc_nano.a(libc_a-signal.o)
                0x0800da5c                raise
 .text._kill_r  0x0800da6c       0x24 C:/ST/STM32CubeIDE_1.18.1/STM32CubeIDE/plugins/com.st.stm32cube.ide.mcu.externaltools.gnu-tools-for-stm32.13.3.rel1.win32_1.0.0.202411081344/tools/bin/../lib/gcc/arm-none-eabi/13.3.1/../../../../arm-none-eabi/lib/thumb/v7-m/nofp\libc_nano.a(libc_a-signalr.o)
                0x0800da6c                _kill_r
 .text._getpid_r
                0x0800da90        0x4 C:/ST/STM32CubeIDE_1.18.1/STM32CubeIDE/plugins/com.st.stm32cube.ide.mcu.externaltools.gnu-tools-for-stm32.13.3.rel1.win32_1.0.0.202411081344/tools/bin/../lib/gcc/arm-none-eabi/13.3.1/../../../../arm-none-eabi/lib/thumb/v7-m/nofp\libc_nano.a(libc_a-signalr.o)
                0x0800da90                _getpid_r
 .text.__swhatbuf_r