Archive member included to satisfy reference by file (symbol)

../Middlewares/ST/ARM/DSP/Lib/libarm_cortexM3l_math.a(arm_mat_trans_f32.o)
                              ./Core/Inc/SwerveDrive/SwerveDrive.o (arm_mat_trans_f32)
../Middlewares/ST/ARM/DSP/Lib/libarm_cortexM3l_math.a(arm_mat_mult_f32.o)
                              ./Core/Inc/SwerveDrive/SwerveDrive.o (arm_mat_mult_f32)
../Middlewares/ST/ARM/DSP/Lib/libarm_cortexM3l_math.a(arm_mat_inverse_f32.o)
                              ./Core/Inc/SwerveDrive/SwerveDrive.o (arm_mat_inverse_f32)
../Middlewares/ST/ARM/DSP/Lib/libarm_cortexM3l_math.a(arm_mat_init_f32.o)
                              ./Core/Inc/SwerveDrive/SwerveDrive.o (arm_mat_init_f32)
/opt/st/stm32cubeide_2.0.0/plugins/com.st.stm32cube.ide.mcu.externaltools.gnu-tools-for-stm32.13.3.rel1.linux64_1.0.100.202509120712/tools/bin/../lib/gcc/arm-none-eabi/13.3.1/../../../../arm-none-eabi/lib/thumb/v7-m/nofp/libstdc++_nano.a(guard.o)
                              ./Core/Src/main.o (__cxa_guard_acquire)
/opt/st/stm32cubeide_2.0.0/plugins/com.st.stm32cube.ide.mcu.externaltools.gnu-tools-for-stm32.13.3.rel1.linux64_1.0.100.202509120712/tools/bin/../lib/gcc/arm-none-eabi/13.3.1/../../../../arm-none-eabi/lib/thumb/v7-m/nofp/libm.a(libm_a-w_fmod.o)
                              ./Core/Inc/Hardware/CanSparkMax.o (fmod)
/opt/st/stm32cubeide_2.0.0/plugins/com.st.stm32cube.ide.mcu.externaltools.gnu-tools-for-stm32.13.3.rel1.linux64_1.0.100.202509120712/tools/bin/../lib/gcc/arm-none-eabi/13.3.1/../../../../arm-none-eabi/lib/thumb/v7-m/nofp/libm.a(libm_a-s_cos.o)
                              ./Core/Inc/SwerveDrive/SwerveModule.o (cos)
/opt/st/stm32cubeide_2.0.0/plugins/com.st.stm32cube.ide.mcu.externaltools.gnu-tools-for-stm32.13.3.rel1.linux64_1.0.100.202509120712/tools/bin/../lib/gcc/arm-none-eabi/13.3.1/../../../../arm-none-eabi/lib/thumb/v7-m/nofp/libm.a(libm_a-wf_atan2.o)
                              ./Core/Inc/SwerveDrive/SwerveModule.o (atan2f)
/opt/st/stm32cubeide_2.0.0/plugins/com.st.stm32cube.ide.mcu.externaltools.gnu-tools-for-stm32.13.3.rel1.linux64_1.0.100.202509120712/tools/bin/../lib/gcc/arm-none-eabi/13.3.1/../../../../arm-none-eabi/lib/thumb/v7-m/nofp/libm.a(libm_a-wf_sqrt.o)
                              ./Core/Inc/SwerveDrive/SwerveModule.o (sqrtf)
/opt/st/stm32cubeide_2.0.0/plugins/com.st.stm32cube.ide.mcu.externaltools.gnu-tools-for-stm32.13.3.rel1.linux64_1.0.100.202509120712/tools/bin/../lib/gcc/arm-none-eabi/13.3.1/../../../../arm-none-eabi/lib/thumb/v7-m/nofp/libm.a(libm_a-sf_cos.o)
                              ./Core/Inc/SwerveDrive/SwerveDrive.o (cosf)
/opt/st/stm32cubeide_2.0.0/plugins/com.st.stm32cube.ide.mcu.externaltools.gnu-tools-for-stm32.13.3.rel1.linux64_1.0.100.202509120712/tools/bin/../lib/gcc/arm-none-eabi/13.3.1/../../../../arm-none-eabi/lib/thumb/v7-m/nofp/libm.a(libm_a-sf_sin.o)
                              ./Core/Inc/SwerveDrive/SwerveDrive.o (sinf)
/opt/st/stm32cubeide_2.0.0/plugins/com.st.stm32cube.ide.mcu.externaltools.gnu-tools-for-stm32.13.3.rel1.linux64_1.0.100.202509120712/tools/bin/../lib/gcc/arm-none-eabi/13.3.1/../../../../arm-none-eabi/lib/thumb/v7-m/nofp/libm.a(libm_a-ef_sqrt.o)
                              /opt/st/stm32cubeide_2.0.0/plugins/com.st.stm32cube.ide.mcu.externaltools.gnu-tools-for-stm32.13.3.rel1.linux64_1.0.100.202509120712/tools/bin/../lib/gcc/arm-none-eabi/13.3.1/../../../../arm-none-eabi/lib/thumb/v7-m/nofp/libm.a(libm_a-wf_sqrt.o) (__ieee754_sqrtf)
/opt/st/stm32cubeide_2.0.0/plugins/com.st.stm32cube.ide.mcu.externaltools.gnu-tools-for-stm32.13.3.rel1.linux64_1.0.100.202509120712/tools/bin/../lib/gcc/arm-none-eabi/13.3.1/../../../../arm-none-eabi/lib/thumb/v7-m/nofp/libm.a(libm_a-k_cos.o)
                              /opt/st/stm32cubeide_2.0.0/plugins/com.st.stm32cube.ide.mcu.externaltools.gnu-tools-for-stm32.13.3.rel1.linux64_1.0.100.202509120712/tools/bin/../lib/gcc/arm-none-eabi/13.3.1/../../../../arm-none-eabi/lib/thumb/v7-m/nofp/libm.a(libm_a-s_cos.o) (__kernel_cos)
/opt/st/stm32cubeide_2.0.0/plugins/com.st.stm32cube.ide.mcu.externaltools.gnu-tools-for-stm32.13.3.rel1.linux64_1.0.100.202509120712/tools/bin/../lib/gcc/arm-none-eabi/13.3.1/../../../../arm-none-eabi/lib/thumb/v7-m/nofp/libm.a(libm_a-k_sin.o)
                              /opt/st/stm32cubeide_2.0.0/plugins/com.st.stm32cube.ide.mcu.externaltools.gnu-tools-for-stm32.13.3.rel1.linux64_1.0.100.202509120712/tools/bin/../lib/gcc/arm-none-eabi/13.3.1/../../../../arm-none-eabi/lib/thumb/v7-m/nofp/libm.a(libm_a-s_cos.o) (__kernel_sin)
/opt/st/stm32cubeide_2.0.0/plugins/com.st.stm32cube.ide.mcu.externaltools.gnu-tools-for-stm32.13.3.rel1.linux64_1.0.100.202509120712/tools/bin/../lib/gcc/arm-none-eabi/13.3.1/../../../../arm-none-eabi/lib/thumb/v7-m/nofp/libm.a(libm_a-e_fmod.o)
[...]
Memory Configuration

Name             Origin             Length             Attributes
RAM              0x20000000         0x00010000         xrw
FLASH            0x08000000         0x00010000         xr
*default*        0x00000000         0xffffffff

Linker script and memory map

LOAD /opt/st/stm32cubeide_2.0.0/plugins/com.st.stm32cube.ide.mcu.externaltools.gnu-tools-for-stm32.13.3.rel1.linux64_1.0.100.202509120712/tools/bin/../lib/gcc/arm-none-eabi/13.3.1/thumb/v7-m/nofp/crti.o
LOAD /opt/st/stm32cubeide_2.0.0/plugins/com.st.stm32cube.ide.mcu.externaltools.gnu-tools-for-stm32.13.3.rel1.linux64_1.0.100.202509120712/tools/bin/../lib/gcc/arm-none-eabi/13.3.1/thumb/v7-m/nofp/crtbegin.o
LOAD /opt/st/stm32cubeide_2.0.0/plugins/com.st.stm32cube.ide.mcu.externaltools.gnu-tools-for-stm32.13.3.rel1.linux64_1.0.100.202509120712/tools/bin/../lib/gcc/arm-none-eabi/13.3.1/../../../../arm-none-eabi/lib/thumb/v7-m/nofp/crt0.o
LOAD ./Core/Inc/Hardware/CanSparkMax.o
LOAD ./Core/Inc/SwerveDrive/SwerveDrive.o
LOAD ./Core/Inc/SwerveDrive/SwerveModule.o
LOAD ./Core/Src/main.o
LOAD ./Core/Src/stm32f1xx_hal_msp.o
LOAD ./Core/Src/stm32f1xx_it.o
LOAD ./Core/Src/syscalls.o
LOAD ./Core/Src/sysmem.o
LOAD ./Core/Src/system_stm32f1xx.o
LOAD ./Core/Startup/startup_stm32f105r8tx.o
LOAD ./Drivers/STM32F1xx_HAL_Driver/Src/stm32f1xx_hal.o
LOAD ./Drivers/STM32F1xx_HAL_Driver/Src/stm32f1xx_hal_can.o
LOAD ./Drivers/STM32F1xx_HAL_Driver/Src/stm32f1xx_hal_cortex.o
LOAD ./Drivers/STM32F1xx_HAL_Driver/Src/stm32f1xx_hal_dma.o
LOAD ./Drivers/STM32F1xx_HAL_Driver/Src/stm32f1xx_hal_exti.o
LOAD ./Drivers/STM32F1xx_HAL_Driver/Src/stm32f1xx_hal_flash.o
LOAD ./Drivers/STM32F1xx_HAL_Driver/Src/stm32f1xx_hal_flash_ex.o
LOAD ./Drivers/STM32F1xx_HAL_Driver/Src/stm32f1xx_hal_gpio.o
LOAD ./Drivers/STM32F1xx_HAL_Driver/Src/stm32f1xx_hal_gpio_ex.o
LOAD ./Drivers/STM32F1xx_HAL_Driver/Src/stm32f1xx_hal_pcd.o
LOAD ./Drivers/STM32F1xx_HAL_Driver/Src/stm32f1xx_hal_pcd_ex.o
LOAD ./Drivers/STM32F1xx_HAL_Driver/Src/stm32f1xx_hal_pwr.o
LOAD ./Drivers/STM32F1xx_HAL_Driver/Src/stm32f1xx_hal_rcc.o
LOAD ./Drivers/STM32F1xx_HAL_Driver/Src/stm32f1xx_hal_rcc_ex.o
LOAD ./Drivers/STM32F1xx_HAL_Driver/Src/stm32f1xx_ll_usb.o
LOAD ./Middlewares/ST/STM32_USB_Device_Library/Class/CDC/Src/usbd_cdc.o
LOAD ./Middlewares/ST/STM32_USB_Device_Library/Core/Src/usbd_core.o
LOAD ./Middlewares/ST/STM32_USB_Device_Library/Core/Src/usbd_ctlreq.o
LOAD ./Middlewares/ST/STM32_USB_Device_Library/Core/Src/usbd_ioreq.o
LOAD ./USB_DEVICE/App/usb_device.o
LOAD ./USB_DEVICE/App/usbd_cdc_if.o
LOAD ./USB_DEVICE/App/usbd_desc.o
LOAD ./USB_DEVICE/Target/usbd_conf.o
LOAD ../Middlewares/ST/ARM/DSP/Lib/libarm_cortexM3l_math.a
START GROUP
LOAD /opt/st/stm32cubeide_2.0.0/plugins/com.st.stm32cube.ide.mcu.externaltools.gnu-tools-for-stm32.13.3.rel1.linux64_1.0.100.202509120712/tools/bin/../lib/gcc/arm-none-eabi/13.3.1/../../../../arm-none-eabi/lib/thumb/v7-m/nofp/libstdc++_nano.a
LOAD /opt/st/stm32cubeide_2.0.0/plugins/com.st.stm32cube.ide.mcu.externaltools.gnu-tools-for-stm32.13.3.rel1.linux64_1.0.100.202509120712/tools/bin/../lib/gcc/arm-none-eabi/13.3.1/../../../../arm-none-eabi/lib/thumb/v7-m/nofp/libsupc++_nano.a
END GROUP
LOAD /opt/st/stm32cubeide_2.0.0/plugins/com.st.stm32cube.ide.mcu.externaltools.gnu-tools-for-stm32.13.3.rel1.linux64_1.0.100.202509120712/tools/bin/../lib/gcc/arm-none-eabi/13.3.1/../../../../arm-none-eabi/lib/thumb/v7-m/nofp/libstdc++_nano.a
LOAD /opt/st/stm32cubeide_2.0.0/plugins/com.st.stm32cube.ide.mcu.externaltools.gnu-tools-for-stm32.13.3.rel1.linux64_1.0.100.202509120712/tools/bin/../lib/gcc/arm-none-eabi/13.3.1/../../../../arm-none-eabi/lib/thumb/v7-m/nofp/libm.a
LOAD /opt/st/stm32cubeide_2.0.0/plugins/com.st.stm32cube.ide.mcu.externaltools.gnu-tools-for-stm32.13.3.rel1.linux64_1.0.100.202509120712/tools/bin/../lib/gcc/arm-none-eabi/13.3.1/../../../../arm-none-eabi/lib/thumb/v7-m/nofp/libc_nano.a
START GROUP
LOAD /opt/st/stm32cubeide_2.0.0/plugins/com.st.stm32cube.ide.mcu.externaltools.gnu-tools-for-stm32.13.3.rel1.linux64_1.0.100.202509120712/tools/bin/../lib/gcc/arm-none-eabi/13.3.1/thumb/v7-m/nofp/libgcc.a
LOAD /opt/st/stm32cubeide_2.0.0/plugins/com.st.stm32cube.ide.mcu.externaltools.gnu-tools-for-stm32.13.3.rel1.linux64_1.0.100.202509120712/tools/bin/../lib/gcc/arm-none-eabi/13.3.1/../../../../arm-none-eabi/lib/thumb/v7-m/nofp/libc_nano.a
END GROUP
START GROUP
LOAD /opt/st/stm32cubeide_2.0.0/plugins/com.st.stm32cube.ide.mcu.externaltools.gnu-tools-for-stm32.13.3.rel1.linux64_1.0.100.202509120712/tools/bin/../lib/gcc/arm-none-eabi/13.3.1/thumb/v7-m/nofp/libgcc.a
LOAD /opt/st/stm32cubeide_2.0.0/plugins/com.st.stm32cube.ide.mcu.externaltools.gnu-tools-for-stm32.13.3.rel1.linux64_1.0.100.202509120712/tools/bin/../lib/gcc/arm-none-eabi/13.3.1/../../../../arm-none-eabi/lib/thumb/v7-m/nofp/libc_nano.a
LOAD /opt/st/stm32cubeide_2.0.0/plugins/com.st.stm32cube.ide.mcu.externaltools.gnu-tools-for-stm32.13.3.rel1.linux64_1.0.100.202509120712/tools/bin/../lib/gcc/arm-none-eabi/13.3.1/../../../../arm-none-eabi/lib/thumb/v7-m/nofp/libnosys.a
END GROUP
START GROUP
LOAD /opt/st/stm32cubeide_2.0.0/plugins/com.st.stm32cube.ide.mcu.externaltools.gnu-tools-for-stm32.13.3.rel1.linux64_1.0.100.202509120712/tools/bin/../lib/gcc/arm-none-eabi/13.3.1/thumb/v7-m/nofp/libgcc.a
LOAD /opt/st/stm32cubeide_2.0.0/plugins/com.st.stm32cube.ide.mcu.externaltools.gnu-tools-for-stm32.13.3.rel1.linux64_1.0.100.202509120712/tools/bin/../lib/gcc/arm-none-eabi/13.3.1/../../../../arm-none-eabi/lib/thumb/v7-m/nofp/libc_nano.a
LOAD /opt/st/stm32cubeide_2.0.0/plugins/com.st.stm32cube.ide.mcu.externaltools.gnu-tools-for-stm32.13.3.rel1.linux64_1.0.100.202509120712/tools/bin/../lib/gcc/arm-none-eabi/13.3.1/../../../../arm-none-eabi/lib/thumb/v7-m/nofp/libnosys.a
END GROUP
LOAD /opt/st/stm32cubeide_2.0.0/plugins/com.st.stm32cube.ide.mcu.externaltools.gnu-tools-for-stm32.13.3.rel1.linux64_1.0.100.202509120712/tools/bin/../lib/gcc/arm-none-eabi/13.3.1/thumb/v7-m/nofp/crtend.o
LOAD /opt/st/stm32cubeide_2.0.0/plugins/com.st.stm32cube.ide.mcu.externaltools.gnu-tools-for-stm32.13.3.rel1.linux64_1.0.100.202509120712/tools/bin/../lib/gcc/arm-none-eabi/13.3.1/thumb/v7-m/nofp/crtn.o
                0x20010000                        _estack = (ORIGIN (RAM) + LENGTH (RAM))
                0x00000200                        _Min_Heap_Size = 0x200
                0x00000400                        _Min_Stack_Size = 0x400

.isr_vector     0x08000000      0x1e4
                0x08000000                        . = ALIGN (0x4)
 *(.isr_vector)
 .isr_vector    0x08000000      0x1e4 ./Core/Startup/startup_stm32f105r8tx.o
                0x08000000                g_pfnVectors
                0x080001e4                        . = ALIGN (0x4)

.text           0x080001e8     0xe6f8
                0x080001e8                        . = ALIGN (0x4)
 *(.text)
 .text          0x080001e8       0x40 /opt/st/stm32cubeide_2.0.0/plugins/com.st.stm32cube.ide.mcu.externaltools.gnu-tools-for-stm32.13.3.rel1.linux64_1.0.100.202509120712/tools/bin/../lib/gcc/arm-none-eabi/13.3.1/thumb/v7-m/nofp/crtbegin.o
 .text          0x08000228       0x10 /opt/st/stm32cubeide_2.0.0/plugins/com.st.stm32cube.ide.mcu.externaltools.gnu-tools-for-stm32.13.3.rel1.linux64_1.0.100.202509120712/tools/bin/../lib/gcc/arm-none-eabi/13.3.1/../../../../arm-none-eabi/lib/thumb/v7-m/nofp/libc_nano.a(libc_a-strlen.o)
                0x08000228                strlen
 .text          0x08000238      0x378 /opt/st/stm32cubeide_2.0.0/plugins/com.st.stm32cube.ide.mcu.externaltools.gnu-tools-for-stm32.13.3.rel1.linux64_1.0.100.202509120712/tools/bin/../lib/gcc/arm-none-eabi/13.3.1/thumb/v7-m/nofp/libgcc.a(_arm_addsubdf3.o)
                0x08000238                __aeabi_drsub
                0x08000240                __aeabi_dsub
                0x08000240                __subdf3
                0x08000244                __adddf3
                0x08000244                __aeabi_dadd
                0x080004bc                __aeabi_ui2d
                0x080004bc                __floatunsidf
                0x080004dc                __floatsidf
                0x080004dc                __aeabi_i2d
                0x08000500                __extendsfdf2
                0x08000500                __aeabi_f2d
                0x08000544                __aeabi_ul2d
                0x08000544                __floatundidf
                0x08000554                __floatdidf
                0x08000554                __aeabi_l2d
 .text          0x080005b0      0x424 /opt/st/stm32cubeide_2.0.0/plugins/com.st.stm32cube.ide.mcu.externaltools.gnu-tools-for-stm32.13.3.rel1.linux64_1.0.100.202509120712/tools/bin/../lib/gcc/arm-none-eabi/13.3.1/thumb/v7-m/nofp/libgcc.a(_arm_muldivdf3.o)
                0x080005b0                __aeabi_dmul
                0x080005b0                __muldf3
                0x08000804                __aeabi_ddiv
                0x08000804                __divdf3
 .text          0x080009d4      0x110 /opt/st/stm32cubeide_2.0.0/plugins/com.st.stm32cube.ide.mcu.externaltools.gnu-tools-for-stm32.13.3.rel1.linux64_1.0.100.202509120712/tools/bin/../lib/gcc/arm-none-eabi/13.3.1/thumb/v7-m/nofp/libgcc.a(_arm_cmpdf2.o)
                0x080009d4                __gtdf2
                0x080009d4                __gedf2
                0x080009dc                __ltdf2
                0x080009dc                __ledf2
                0x080009e4                __cmpdf2
                0x080009e4                __eqdf2
                0x080009e4                __nedf2
                0x08000a60                __aeabi_cdrcmple
                0x08000a70                __aeabi_cdcmple
                0x08000a70                __aeabi_cdcmpeq
                0x08000a80                __aeabi_dcmpeq
                0x08000a94                __aeabi_dcmplt
                0x08000aa8                __aeabi_dcmple
                0x08000abc                __aeabi_dcmpge
                0x08000ad0                __aeabi_dcmpgt
 .text          0x08000ae4       0x2c /opt/st/stm32cubeide_2.0.0/plugins/com.st.stm32cube.ide.mcu.externaltools.gnu-tools-for-stm32.13.3.rel1.linux64_1.0.100.202509120712/tools/bin/../lib/gcc/arm-none-eabi/13.3.1/thumb/v7-m/nofp/libgcc.a(_arm_unorddf2.o)
                0x08000ae4                __aeabi_dcmpun
                0x08000ae4                __unorddf2
 .text          0x08000b10       0x50 /opt/st/stm32cubeide_2.0.0/plugins/com.st.stm32cube.ide.mcu.externaltools.gnu-tools-for-stm32.13.3.rel1.linux64_1.0.100.202509120712/tools/bin/../lib/gcc/arm-none-eabi/13.3.1/thumb/v7-m/nofp/libgcc.a(_arm_fixdfsi.o)
                0x08000b10                __fixdfsi
                0x08000b10                __aeabi_d2iz
 .text          0x08000b60       0xa0 /opt/st/stm32cubeide_2.0.0/plugins/com.st.stm32cube.ide.mcu.externaltools.gnu-tools-for-stm32.13.3.rel1.linux64_1.0.100.202509120712/tools/bin/../lib/gcc/arm-none-eabi/13.3.1/thumb/v7-m/nofp/libgcc.a(_arm_truncdfsf2.o)
                0x08000b60                __aeabi_d2f
                0x08000b60                __truncdfsf2
 .text          0x08000c00      0x21c /opt/st/stm32cubeide_2.0.0/plugins/com.st.stm32cube.ide.mcu.externaltools.gnu-tools-for-stm32.13.3.rel1.linux64_1.0.100.202509120712/tools/bin/../lib/gcc/arm-none-eabi/13.3.1/thumb/v7-m/nofp/libgcc.a(_arm_addsubsf3.o)
                0x08000c00                __aeabi_frsub
                0x08000c08                __subsf3
                0x08000c08                __aeabi_fsub
                0x08000c0c                __aeabi_fadd
                0x08000c0c                __addsf3
                0x08000d6c                __aeabi_ui2f
                0x08000d6c                __floatunsisf
                0x08000d74                __aeabi_i2f
                0x08000d74                __floatsisf
                0x08000d90                __floatundisf
                0x08000d90                __aeabi_ul2f
                0x08000da0                __floatdisf
                0x08000da0                __aeabi_l2f
 .text          0x08000e1c      0x2a0 /opt/st/stm32cubeide_2.0.0/plugins/com.st.stm32cube.ide.mcu.externaltools.gnu-tools-for-stm32.13.3.rel1.linux64_1.0.100.202509120712/tools/bin/../lib/gcc/arm-none-eabi/13.3.1/thumb/v7-m/nofp/libgcc.a(_arm_muldivsf3.o)
                0x08000e1c                __mulsf3
                0x08000e1c                __aeabi_fmul
                0x08000f84                __divsf3
                0x08000f84                __aeabi_fdiv
 .text          0x080010bc       0xec /opt/st/stm32cubeide_2.0.0/plugins/com.st.stm32cube.ide.mcu.externaltools.gnu-tools-for-stm32.13.3.rel1.linux64_1.0.100.202509120712/tools/bin/../lib/gcc/arm-none-eabi/13.3.1/thumb/v7-m/nofp/libgcc.a(_arm_cmpsf2.o)
                0x080010bc                __gtsf2
                0x080010bc                __gesf2
                0x080010c4                __lesf2
                0x080010c4                __ltsf2
                0x080010cc                __nesf2
                0x080010cc                __eqsf2
                0x080010cc                __cmpsf2
                0x0800112c                __aeabi_cfrcmple
                0x08001134                __aeabi_cfcmple
                0x08001134                __aeabi_cfcmpeq
                0x08001144                __aeabi_fcmpeq
                0x08001158                __aeabi_fcmplt
                0x0800116c                __aeabi_fcmple
                0x08001180                __aeabi_fcmpge
                0x08001194                __aeabi_fcmpgt
 .text          0x080011a8       0x2c /opt/st/stm32cubeide_2.0.0/plugins/com.st.stm32cube.ide.mcu.externaltools.gnu-tools-for-stm32.13.3.rel1.linux64_1.0.100.202509120712/tools/bin/../lib/gcc/arm-none-eabi/13.3.1/thumb/v7-m/nofp/libgcc.a(_arm_unordsf2.o)
                0x080011a8                __aeabi_fcmpun
                0x080011a8                __unordsf2
 .text          0x080011d4       0x4c /opt/st/stm32cubeide_2.0.0/plugins/com.st.stm32cube.ide.mcu.externaltools.gnu-tools-for-stm32.13.3.rel1.linux64_1.0.100.202509120712/tools/bin/../lib/gcc/arm-none-eabi/13.3.1/thumb/v7-m/nofp/libgcc.a(_arm_fixsfsi.o)
                0x080011d4                __fixsfsi
                0x080011d4                __aeabi_f2iz
 .text          0x08001220       0x30 /opt/st/stm32cubeide_2.0.0/plugins/com.st.stm32cube.ide.mcu.externaltools.gnu-tools-for-stm32.13.3.rel1.linux64_1.0.100.202509120712/tools/bin/../lib/gcc/arm-none-eabi/13.3.1/thumb/v7-m/nofp/libgcc.a(_aeabi_uldivmod.o)
                0x08001220                __aeabi_uldivmod
 .text          0x08001250      0x300 /opt/st/stm32cubeide_2.0.0/plugins/com.st.stm32cube.ide.mcu.externaltools.gnu-tools-for-stm32.13.3.rel1.linux64_1.0.100.202509120712/tools/bin/../lib/gcc/arm-none-eabi/13.3.1/thumb/v7-m/nofp/libgcc.a(_udivmoddi4.o)
                0x08001250                __udivmoddi4
 .text          0x08001550        0x4 /opt/st/stm32cubeide_2.0.0/plugins/com.st.stm32cube.ide.mcu.externaltools.gnu-tools-for-stm32.13.3.rel1.linux64_1.0.100.202509120712/tools/bin/../lib/gcc/arm-none-eabi/13.3.1/thumb/v7-m/nofp/libgcc.a(_dvmd_tls.o)
                0x08001550                __aeabi_ldiv0
                0x08001550                __aeabi_idiv0
 *(.text*)
 .text._Z13read_float_lePKh
                0x08001554       0x1e ./Core/Inc/Hardware/CanSparkMax.o
                0x08001554                read_float_le(unsigned char const*)
 *fill*         0x08001572        0x2 
 .text._ZN11CanSparkMaxC2Ehb
                0x08001574       0xbc ./Core/Inc/Hardware/CanSparkMax.o
                0x08001574                CanSparkMax::CanSparkMax(unsigned char, bool)
                0x08001574                CanSparkMax::CanSparkMax(unsigned char, bool)
 .text._ZN11CanSparkMax12sendSparkMsgEhhhhPh
                0x08001630       0xf0 ./Core/Inc/Hardware/CanSparkMax.o
                0x08001630                CanSparkMax::sendSparkMsg(unsigned char, unsigned char, unsigned char, unsigned char, unsigned char*)
 .text._ZN11CanSparkMax13sendHeartbeatEv
                0x08001720       0x2c ./Core/Inc/Hardware/CanSparkMax.o
                0x08001720                CanSparkMax::sendHeartbeat()
 .text._ZN11CanSparkMax11setPositionEf
                0x0800174c       0x46 ./Core/Inc/Hardware/CanSparkMax.o
                0x0800174c                CanSparkMax::setPosition(float)
 .text._ZN11CanSparkMax11setVelocityEf
                0x08001792       0x46 ./Core/Inc/Hardware/CanSparkMax.o
                0x08001792                CanSparkMax::setVelocity(float)
 .text._ZN11CanSparkMax11floatToDataEfPh
                0x080017d8       0x1c ./Core/Inc/Hardware/CanSparkMax.o
                0x080017d8                CanSparkMax::floatToData(float, unsigned char*)
 .text._ZN11CanSparkMax14handleFeedbackEhhPKh
                0x080017f4       0x48 ./Core/Inc/Hardware/CanSparkMax.o
                0x080017f4                CanSparkMax::handleFeedback(unsigned char, unsigned char, unsigned char const*)
 .text._ZN11CanSparkMax19getAbsolutePositionEv
                0x0800183c       0x16 ./Core/Inc/Hardware/CanSparkMax.o
                0x0800183c                CanSparkMax::getAbsolutePosition()
 *fill*         0x08001852        0x6 
 .text._ZN11CanSparkMax8getAngleEv
                0x08001858       0x8c ./Core/Inc/Hardware/CanSparkMax.o
                0x08001858                CanSparkMax::getAngle()
 .text._ZN11CanSparkMax16getDrivePositionEv
                0x080018e4       0x16 ./Core/Inc/Hardware/CanSparkMax.o
                0x080018e4                CanSparkMax::getDrivePosition()
 .text._ZNK12SwerveModule7getXPosEv
                0x080018fa       0x1a ./Core/Inc/SwerveDrive/SwerveDrive.o
                0x080018fa                SwerveModule::getXPos() const
 .text._ZNK12SwerveModule7getYPosEv
                0x08001914       0x1a ./Core/Inc/SwerveDrive/SwerveDrive.o
                0x08001914                SwerveModule::getYPos() const
 .text._ZNK12SwerveModule18getCurrentAngleRadEv
                0x0800192e       0x1a ./Core/Inc/SwerveDrive/SwerveDrive.o
                0x0800192e                SwerveModule::getCurrentAngleRad() const
 .text._ZZN11SwerveDriveC4ER17SwerveDriveConfigENKUliRK12SwerveModuleE_clEiS4_
                0x08001948       0xd6 ./Core/Inc/SwerveDrive/SwerveDrive.o
 .text._ZN11SwerveDriveC2ER17SwerveDriveConfig
                0x08001a1e      0x180 ./Core/Inc/SwerveDrive/SwerveDrive.o
                0x08001a1e                SwerveDrive::SwerveDrive(SwerveDriveConfig&)
                0x08001a1e                SwerveDrive::SwerveDrive(SwerveDriveConfig&)
 .text._ZN11SwerveDrive11updateStateER16SwerveDriveState
                0x08001b9e      0x2ba ./Core/Inc/SwerveDrive/SwerveDrive.o
                0x08001b9e                SwerveDrive::updateState(SwerveDriveState&)
 .text._ZSt5atan2ff
                0x08001e58       0x1c ./Core/Inc/SwerveDrive/SwerveModule.o
                0x08001e58                std::atan2(float, float)
 .text._ZSt4sqrtf
                0x08001e74       0x18 ./Core/Inc/SwerveDrive/SwerveModule.o
                0x08001e74                std::sqrt(float)
 *fill*         0x08001e8c        0x4 
 .text._Z8radiansAd
                0x08001e90       0x4c ./Core/Inc/SwerveDrive/SwerveModule.o
                0x08001e90                radiansA(double)
 .text._ZN12SwerveModuleC2E18SwerveModuleConfig
                0x08001edc       0x92 ./Core/Inc/SwerveDrive/SwerveModule.o
                0x08001edc                SwerveModule::SwerveModule(SwerveModuleConfig)
                0x08001edc                SwerveModule::SwerveModule(SwerveModuleConfig)
 *fill*         0x08001f6e        0x2 
 .text._ZN12SwerveModule13getDriveDeltaEv
                0x08001f70       0xd0 ./Core/Inc/SwerveDrive/SwerveModule.o
                0x08001f70                SwerveModule::getDriveDelta()
 .text._ZN12SwerveModule11updateStateE17SwerveModuleState
                0x08002040      0x284 ./Core/Inc/SwerveDrive/SwerveModule.o
                0x08002040                SwerveModule::updateState(SwerveModuleState)
 *fill*         0x080022c4        0x4 
 .text._Z41__static_initialization_and_destruction_0v
                0x080022c8       0x64 ./Core/Inc/SwerveDrive/SwerveModule.o
 .text._GLOBAL__sub_I_driveMotorGearRatio
                0x0800232c        0xa ./Core/Inc/SwerveDrive/SwerveModule.o
 *fill*         0x08002336        0x2 
 .text._Z15InitSwerveDrivev
                0x08002338      0x1cc ./Core/Src/main.o
                0x08002338                InitSwerveDrive()
 .text.main     0x08002504      0x118 ./Core/Src/main.o
                0x08002504                main
 *fill*         0x0800261c        0x4 
 .text.HAL_CAN_RxFifo0MsgPendingCallback
                0x08002620      0x16c ./Core/Src/main.o
                0x08002620                HAL_CAN_RxFifo0MsgPendingCallback
 .text._ZL12MX_CAN1_Initv
                0x0800278c       0xc0 ./Core/Src/main.o
 .text._ZL12MX_CAN2_Initv
                0x0800284c       0xa0 ./Core/Src/main.o
 .text._ZL12configFilterP17CAN_HandleTypeDefmm
                0x080028ec       0x70 ./Core/Src/main.o
 .text._ZL12MX_GPIO_Initv
                0x0800295c       0x94 ./Core/Src/main.o
 .text._Z18SystemClock_Configv
                0x080029f0       0xe4 ./Core/Src/main.o
                0x080029f0                SystemClock_Config()
 .text.Error_Handler
                0x08002ad4        0xc ./Core/Src/main.o
                0x08002ad4                Error_Handler
 .text.HAL_MspInit
                0x08002ae0       0x64 ./Core/Src/stm32f1xx_hal_msp.o
                0x08002ae0                HAL_MspInit
 .text.HAL_CAN_MspInit
                0x08002b44      0x1b4 ./Core/Src/stm32f1xx_hal_msp.o
                0x08002b44                HAL_CAN_MspInit
 .text.NMI_Handler
                0x08002cf8        0x8 ./Core/Src/stm32f1xx_it.o
                0x08002cf8                NMI_Handler
 .text.HardFault_Handler
                0x08002d00        0x8 ./Core/Src/stm32f1xx_it.o
                0x08002d00                HardFault_Handler
 .text.MemManage_Handler
                0x08002d08        0x8 ./Core/Src/stm32f1xx_it.o
                0x08002d08                MemManage_Handler
 .text.BusFault_Handler
                0x08002d10        0x8 ./Core/Src/stm32f1xx_it.o
                0x08002d10                BusFault_Handler
 .text.UsageFault_Handler
                0x08002d18        0x8 ./Core/Src/stm32f1xx_it.o
                0x08002d18                UsageFault_Handler
 .text.SVC_Handler
                0x08002d20        0xc ./Core/Src/stm32f1xx_it.o
                0x08002d20                SVC_Handler
 .text.DebugMon_Handler
                0x08002d2c        0xc ./Core/Src/stm32f1xx_it.o
                0x08002d2c                DebugMon_Handler
 .text.PendSV_Handler
                0x08002d38        0xc ./Core/Src/stm32f1xx_it.o
                0x08002d38                PendSV_Handler
 .text.SysTick_Handler
                0x08002d44        0xc ./Core/Src/stm32f1xx_it.o
                0x08002d44                SysTick_Handler
 .text.CAN1_TX_IRQHandler
                0x08002d50       0x14 ./Core/Src/stm32f1xx_it.o
                0x08002d50                CAN1_TX_IRQHandler
 .text.CAN1_RX0_IRQHandler
                0x08002d64       0x14 ./Core/Src/stm32f1xx_it.o
                0x08002d64                CAN1_RX0_IRQHandler
 .text.CAN2_TX_IRQHandler
                0x08002d78       0x14 ./Core/Src/stm32f1xx_it.o
                0x08002d78                CAN2_TX_IRQHandler
 .text.CAN2_RX0_IRQHandler
                0x08002d8c       0x14 ./Core/Src/stm32f1xx_it.o
                0x08002d8c                CAN2_RX0_IRQHandler
 .text.OTG_FS_IRQHandler
                0x08002da0       0x14 ./Core/Src/stm32f1xx_it.o
                0x08002da0                OTG_FS_IRQHandler
 .text._getpid  0x08002db4        0xe ./Core/Src/syscalls.o
                0x08002db4                _getpid
 .text._kill    0x08002dc2       0x20 ./Core/Src/syscalls.o
                0x08002dc2                _kill
 .text._exit    0x08002de2       0x16 ./Core/Src/syscalls.o
                0x08002de2                _exit
 .text._read    0x08002df8       0x3a ./Core/Src/syscalls.o
                0x08002df8                _read
 .text._write   0x08002e32       0x38 ./Core/Src/syscalls.o
                0x08002e32                _write
 .text._close   0x08002e6a       0x16 ./Core/Src/syscalls.o
                0x08002e6a                _close
 .text._fstat   0x08002e80       0x1e ./Core/Src/syscalls.o
                0x08002e80                _fstat
 .text._isatty  0x08002e9e       0x14 ./Core/Src/syscalls.o
                0x08002e9e                _isatty
 .text._lseek   0x08002eb2       0x18 ./Core/Src/syscalls.o
                0x08002eb2                _lseek
 *fill*         0x08002eca        0x2 
 .text._sbrk    0x08002ecc       0x6c ./Core/Src/sysmem.o
                0x08002ecc                _sbrk
 .text.SystemInit
                0x08002f38        0xc ./Core/Src/system_stm32f1xx.o
                0x08002f38                SystemInit
 .text.Reset_Handler
                0x08002f44       0x48 ./Core/Startup/startup_stm32f105r8tx.o
                0x08002f44                Reset_Handler
 .text.Default_Handler
                0x08002f8c        0x2 ./Core/Startup/startup_stm32f105r8tx.o
                0x08002f8c                RTC_Alarm_IRQHandler
                0x08002f8c                EXTI2_IRQHandler
                0x08002f8c                TIM1_CC_IRQHandler
                0x08002f8c                TIM6_IRQHandler
                0x08002f8c                PVD_IRQHandler
                0x08002f8c                CAN2_RX1_IRQHandler
                0x08002f8c                EXTI3_IRQHandler
                0x08002f8c                EXTI0_IRQHandler
                0x08002f8c                I2C2_EV_IRQHandler
                0x08002f8c                CAN2_SCE_IRQHandler
                0x08002f8c                ADC1_2_IRQHandler
                0x08002f8c                SPI1_IRQHandler
                0x08002f8c                TAMPER_IRQHandler
                0x08002f8c                DMA2_Channel2_IRQHandler
                0x08002f8c                DMA1_Channel4_IRQHandler
                0x08002f8c                USART3_IRQHandler
                0x08002f8c                RTC_IRQHandler
                0x08002f8c                DMA1_Channel7_IRQHandler
                0x08002f8c                CAN1_RX1_IRQHandler
                0x08002f8c                UART5_IRQHandler
                0x08002f8c                TIM4_IRQHandler
                0x08002f8c                DMA2_Channel1_IRQHandler
                0x08002f8c                I2C1_EV_IRQHandler
                0x08002f8c                DMA1_Channel6_IRQHandler
                0x08002f8c                UART4_IRQHandler
                0x08002f8c                DMA2_Channel4_IRQHandler
                0x08002f8c                TIM3_IRQHandler
                0x08002f8c                RCC_IRQHandler
                0x08002f8c                TIM1_TRG_COM_IRQHandler
                0x08002f8c                DMA1_Channel1_IRQHandler
                0x08002f8c                Default_Handler
                0x08002f8c                EXTI15_10_IRQHandler
                0x08002f8c                TIM7_IRQHandler
                0x08002f8c                TIM5_IRQHandler
                0x08002f8c                EXTI9_5_IRQHandler
                0x08002f8c                SPI2_IRQHandler
                0x08002f8c                DMA2_Channel5_IRQHandler
                0x08002f8c                DMA1_Channel5_IRQHandler
                0x08002f8c                EXTI4_IRQHandler
                0x08002f8c                DMA1_Channel3_IRQHandler
                0x08002f8c                TIM1_UP_IRQHandler
                0x08002f8c                WWDG_IRQHandler
                0x08002f8c                TIM2_IRQHandler
                0x08002f8c                OTG_FS_WKUP_IRQHandler
                0x08002f8c                TIM1_BRK_IRQHandler
                0x08002f8c                EXTI1_IRQHandler
                0x08002f8c                USART2_IRQHandler
                0x08002f8c                I2C2_ER_IRQHandler
                0x08002f8c                DMA1_Channel2_IRQHandler
                0x08002f8c                CAN1_SCE_IRQHandler
                0x08002f8c                FLASH_IRQHandler
                0x08002f8c                USART1_IRQHandler
                0x08002f8c                SPI3_IRQHandler
                0x08002f8c                I2C1_ER_IRQHandler
                0x08002f8c                DMA2_Channel3_IRQHandler
 *fill*         0x08002f8e        0x2 
 .text.HAL_Init
                0x08002f90       0x2c ./Drivers/STM32F1xx_HAL_Driver/Src/stm32f1xx_hal.o
                0x08002f90                HAL_Init
 .text.HAL_InitTick
                0x08002fbc       0x60 ./Drivers/STM32F1xx_HAL_Driver/Src/stm32f1xx_hal.o
                0x08002fbc                HAL_InitTick
 .text.HAL_IncTick
                0x0800301c       0x24 ./Drivers/STM32F1xx_HAL_Driver/Src/stm32f1xx_hal.o
                0x0800301c                HAL_IncTick
 .text.HAL_GetTick
                0x08003040       0x14 ./Drivers/STM32F1xx_HAL_Driver/Src/stm32f1xx_hal.o
                0x08003040                HAL_GetTick
 .text.HAL_Delay
                0x08003054       0x48 ./Drivers/STM32F1xx_HAL_Driver/Src/stm32f1xx_hal.o
                0x08003054                HAL_Delay
 .text.HAL_CAN_Init
                0x0800309c      0x1f6 ./Drivers/STM32F1xx_HAL_Driver/Src/stm32f1xx_hal_can.o
                0x0800309c                HAL_CAN_Init
 *fill*         0x08003292        0x2 
 .text.HAL_CAN_ConfigFilter
                0x08003294      0x1c0 ./Drivers/STM32F1xx_HAL_Driver/Src/stm32f1xx_hal_can.o
                0x08003294                HAL_CAN_ConfigFilter
 .text.HAL_CAN_Start
                0x08003454       0x88 ./Drivers/STM32F1xx_HAL_Driver/Src/stm32f1xx_hal_can.o
                0x08003454                HAL_CAN_Start
 .text.HAL_CAN_Stop
                0x080034dc       0x92 ./Drivers/STM32F1xx_HAL_Driver/Src/stm32f1xx_hal_can.o
                0x080034dc                HAL_CAN_Stop
 .text.HAL_CAN_AddTxMessage
                0x0800356e      0x19e ./Drivers/STM32F1xx_HAL_Driver/Src/stm32f1xx_hal_can.o
                0x0800356e                HAL_CAN_AddTxMessage
 .text.HAL_CAN_GetTxMailboxesFreeLevel
                0x0800370c       0x68 ./Drivers/STM32F1xx_HAL_Driver/Src/stm32f1xx_hal_can.o
                0x0800370c                HAL_CAN_GetTxMailboxesFreeLevel
 .text.HAL_CAN_GetRxMessage
                0x08003774      0x242 ./Drivers/STM32F1xx_HAL_Driver/Src/stm32f1xx_hal_can.o
                0x08003774                HAL_CAN_GetRxMessage
 .text.HAL_CAN_ActivateNotification
                0x080039b6       0x4a ./Drivers/STM32F1xx_HAL_Driver/Src/stm32f1xx_hal_can.o
                0x080039b6                HAL_CAN_ActivateNotification
 .text.HAL_CAN_IRQHandler
                0x08003a00      0x36e ./Drivers/STM32F1xx_HAL_Driver/Src/stm32f1xx_hal_can.o
                0x08003a00                HAL_CAN_IRQHandler
 .text.HAL_CAN_TxMailbox0CompleteCallback
                0x08003d6e       0x12 ./Drivers/STM32F1xx_HAL_Driver/Src/stm32f1xx_hal_can.o
                0x08003d6e                HAL_CAN_TxMailbox0CompleteCallback
 .text.HAL_CAN_TxMailbox1CompleteCallback
                0x08003d80       0x12 ./Drivers/STM32F1xx_HAL_Driver/Src/stm32f1xx_hal_can.o
                0x08003d80                HAL_CAN_TxMailbox1CompleteCallback
 .text.HAL_CAN_TxMailbox2CompleteCallback
                0x08003d92       0x12 ./Drivers/STM32F1xx_HAL_Driver/Src/stm32f1xx_hal_can.o
                0x08003d92                HAL_CAN_TxMailbox2CompleteCallback
 .text.HAL_CAN_TxMailbox0AbortCallback
                0x08003da4       0x12 ./Drivers/STM32F1xx_HAL_Driver/Src/stm32f1xx_hal_can.o
                0x08003da4                HAL_CAN_TxMailbox0AbortCallback
 .text.HAL_CAN_TxMailbox1AbortCallback
                0x08003db6       0x12 ./Drivers/STM32F1xx_HAL_Driver/Src/stm32f1xx_hal_can.o
                0x08003db6                HAL_CAN_TxMailbox1AbortCallback
 .text.HAL_CAN_TxMailbox2AbortCallback
                0x08003dc8       0x12 ./Drivers/STM32F1xx_HAL_Driver/Src/stm32f1xx_hal_can.o
                0x08003dc8                HAL_CAN_TxMailbox2AbortCallback
 .text.HAL_CAN_RxFifo0FullCallback
                0x08003dda       0x12 ./Drivers/STM32F1xx_HAL_Driver/Src/stm32f1xx_hal_can.o
                0x08003dda                HAL_CAN_RxFifo0FullCallback
 .text.HAL_CAN_RxFifo1MsgPendingCallback
                0x08003dec       0x12 ./Drivers/STM32F1xx_HAL_Driver/Src/stm32f1xx_hal_can.o
                0x08003dec                HAL_CAN_RxFifo1MsgPendingCallback
 .text.HAL_CAN_RxFifo1FullCallback
                0x08003dfe       0x12 ./Drivers/STM32F1xx_HAL_Driver/Src/stm32f1xx_hal_can.o
                0x08003dfe                HAL_CAN_RxFifo1FullCallback
 .text.HAL_CAN_SleepCallback
                0x08003e10       0x12 ./Drivers/STM32F1xx_HAL_Driver/Src/stm32f1xx_hal_can.o
                0x08003e10                HAL_CAN_SleepCallback
 .text.HAL_CAN_WakeUpFromRxMsgCallback
                0x08003e22       0x12 ./Drivers/STM32F1xx_HAL_Driver/Src/stm32f1xx_hal_can.o
                0x08003e22                HAL_CAN_WakeUpFromRxMsgCallback
 .text.HAL_CAN_ErrorCallback
                0x08003e34       0x12 ./Drivers/STM32F1xx_HAL_Driver/Src/stm32f1xx_hal_can.o
                0x08003e34                HAL_CAN_ErrorCallback
 .text.HAL_CAN_GetError
                0x08003e46       0x16 ./Drivers/STM32F1xx_HAL_Driver/Src/stm32f1xx_hal_can.o
                0x08003e46                HAL_CAN_GetError
 .text.__NVIC_SetPriorityGrouping
                0x08003e5c       0x48 ./Drivers/STM32F1xx_HAL_Driver/Src/stm32f1xx_hal_cortex.o
 .text.__NVIC_GetPriorityGrouping
                0x08003ea4       0x1c ./Drivers/STM32F1xx_HAL_Driver/Src/stm32f1xx_hal_cortex.o
 .text.__NVIC_EnableIRQ
                0x08003ec0       0x38 ./Drivers/STM32F1xx_HAL_Driver/Src/stm32f1xx_hal_cortex.o
 .text.__NVIC_SetPriority
                0x08003ef8       0x54 ./Drivers/STM32F1xx_HAL_Driver/Src/stm32f1xx_hal_cortex.o
 .text.NVIC_EncodePriority
                0x08003f4c       0x64 ./Drivers/STM32F1xx_HAL_Driver/Src/stm32f1xx_hal_cortex.o
 .text.SysTick_Config
                0x08003fb0       0x44 ./Drivers/STM32F1xx_HAL_Driver/Src/stm32f1xx_hal_cortex.o
 .text.HAL_NVIC_SetPriorityGrouping
                0x08003ff4       0x16 ./Drivers/STM32F1xx_HAL_Driver/Src/stm32f1xx_hal_cortex.o
                0x08003ff4                HAL_NVIC_SetPriorityGrouping
 .text.HAL_NVIC_SetPriority
                0x0800400a       0x38 ./Drivers/STM32F1xx_HAL_Driver/Src/stm32f1xx_hal_cortex.o
                0x0800400a                HAL_NVIC_SetPriority
 .text.HAL_NVIC_EnableIRQ
                0x08004042       0x1c ./Drivers/STM32F1xx_HAL_Driver/Src/stm32f1xx_hal_cortex.o
                0x08004042                HAL_NVIC_EnableIRQ
 .text.HAL_SYSTICK_Config
                0x0800405e       0x18 ./Drivers/STM32F1xx_HAL_Driver/Src/stm32f1xx_hal_cortex.o
                0x0800405e                HAL_SYSTICK_Config
 *fill*         0x08004076        0x2 
 .text.HAL_GPIO_Init
                0x08004078      0x308 ./Drivers/STM32F1xx_HAL_Driver/Src/stm32f1xx_hal_gpio.o
                0x08004078                HAL_GPIO_Init
 .text.HAL_GPIO_WritePin
                0x08004380       0x30 ./Drivers/STM32F1xx_HAL_Driver/Src/stm32f1xx_hal_gpio.o
                0x08004380                HAL_GPIO_WritePin
 .text.HAL_GPIO_TogglePin
                0x080043b0       0x32 ./Drivers/STM32F1xx_HAL_Driver/Src/stm32f1xx_hal_gpio.o
                0x080043b0                HAL_GPIO_TogglePin
 .text.HAL_PCD_Init
                0x080043e2      0x210 ./Drivers/STM32F1xx_HAL_Driver/Src/stm32f1xx_hal_pcd.o
                0x080043e2                HAL_PCD_Init
 .text.HAL_PCD_Start
                0x080045f2       0x44 ./Drivers/STM32F1xx_HAL_Driver/Src/stm32f1xx_hal_pcd.o
                0x080045f2                HAL_PCD_Start
 .text.HAL_PCD_IRQHandler
                0x08004636      0x8b6 ./Drivers/STM32F1xx_HAL_Driver/Src/stm32f1xx_hal_pcd.o
                0x08004636                HAL_PCD_IRQHandler
 .text.HAL_PCD_SetAddress
                0x08004eec       0x48 ./Drivers/STM32F1xx_HAL_Driver/Src/stm32f1xx_hal_pcd.o
                0x08004eec                HAL_PCD_SetAddress
 .text.HAL_PCD_EP_Open
                0x08004f34       0xd0 ./Drivers/STM32F1xx_HAL_Driver/Src/stm32f1xx_hal_pcd.o
                0x08004f34                HAL_PCD_EP_Open
 .text.HAL_PCD_EP_Close
                0x08005004       0x94 ./Drivers/STM32F1xx_HAL_Driver/Src/stm32f1xx_hal_pcd.o
                0x08005004                HAL_PCD_EP_Close
 .text.HAL_PCD_EP_Receive
                0x08005098       0x64 ./Drivers/STM32F1xx_HAL_Driver/Src/stm32f1xx_hal_pcd.o
                0x08005098                HAL_PCD_EP_Receive
 .text.HAL_PCD_EP_GetRxCount
                0x080050fc       0x2e ./Drivers/STM32F1xx_HAL_Driver/Src/stm32f1xx_hal_pcd.o
                0x080050fc                HAL_PCD_EP_GetRxCount
 .text.HAL_PCD_EP_Transmit
                0x0800512a       0x62 ./Drivers/STM32F1xx_HAL_Driver/Src/stm32f1xx_hal_pcd.o
                0x0800512a                HAL_PCD_EP_Transmit
 .text.HAL_PCD_EP_SetStall
                0x0800518c       0xc4 ./Drivers/STM32F1xx_HAL_Driver/Src/stm32f1xx_hal_pcd.o
                0x0800518c                HAL_PCD_EP_SetStall
 .text.HAL_PCD_EP_ClrStall
                0x08005250       0xac ./Drivers/STM32F1xx_HAL_Driver/Src/stm32f1xx_hal_pcd.o
                0x08005250                HAL_PCD_EP_ClrStall
 .text.HAL_PCD_EP_Abort
                0x080052fc       0x62 ./Drivers/STM32F1xx_HAL_Driver/Src/stm32f1xx_hal_pcd.o
                0x080052fc                HAL_PCD_EP_Abort
 .text.PCD_WriteEmptyTxFifo
                0x0800535e      0x110 ./Drivers/STM32F1xx_HAL_Driver/Src/stm32f1xx_hal_pcd.o
 *fill*         0x0800546e        0x2 
 .text.PCD_EP_OutXfrComplete_int
                0x08005470       0x9c ./Drivers/STM32F1xx_HAL_Driver/Src/stm32f1xx_hal_pcd.o
 .text.PCD_EP_OutSetupPacket_int
                0x0800550c       0x68 ./Drivers/STM32F1xx_HAL_Driver/Src/stm32f1xx_hal_pcd.o
 .text.HAL_PCDEx_SetTxFiFo
                0x08005574       0x8c ./Drivers/STM32F1xx_HAL_Driver/Src/stm32f1xx_hal_pcd_ex.o
                0x08005574                HAL_PCDEx_SetTxFiFo
 .text.HAL_PCDEx_SetRxFiFo
                0x08005600       0x20 ./Drivers/STM32F1xx_HAL_Driver/Src/stm32f1xx_hal_pcd_ex.o
                0x08005600                HAL_PCDEx_SetRxFiFo
 .text.HAL_RCC_OscConfig
                0x08005620      0x62c ./Drivers/STM32F1xx_HAL_Driver/Src/stm32f1xx_hal_rcc.o
                0x08005620                HAL_RCC_OscConfig
 .text.HAL_RCC_ClockConfig
                0x08005c4c      0x1d4 ./Drivers/STM32F1xx_HAL_Driver/Src/stm32f1xx_hal_rcc.o
                0x08005c4c                HAL_RCC_ClockConfig
 .text.HAL_RCC_GetSysClockFreq
                0x08005e20      0x1e8 ./Drivers/STM32F1xx_HAL_Driver/Src/stm32f1xx_hal_rcc.o
                0x08005e20                HAL_RCC_GetSysClockFreq
 .text.HAL_RCC_GetHCLKFreq
                0x08006008       0x14 ./Drivers/STM32F1xx_HAL_Driver/Src/stm32f1xx_hal_rcc.o
                0x08006008                HAL_RCC_GetHCLKFreq
 .text.RCC_Delay
                0x0800601c       0x3c ./Drivers/STM32F1xx_HAL_Driver/Src/stm32f1xx_hal_rcc.o
 .text.HAL_RCCEx_PeriphCLKConfig
                0x08006058      0x264 ./Drivers/STM32F1xx_HAL_Driver/Src/stm32f1xx_hal_rcc_ex.o
                0x08006058                HAL_RCCEx_PeriphCLKConfig
 .text.USB_CoreInit
                0x080062bc       0x44 ./Drivers/STM32F1xx_HAL_Driver/Src/stm32f1xx_ll_usb.o
                0x080062bc                USB_CoreInit
 .text.USB_SetTurnaroundTime
                0x08006300      0x138 ./Drivers/STM32F1xx_HAL_Driver/Src/stm32f1xx_ll_usb.o
                0x08006300                USB_SetTurnaroundTime
 .text.USB_EnableGlobalInt
                0x08006438       0x20 ./Drivers/STM32F1xx_HAL_Driver/Src/stm32f1xx_ll_usb.o
                0x08006438                USB_EnableGlobalInt
 .text.USB_DisableGlobalInt
                0x08006458       0x20 ./Drivers/STM32F1xx_HAL_Driver/Src/stm32f1xx_ll_usb.o
                0x08006458                USB_DisableGlobalInt
 .text.USB_SetCurrentMode
                0x08006478       0x98 ./Drivers/STM32F1xx_HAL_Driver/Src/stm32f1xx_ll_usb.o
                0x08006478                USB_SetCurrentMode
 .text.USB_DevInit
                0x08006510      0x250 ./Drivers/STM32F1xx_HAL_Driver/Src/stm32f1xx_ll_usb.o
                0x08006510                USB_DevInit
 .text.USB_FlushTxFifo
                0x08006760       0x62 ./Drivers/STM32F1xx_HAL_Driver/Src/stm32f1xx_ll_usb.o
                0x08006760                USB_FlushTxFifo
 .text.USB_FlushRxFifo
                0x080067c2       0x5a ./Drivers/STM32F1xx_HAL_Driver/Src/stm32f1xx_ll_usb.o
                0x080067c2                USB_FlushRxFifo
 .text.USB_SetDevSpeed
                0x0800681c       0x30 ./Drivers/STM32F1xx_HAL_Driver/Src/stm32f1xx_ll_usb.o
                0x0800681c                USB_SetDevSpeed
 .text.USB_GetDevSpeed
                0x0800684c       0x3c ./Drivers/STM32F1xx_HAL_Driver/Src/stm32f1xx_ll_usb.o
                0x0800684c                USB_GetDevSpeed
 .text.USB_ActivateEndpoint
                0x08006888      0x10c ./Drivers/STM32F1xx_HAL_Driver/Src/stm32f1xx_ll_usb.o
                0x08006888                USB_ActivateEndpoint
 .text.USB_DeactivateEndpoint
                0x08006994      0x1b8 ./Drivers/STM32F1xx_HAL_Driver/Src/stm32f1xx_ll_usb.o
                0x08006994                USB_DeactivateEndpoint
 .text.USB_EPStartXfer
                0x08006b4c      0x464 ./Drivers/STM32F1xx_HAL_Driver/Src/stm32f1xx_ll_usb.o
                0x08006b4c                USB_EPStartXfer
 .text.USB_EPStopXfer
                0x08006fb0      0x152 ./Drivers/STM32F1xx_HAL_Driver/Src/stm32f1xx_ll_usb.o
                0x08006fb0                USB_EPStopXfer
 .text.USB_WritePacket
                0x08007102       0x72 ./Drivers/STM32F1xx_HAL_Driver/Src/stm32f1xx_ll_usb.o
                0x08007102                USB_WritePacket
 .text.USB_ReadPacket
                0x08007174       0xae ./Drivers/STM32F1xx_HAL_Driver/Src/stm32f1xx_ll_usb.o
                0x08007174                USB_ReadPacket
 .text.USB_EPSetStall
                0x08007222       0xda ./Drivers/STM32F1xx_HAL_Driver/Src/stm32f1xx_ll_usb.o
                0x08007222                USB_EPSetStall
 .text.USB_EPClearStall
                0x080072fc       0xca ./Drivers/STM32F1xx_HAL_Driver/Src/stm32f1xx_ll_usb.o
                0x080072fc                USB_EPClearStall
 .text.USB_SetDevAddress
                0x080073c6       0x4a ./Drivers/STM32F1xx_HAL_Driver/Src/stm32f1xx_ll_usb.o
                0x080073c6                USB_SetDevAddress
 .text.USB_DevConnect
                0x08007410       0x40 ./Drivers/STM32F1xx_HAL_Driver/Src/stm32f1xx_ll_usb.o
                0x08007410                USB_DevConnect
 .text.USB_DevDisconnect
                0x08007450       0x40 ./Drivers/STM32F1xx_HAL_Driver/Src/stm32f1xx_ll_usb.o
                0x08007450                USB_DevDisconnect
 .text.USB_ReadInterrupts
                0x08007490       0x24 ./Drivers/STM32F1xx_HAL_Driver/Src/stm32f1xx_ll_usb.o
                0x08007490                USB_ReadInterrupts
 .text.USB_ReadDevAllOutEpInterrupt
                0x080074b4       0x32 ./Drivers/STM32F1xx_HAL_Driver/Src/stm32f1xx_ll_usb.o
                0x080074b4                USB_ReadDevAllOutEpInterrupt
 .text.USB_ReadDevAllInEpInterrupt
                0x080074e6       0x32 ./Drivers/STM32F1xx_HAL_Driver/Src/stm32f1xx_ll_usb.o
                0x080074e6                USB_ReadDevAllInEpInterrupt
 .text.USB_ReadDevOutEPInterrupt
                0x08007518       0x3a ./Drivers/STM32F1xx_HAL_Driver/Src/stm32f1xx_ll_usb.o
                0x08007518                USB_ReadDevOutEPInterrupt
 .text.USB_ReadDevInEPInterrupt
                0x08007552       0x5a ./Drivers/STM32F1xx_HAL_Driver/Src/stm32f1xx_ll_usb.o
                0x08007552                USB_ReadDevInEPInterrupt
 .text.USB_GetMode
                0x080075ac       0x1a ./Drivers/STM32F1xx_HAL_Driver/Src/stm32f1xx_ll_usb.o
                0x080075ac                USB_GetMode
 .text.USB_ActivateSetup
                0x080075c6       0x44 ./Drivers/STM32F1xx_HAL_Driver/Src/stm32f1xx_ll_usb.o
                0x080075c6                USB_ActivateSetup
 *fill*         0x0800760a        0x2 
 .text.USB_EP0_OutStart
                0x0800760c       0x90 ./Drivers/STM32F1xx_HAL_Driver/Src/stm32f1xx_ll_usb.o
                0x0800760c                USB_EP0_OutStart
 .text.USB_CoreReset
                0x0800769c       0x60 ./Drivers/STM32F1xx_HAL_Driver/Src/stm32f1xx_ll_usb.o
 .text.USBD_CDC_Init
                0x080076fc       0xf4 ./Middlewares/ST/STM32_USB_Device_Library/Class/CDC/Src/usbd_cdc.o
 .text.USBD_CDC_DeInit
                0x080077f0       0x6e ./Middlewares/ST/STM32_USB_Device_Library/Class/CDC/Src/usbd_cdc.o
 .text.USBD_CDC_Setup
                0x0800785e      0x146 ./Middlewares/ST/STM32_USB_Device_Library/Class/CDC/Src/usbd_cdc.o
 .text.USBD_CDC_DataIn
                0x080079a4       0xa6 ./Middlewares/ST/STM32_USB_Device_Library/Class/CDC/Src/usbd_cdc.o
 .text.USBD_CDC_DataOut
                0x08007a4a       0x56 ./Middlewares/ST/STM32_USB_Device_Library/Class/CDC/Src/usbd_cdc.o
 .text.USBD_CDC_EP0_RxReady
                0x08007aa0       0x4e ./Middlewares/ST/STM32_USB_Device_Library/Class/CDC/Src/usbd_cdc.o
 *fill*         0x08007aee        0x2 
 .text.USBD_CDC_GetFSCfgDesc
                0x08007af0       0x20 ./Middlewares/ST/STM32_USB_Device_Library/Class/CDC/Src/usbd_cdc.o
 .text.USBD_CDC_GetHSCfgDesc
                0x08007b10       0x20 ./Middlewares/ST/STM32_USB_Device_Library/Class/CDC/Src/usbd_cdc.o
 .text.USBD_CDC_GetOtherSpeedCfgDesc
                0x08007b30       0x20 ./Middlewares/ST/STM32_USB_Device_Library/Class/CDC/Src/usbd_cdc.o
 .text.USBD_CDC_GetDeviceQualifierDescriptor
                0x08007b50       0x20 ./Middlewares/ST/STM32_USB_Device_Library/Class/CDC/Src/usbd_cdc.o
                0x08007b50                USBD_CDC_GetDeviceQualifierDescriptor
 .text.USBD_CDC_RegisterInterface
                0x08007b70       0x2c ./Middlewares/ST/STM32_USB_Device_Library/Class/CDC/Src/usbd_cdc.o
                0x08007b70                USBD_CDC_RegisterInterface
 .text.USBD_CDC_SetTxBuffer
                0x08007b9c       0x32 ./Middlewares/ST/STM32_USB_Device_Library/Class/CDC/Src/usbd_cdc.o
                0x08007b9c                USBD_CDC_SetTxBuffer
 .text.USBD_CDC_SetRxBuffer
                0x08007bce       0x26 ./Middlewares/ST/STM32_USB_Device_Library/Class/CDC/Src/usbd_cdc.o
                0x08007bce                USBD_CDC_SetRxBuffer
 .text.USBD_CDC_ReceivePacket
                0x08007bf4       0x54 ./Middlewares/ST/STM32_USB_Device_Library/Class/CDC/Src/usbd_cdc.o
                0x08007bf4                USBD_CDC_ReceivePacket
 .text.USBD_Init
                0x08007c48       0x56 ./Middlewares/ST/STM32_USB_Device_Library/Core/Src/usbd_core.o
                0x08007c48                USBD_Init
 .text.USBD_RegisterClass
                0x08007c9e       0x32 ./Middlewares/ST/STM32_USB_Device_Library/Core/Src/usbd_core.o
                0x08007c9e                USBD_RegisterClass
 .text.USBD_Start
                0x08007cd0       0x18 ./Middlewares/ST/STM32_USB_Device_Library/Core/Src/usbd_core.o
                0x08007cd0                USBD_Start
 .text.USBD_RunTestMode
                0x08007ce8       0x14 ./Middlewares/ST/STM32_USB_Device_Library/Core/Src/usbd_core.o
                0x08007ce8                USBD_RunTestMode
 .text.USBD_SetClassConfig
                0x08007cfc       0x3e ./Middlewares/ST/STM32_USB_Device_Library/Core/Src/usbd_core.o
                0x08007cfc                USBD_SetClassConfig
 .text.USBD_ClrClassConfig
                0x08007d3a       0x26 ./Middlewares/ST/STM32_USB_Device_Library/Core/Src/usbd_core.o
                0x08007d3a                USBD_ClrClassConfig
 .text.USBD_LL_SetupStage
                0x08007d60       0x9a ./Middlewares/ST/STM32_USB_Device_Library/Core/Src/usbd_core.o
                0x08007d60                USBD_LL_SetupStage
 .text.USBD_LL_DataOutStage
                0x08007dfa       0xe2 ./Middlewares/ST/STM32_USB_Device_Library/Core/Src/usbd_core.o
                0x08007dfa                USBD_LL_DataOutStage
 .text.USBD_LL_DataInStage
                0x08007edc      0x14a ./Middlewares/ST/STM32_USB_Device_Library/Core/Src/usbd_core.o
                0x08007edc                USBD_LL_DataInStage
 .text.USBD_LL_Reset
                0x08008026       0x82 ./Middlewares/ST/STM32_USB_Device_Library/Core/Src/usbd_core.o
                0x08008026                USBD_LL_Reset
 .text.USBD_LL_SetSpeed
                0x080080a8       0x1e ./Middlewares/ST/STM32_USB_Device_Library/Core/Src/usbd_core.o
                0x080080a8                USBD_LL_SetSpeed
 .text.USBD_LL_Suspend
                0x080080c6       0x28 ./Middlewares/ST/STM32_USB_Device_Library/Core/Src/usbd_core.o
                0x080080c6                USBD_LL_Suspend
 .text.USBD_LL_Resume
                0x080080ee       0x2a ./Middlewares/ST/STM32_USB_Device_Library/Core/Src/usbd_core.o
                0x080080ee                USBD_LL_Resume
 .text.USBD_LL_SOF
                0x08008118       0x34 ./Middlewares/ST/STM32_USB_Device_Library/Core/Src/usbd_core.o
                0x08008118                USBD_LL_SOF
 .text.USBD_LL_IsoINIncomplete
                0x0800814c       0x18 ./Middlewares/ST/STM32_USB_Device_Library/Core/Src/usbd_core.o
                0x0800814c                USBD_LL_IsoINIncomplete
 .text.USBD_LL_IsoOUTIncomplete
                0x08008164       0x18 ./Middlewares/ST/STM32_USB_Device_Library/Core/Src/usbd_core.o
                0x08008164                USBD_LL_IsoOUTIncomplete
 .text.USBD_LL_DevConnected
                0x0800817c       0x14 ./Middlewares/ST/STM32_USB_Device_Library/Core/Src/usbd_core.o
                0x0800817c                USBD_LL_DevConnected
 .text.USBD_LL_DevDisconnected
                0x08008190       0x2e ./Middlewares/ST/STM32_USB_Device_Library/Core/Src/usbd_core.o
                0x08008190                USBD_LL_DevDisconnected
 *fill*         0x080081be        0x2 
 .text.USBD_StdDevReq
                0x080081c0       0xd4 ./Middlewares/ST/STM32_USB_Device_Library/Core/Src/usbd_ctlreq.o
                0x080081c0                USBD_StdDevReq
 .text.USBD_StdItfReq
                0x08008294       0x90 ./Middlewares/ST/STM32_USB_Device_Library/Core/Src/usbd_ctlreq.o
                0x08008294                USBD_StdItfReq
 .text.USBD_StdEPReq
                0x08008324      0x2c6 ./Middlewares/ST/STM32_USB_Device_Library/Core/Src/usbd_ctlreq.o
                0x08008324                USBD_StdEPReq
 *fill*         0x080085ea        0x2 
 .text.USBD_GetDescriptor
                0x080085ec      0x2d0 ./Middlewares/ST/STM32_USB_Device_Library/Core/Src/usbd_ctlreq.o
 .text.USBD_SetAddress
                0x080088bc       0x86 ./Middlewares/ST/STM32_USB_Device_Library/Core/Src/usbd_ctlreq.o
 *fill*         0x08008942        0x2 
 .text.USBD_SetConfig
                0x08008944      0x11c ./Middlewares/ST/STM32_USB_Device_Library/Core/Src/usbd_ctlreq.o
 .text.USBD_GetConfig
                0x08008a60       0x6a ./Middlewares/ST/STM32_USB_Device_Library/Core/Src/usbd_ctlreq.o
 .text.USBD_GetStatus
                0x08008aca       0x66 ./Middlewares/ST/STM32_USB_Device_Library/Core/Src/usbd_ctlreq.o
 .text.USBD_SetFeature
                0x08008b30       0x28 ./Middlewares/ST/STM32_USB_Device_Library/Core/Src/usbd_ctlreq.o
 .text.USBD_ClrFeature
                0x08008b58       0x42 ./Middlewares/ST/STM32_USB_Device_Library/Core/Src/usbd_ctlreq.o
 .text.USBD_ParseSetupRequest
                0x08008b9a       0x72 ./Middlewares/ST/STM32_USB_Device_Library/Core/Src/usbd_ctlreq.o
                0x08008b9a                USBD_ParseSetupRequest
 .text.USBD_CtlError
                0x08008c0c       0x22 ./Middlewares/ST/STM32_USB_Device_Library/Core/Src/usbd_ctlreq.o
                0x08008c0c                USBD_CtlError
 .text.USBD_GetString
                0x08008c2e       0x84 ./Middlewares/ST/STM32_USB_Device_Library/Core/Src/usbd_ctlreq.o
                0x08008c2e                USBD_GetString
 .text.USBD_GetLen
                0x08008cb2       0x2e ./Middlewares/ST/STM32_USB_Device_Library/Core/Src/usbd_ctlreq.o
 .text.USBD_CtlSendData
                0x08008ce0       0x38 ./Middlewares/ST/STM32_USB_Device_Library/Core/Src/usbd_ioreq.o
                0x08008ce0                USBD_CtlSendData
 .text.USBD_CtlContinueSendData
                0x08008d18       0x24 ./Middlewares/ST/STM32_USB_Device_Library/Core/Src/usbd_ioreq.o
                0x08008d18                USBD_CtlContinueSendData
 .text.USBD_CtlPrepareRx
                0x08008d3c       0x3c ./Middlewares/ST/STM32_USB_Device_Library/Core/Src/usbd_ioreq.o
                0x08008d3c                USBD_CtlPrepareRx
 .text.USBD_CtlContinueRx
                0x08008d78       0x24 ./Middlewares/ST/STM32_USB_Device_Library/Core/Src/usbd_ioreq.o
                0x08008d78                USBD_CtlContinueRx
 .text.USBD_CtlSendStatus
                0x08008d9c       0x26 ./Middlewares/ST/STM32_USB_Device_Library/Core/Src/usbd_ioreq.o
                0x08008d9c                USBD_CtlSendStatus
 .text.USBD_CtlReceiveStatus
                0x08008dc2       0x26 ./Middlewares/ST/STM32_USB_Device_Library/Core/Src/usbd_ioreq.o
                0x08008dc2                USBD_CtlReceiveStatus
 .text.MX_USB_DEVICE_Init
                0x08008de8       0x60 ./USB_DEVICE/App/usb_device.o
                0x08008de8                MX_USB_DEVICE_Init
 .text.CDC_Init_FS
                0x08008e48       0x28 ./USB_DEVICE/App/usbd_cdc_if.o
 .text.CDC_DeInit_FS
                0x08008e70        0xe ./USB_DEVICE/App/usbd_cdc_if.o
 *fill*         0x08008e7e        0x2 
 .text.CDC_Control_FS
                0x08008e80       0xbc ./USB_DEVICE/App/usbd_cdc_if.o
 .text.CDC_Receive_FS
                0x08008f3c       0x28 ./USB_DEVICE/App/usbd_cdc_if.o
 .text.USBD_FS_DeviceDescriptor
                0x08008f64       0x24 ./USB_DEVICE/App/usbd_desc.o
                0x08008f64                USBD_FS_DeviceDescriptor
 .text.USBD_FS_LangIDStrDescriptor
                0x08008f88       0x24 ./USB_DEVICE/App/usbd_desc.o
                0x08008f88                USBD_FS_LangIDStrDescriptor
 .text.USBD_FS_ProductStrDescriptor
                0x08008fac       0x3c ./USB_DEVICE/App/usbd_desc.o
                0x08008fac                USBD_FS_ProductStrDescriptor
 .text.USBD_FS_ManufacturerStrDescriptor
                0x08008fe8       0x28 ./USB_DEVICE/App/usbd_desc.o
                0x08008fe8                USBD_FS_ManufacturerStrDescriptor
 .text.USBD_FS_SerialStrDescriptor
                0x08009010       0x24 ./USB_DEVICE/App/usbd_desc.o
                0x08009010                USBD_FS_SerialStrDescriptor
 .text.USBD_FS_ConfigStrDescriptor
                0x08009034       0x3c ./USB_DEVICE/App/usbd_desc.o
                0x08009034                USBD_FS_ConfigStrDescriptor
 .text.USBD_FS_InterfaceStrDescriptor
                0x08009070       0x3c ./USB_DEVICE/App/usbd_desc.o
                0x08009070                USBD_FS_InterfaceStrDescriptor
 .text.Get_SerialNum
                0x080090ac       0x58 ./USB_DEVICE/App/usbd_desc.o
 .text.IntToUnicode
                0x08009104       0x7c ./USB_DEVICE/App/usbd_desc.o
 .text.HAL_PCD_MspInit
                0x08009180       0x48 ./USB_DEVICE/Target/usbd_conf.o
                0x08009180                HAL_PCD_MspInit
 .text.HAL_PCD_SetupStageCallback
                0x080091c8       0x24 ./USB_DEVICE/Target/usbd_conf.o
                0x080091c8                HAL_PCD_SetupStageCallback
 .text.HAL_PCD_DataOutStageCallback
                0x080091ec       0x36 ./USB_DEVICE/Target/usbd_conf.o
                0x080091ec                HAL_PCD_DataOutStageCallback
 .text.HAL_PCD_DataInStageCallback
                0x08009222       0x34 ./USB_DEVICE/Target/usbd_conf.o
                0x08009222                HAL_PCD_DataInStageCallback
 .text.HAL_PCD_SOFCallback
                0x08009256       0x1c ./USB_DEVICE/Target/usbd_conf.o
                0x08009256                HAL_PCD_SOFCallback
 .text.HAL_PCD_ResetCallback
                0x08009272       0x3c ./USB_DEVICE/Target/usbd_conf.o
                0x08009272                HAL_PCD_ResetCallback
 *fill*         0x080092ae        0x2 
 .text.HAL_PCD_SuspendCallback
                0x080092b0       0x4c ./USB_DEVICE/Target/usbd_conf.o
                0x080092b0                HAL_PCD_SuspendCallback
 .text.HAL_PCD_ResumeCallback
                0x080092fc       0x1c ./USB_DEVICE/Target/usbd_conf.o
                0x080092fc                HAL_PCD_ResumeCallback
 .text.HAL_PCD_ISOOUTIncompleteCallback
                0x08009318       0x24 ./USB_DEVICE/Target/usbd_conf.o
                0x08009318                HAL_PCD_ISOOUTIncompleteCallback
 .text.HAL_PCD_ISOINIncompleteCallback
                0x0800933c       0x24 ./USB_DEVICE/Target/usbd_conf.o
                0x0800933c                HAL_PCD_ISOINIncompleteCallback
 .text.HAL_PCD_ConnectCallback
                0x08009360       0x1c ./USB_DEVICE/Target/usbd_conf.o
                0x08009360                HAL_PCD_ConnectCallback
 .text.HAL_PCD_DisconnectCallback
                0x0800937c       0x1c ./USB_DEVICE/Target/usbd_conf.o
                0x0800937c                HAL_PCD_DisconnectCallback
 .text.USBD_LL_Init
                0x08009398       0x88 ./USB_DEVICE/Target/usbd_conf.o
                0x08009398                USBD_LL_Init
 .text.USBD_LL_Start
                0x08009420       0x36 ./USB_DEVICE/Target/usbd_conf.o
                0x08009420                USBD_LL_Start
 .text.USBD_LL_OpenEP
                0x08009456       0x4c ./USB_DEVICE/Target/usbd_conf.o
                0x08009456                USBD_LL_OpenEP
 .text.USBD_LL_CloseEP
                0x080094a2       0x3e ./USB_DEVICE/Target/usbd_conf.o
                0x080094a2                USBD_LL_CloseEP
 .text.USBD_LL_StallEP
                0x080094e0       0x3e ./USB_DEVICE/Target/usbd_conf.o
                0x080094e0                USBD_LL_StallEP
 .text.USBD_LL_ClearStallEP
                0x0800951e       0x3e ./USB_DEVICE/Target/usbd_conf.o
                0x0800951e                USBD_LL_ClearStallEP
 .text.USBD_LL_IsStallEP
                0x0800955c       0x56 ./USB_DEVICE/Target/usbd_conf.o
                0x0800955c                USBD_LL_IsStallEP
 .text.USBD_LL_SetUSBAddress
                0x080095b2       0x3e ./USB_DEVICE/Target/usbd_conf.o
                0x080095b2                USBD_LL_SetUSBAddress
 .text.USBD_LL_Transmit
                0x080095f0       0x46 ./USB_DEVICE/Target/usbd_conf.o
                0x080095f0                USBD_LL_Transmit
 .text.USBD_LL_PrepareReceive
                0x08009636       0x46 ./USB_DEVICE/Target/usbd_conf.o
                0x08009636                USBD_LL_PrepareReceive
 .text.USBD_LL_GetRxDataSize
                0x0800967c       0x26 ./USB_DEVICE/Target/usbd_conf.o
                0x0800967c                USBD_LL_GetRxDataSize
 *fill*         0x080096a2        0x2 
 .text.USBD_static_malloc
                0x080096a4       0x18 ./USB_DEVICE/Target/usbd_conf.o
                0x080096a4                USBD_static_malloc
 .text.USBD_static_free
                0x080096bc       0x12 ./USB_DEVICE/Target/usbd_conf.o
                0x080096bc                USBD_static_free
 *fill*         0x080096ce        0x2 
 .text.USBD_Get_USB_Status
                0x080096d0       0x58 ./USB_DEVICE/Target/usbd_conf.o
 .text.arm_mat_trans_f32
                0x08009728      0x124 ../Middlewares/ST/ARM/DSP/Lib/libarm_cortexM3l_math.a(arm_mat_trans_f32.o)
                0x08009728                arm_mat_trans_f32
 .text.arm_mat_mult_f32
                0x0800984c      0x26c ../Middlewares/ST/ARM/DSP/Lib/libarm_cortexM3l_math.a(arm_mat_mult_f32.o)
                0x0800984c                arm_mat_mult_f32
 .text.arm_mat_inverse_f32
                0x08009ab8      0x2a4 ../Middlewares/ST/ARM/DSP/Lib/libarm_cortexM3l_math.a(arm_mat_inverse_f32.o)
                0x08009ab8                arm_mat_inverse_f32
 .text.arm_mat_init_f32
                0x08009d5c        0x8 ../Middlewares/ST/ARM/DSP/Lib/libarm_cortexM3l_math.a(arm_mat_init_f32.o)
                0x08009d5c                arm_mat_init_f32
 .text.__cxa_guard_acquire
                0x08009d64       0x18 /opt/st/stm32cubeide_2.0.0/plugins/com.st.stm32cube.ide.mcu.externaltools.gnu-tools-for-stm32.13.3.rel1.linux64_1.0.100.202509120712/tools/bin/../lib/gcc/arm-none-eabi/13.3.1/../../../../arm-none-eabi/lib/thumb/v7-m/nofp/libstdc++_nano.a(guard.o)
                0x08009d64                __cxa_guard_acquire
 .text.__cxa_guard_release
                0x08009d7c        0x6 /opt/st/stm32cubeide_2.0.0/plugins/com.st.stm32cube.ide.mcu.externaltools.gnu-tools-for-stm32.13.3.rel1.linux64_1.0.100.202509120712/tools/bin/../lib/gcc/arm-none-eabi/13.3.1/../../../../arm-none-eabi/lib/thumb/v7-m/nofp/libstdc++_nano.a(guard.o)
                0x08009d7c                __cxa_guard_release
 .text.fmod     0x08009d82       0x50 /opt/st/stm32cubeide_2.0.0/plugins/com.st.stm32cube.ide.mcu.externaltools.gnu-tools-for-stm32.13.3.rel1.linux64_1.0.100.202509120712/tools/bin/../lib/gcc/arm-none-eabi/13.3.1/../../../../arm-none-eabi/lib/thumb/v7-m/nofp/libm.a(libm_a-w_fmod.o)
                0x08009d82                fmod
 *fill*         0x08009dd2        0x2 
 .text.cos      0x08009dd4       0x8c /opt/st/stm32cubeide_2.0.0/plugins/com.st.stm32cube.ide.mcu.externaltools.gnu-tools-for-stm32.13.3.rel1.linux64_1.0.100.202509120712/tools/bin/../lib/gcc/arm-none-eabi/13.3.1/../../../../arm-none-eabi/lib/thumb/v7-m/nofp/libm.a(libm_a-s_cos.o)
                0x08009dd4                cos
 .text.atan2f   0x08009e60        0x4 /opt/st/stm32cubeide_2.0.0/plugins/com.st.stm32cube.ide.mcu.externaltools.gnu-tools-for-stm32.13.3.rel1.linux64_1.0.100.202509120712/tools/bin/../lib/gcc/arm-none-eabi/13.3.1/../../../../arm-none-eabi/lib/thumb/v7-m/nofp/libm.a(libm_a-wf_atan2.o)
                0x08009e60                atan2f
 .text.sqrtf    0x08009e64       0x34 /opt/st/stm32cubeide_2.0.0/plugins/com.st.stm32cube.ide.mcu.externaltools.gnu-tools-for-stm32.13.3.rel1.linux64_1.0.100.202509120712/tools/bin/../lib/gcc/arm-none-eabi/13.3.1/../../../../arm-none-eabi/lib/thumb/v7-m/nofp/libm.a(libm_a-wf_sqrt.o)
                0x08009e64                sqrtf
 .text.cosf     0x08009e98       0x70 /opt/st/stm32cubeide_2.0.0/plugins/com.st.stm32cube.ide.mcu.externaltools.gnu-tools-for-stm32.13.3.rel1.linux64_1.0.100.202509120712/tools/bin/../lib/gcc/arm-none-eabi/13.3.1/../../../../arm-none-eabi/lib/thumb/v7-m/nofp/libm.a(libm_a-sf_cos.o)
                0x08009e98                cosf
 .text.sinf     0x08009f08       0x74 /opt/st/stm32cubeide_2.0.0/plugins/com.st.stm32cube.ide.mcu.externaltools.gnu-tools-for-stm32.13.3.rel1.linux64_1.0.100.202509120712/tools/bin/../lib/gcc/arm-none-eabi/13.3.1/../../../../arm-none-eabi/lib/thumb/v7-m/nofp/libm.a(libm_a-sf_sin.o)
                0x08009f08                sinf
 .text.__ieee754_sqrtf
                0x08009f7c       0xe0 /opt/st/stm32cubeide_2.0.0/plugins/com.st.stm32cube.ide.mcu.externaltools.gnu-tools-for-stm32.13.3.rel1.linux64_1.0.100.202509120712/tools/bin/../lib/gcc/arm-none-eabi/13.3.1/../../../../arm-none-eabi/lib/thumb/v7-m/nofp/libm.a(libm_a-ef_sqrt.o)
                0x08009f7c                __ieee754_sqrtf
 *fill*         0x0800a05c        0x4 
 .text.__kernel_cos
                0x0800a060      0x17c /opt/st/stm32cubeide_2.0.0/plugins/com.st.stm32cube.ide.mcu.externaltools.gnu-tools-for-stm32.13.3.rel1.linux64_1.0.100.202509120712/tools/bin/../lib/gcc/arm-none-eabi/13.3.1/../../../../arm-none-eabi/lib/thumb/v7-m/nofp/libm.a(libm_a-k_cos.o)
                0x0800a060                __kernel_cos
 *fill*         0x0800a1dc        0x4 
 .text.__kernel_sin
                0x0800a1e0      0x16c /opt/st/stm32cubeide_2.0.0/plugins/com.st.stm32cube.ide.mcu.externaltools.gnu-tools-for-stm32.13.3.rel1.linux64_1.0.100.202509120712/tools/bin/../lib/gcc/arm-none-eabi/13.3.1/../../../../arm-none-eabi/lib/thumb/v7-m/nofp/libm.a(libm_a-k_sin.o)
                0x0800a1e0                __kernel_sin
 .text.__ieee754_fmod
                0x0800a34c      0x204 /opt/st/stm32cubeide_2.0.0/plugins/com.st.stm32cube.ide.mcu.externaltools.gnu-tools-for-stm32.13.3.rel1.linux64_1.0.100.202509120712/tools/bin/../lib/gcc/arm-none-eabi/13.3.1/../../../../arm-none-eabi/lib/thumb/v7-m/nofp/libm.a(libm_a-e_fmod.o)
                0x0800a34c                __ieee754_fmod
 .text.__ieee754_rem_pio2
                0x0800a550      0x3ec /opt/st/stm32cubeide_2.0.0/plugins/com.st.stm32cube.ide.mcu.externaltools.gnu-tools-for-stm32.13.3.rel1.linux64_1.0.100.202509120712/tools/bin/../lib/gcc/arm-none-eabi/13.3.1/../../../../arm-none-eabi/lib/thumb/v7-m/nofp/libm.a(libm_a-e_rem_pio2.o)
                0x0800a550                __ieee754_rem_pio2
 .text.fabs     0x0800a93c        0x8 /opt/st/stm32cubeide_2.0.0/plugins/com.st.stm32cube.ide.mcu.externaltools.gnu-tools-for-stm32.13.3.rel1.linux64_1.0.100.202509120712/tools/bin/../lib/gcc/arm-none-eabi/13.3.1/../../../../arm-none-eabi/lib/thumb/v7-m/nofp/libm.a(libm_a-s_fabs.o)
                0x0800a93c                fabs
 .text.__kernel_cosf
                0x0800a944      0x100 /opt/st/stm32cubeide_2.0.0/plugins/com.st.stm32cube.ide.mcu.externaltools.gnu-tools-for-stm32.13.3.rel1.linux64_1.0.100.202509120712/tools/bin/../lib/gcc/arm-none-eabi/13.3.1/../../../../arm-none-eabi/lib/thumb/v7-m/nofp/libm.a(libm_a-kf_cos.o)
                0x0800a944                __kernel_cosf
 .text.__kernel_sinf
                0x0800aa44       0xec /opt/st/stm32cubeide_2.0.0/plugins/com.st.stm32cube.ide.mcu.externaltools.gnu-tools-for-stm32.13.3.rel1.linux64_1.0.100.202509120712/tools/bin/../lib/gcc/arm-none-eabi/13.3.1/../../../../arm-none-eabi/lib/thumb/v7-m/nofp/libm.a(libm_a-kf_sin.o)
                0x0800aa44                __kernel_sinf
 .text.__ieee754_atan2f
                0x0800ab30      0x110 /opt/st/stm32cubeide_2.0.0/plugins/com.st.stm32cube.ide.mcu.externaltools.gnu-tools-for-stm32.13.3.rel1.linux64_1.0.100.202509120712/tools/bin/../lib/gcc/arm-none-eabi/13.3.1/../../../../arm-none-eabi/lib/thumb/v7-m/nofp/libm.a(libm_a-ef_atan2.o)
                0x0800ab30                __ieee754_atan2f
 .text.__ieee754_rem_pio2f
                0x0800ac40      0x2cc /opt/st/stm32cubeide_2.0.0/plugins/com.st.stm32cube.ide.mcu.externaltools.gnu-tools-for-stm32.13.3.rel1.linux64_1.0.100.202509120712/tools/bin/../lib/gcc/arm-none-eabi/13.3.1/../../../../arm-none-eabi/lib/thumb/v7-m/nofp/libm.a(libm_a-ef_rem_pio2.o)
                0x0800ac40                __ieee754_rem_pio2f
 .text.atanf    0x0800af0c      0x218 /opt/st/stm32cubeide_2.0.0/plugins/com.st.stm32cube.ide.mcu.externaltools.gnu-tools-for-stm32.13.3.rel1.linux64_1.0.100.202509120712/tools/bin/../lib/gcc/arm-none-eabi/13.3.1/../../../../arm-none-eabi/lib/thumb/v7-m/nofp/libm.a(libm_a-sf_atan.o)
                0x0800af0c                atanf
 .text.fabsf    0x0800b124        0x6 /opt/st/stm32cubeide_2.0.0/plugins/com.st.stm32cube.ide.mcu.externaltools.gnu-tools-for-stm32.13.3.rel1.linux64_1.0.100.202509120712/tools/bin/../lib/gcc/arm-none-eabi/13.3.1/../../../../arm-none-eabi/lib/thumb/v7-m/nofp/libm.a(libm_a-sf_fabs.o)
                0x0800b124                fabsf
 *fill*         0x0800b12a        0x2 
 .text.__kernel_rem_pio2
                0x0800b12c      0x640 /opt/st/stm32cubeide_2.0.0/plugins/com.st.stm32cube.ide.mcu.externaltools.gnu-tools-for-stm32.13.3.rel1.linux64_1.0.100.202509120712/tools/bin/../lib/gcc/arm-none-eabi/13.3.1/../../../../arm-none-eabi/lib/thumb/v7-m/nofp/libm.a(libm_a-k_rem_pio2.o)
                0x0800b12c                __kernel_rem_pio2
 .text.__kernel_rem_pio2f
                0x0800b76c      0x53c /opt/st/stm32cubeide_2.0.0/plugins/com.st.stm32cube.ide.mcu.externaltools.gnu-tools-for-stm32.13.3.rel1.linux64_1.0.100.202509120712/tools/bin/../lib/gcc/arm-none-eabi/13.3.1/../../../../arm-none-eabi/lib/thumb/v7-m/nofp/libm.a(libm_a-kf_rem_pio2.o)
                0x0800b76c                __kernel_rem_pio2f
 .text.scalbn   0x0800bca8       0xe4 /opt/st/stm32cubeide_2.0.0/plugins/com.st.stm32cube.ide.mcu.externaltools.gnu-tools-for-stm32.13.3.rel1.linux64_1.0.100.202509120712/tools/bin/../lib/gcc/arm-none-eabi/13.3.1/../../../../arm-none-eabi/lib/thumb/v7-m/nofp/libm.a(libm_a-s_scalbn.o)
                0x0800bca8                scalbn
 .text.scalbnf  0x0800bd8c       0x98 /opt/st/stm32cubeide_2.0.0/plugins/com.st.stm32cube.ide.mcu.externaltools.gnu-tools-for-stm32.13.3.rel1.linux64_1.0.100.202509120712/tools/bin/../lib/gcc/arm-none-eabi/13.3.1/../../../../arm-none-eabi/lib/thumb/v7-m/nofp/libm.a(libm_a-sf_scalbn.o)
                0x0800bd8c                scalbnf
 *fill*         0x0800be24        0x4 
 .text.floor    0x0800be28      0x100 /opt/st/stm32cubeide_2.0.0/plugins/com.st.stm32cube.ide.mcu.externaltools.gnu-tools-for-stm32.13.3.rel1.linux64_1.0.100.202509120712/tools/bin/../lib/gcc/arm-none-eabi/13.3.1/../../../../arm-none-eabi/lib/thumb/v7-m/nofp/libm.a(libm_a-s_floor.o)
                0x0800be28                floor
 .text.floorf   0x0800bf28       0x84 /opt/st/stm32cubeide_2.0.0/plugins/com.st.stm32cube.ide.mcu.externaltools.gnu-tools-for-stm32.13.3.rel1.linux64_1.0.100.202509120712/tools/bin/../lib/gcc/arm-none-eabi/13.3.1/../../../../arm-none-eabi/lib/thumb/v7-m/nofp/libm.a(libm_a-sf_floor.o)
                0x0800bf28                floorf
 .text.__cvt    0x0800bfac       0xc8 /opt/st/stm32cubeide_2.0.0/plugins/com.st.stm32cube.ide.mcu.externaltools.gnu-tools-for-stm32.13.3.rel1.linux64_1.0.100.202509120712/tools/bin/../lib/gcc/arm-none-eabi/13.3.1/../../../../arm-none-eabi/lib/thumb/v7-m/nofp/libc_nano.a(libc_a-nano-vfprintf_float.o)
                0x0800bfac                __cvt
 .text.__exponent
                0x0800c074       0x74 /opt/st/stm32cubeide_2.0.0/plugins/com.st.stm32cube.ide.mcu.externaltools.gnu-tools-for-stm32.13.3.rel1.linux64_1.0.100.202509120712/tools/bin/../lib/gcc/arm-none-eabi/13.3.1/../../../../arm-none-eabi/lib/thumb/v7-m/nofp/libc_nano.a(libc_a-nano-vfprintf_float.o)
                0x0800c074                __exponent
 .text._printf_float
                0x0800c0e8      0x458 /opt/st/stm32cubeide_2.0.0/plugins/com.st.stm32cube.ide.mcu.externaltools.gnu-tools-for-stm32.13.3.rel1.linux64_1.0.100.202509120712/tools/bin/../lib/gcc/arm-none-eabi/13.3.1/../../../../arm-none-eabi/lib/thumb/v7-m/nofp/libc_nano.a(libc_a-nano-vfprintf_float.o)
                0x0800c0e8                _printf_float
 .text._printf_common
                0x0800c540       0xe4 /opt/st/stm32cubeide_2.0.0/plugins/com.st.stm32cube.ide.mcu.externaltools.gnu-tools-for-stm32.13.3.rel1.linux64_1.0.100.202509120712/tools/bin/../lib/gcc/arm-none-eabi/13.3.1/../../../../arm-none-eabi/lib/thumb/v7-m/nofp/libc_nano.a(libc_a-nano-vfprintf_i.o)
                0x0800c540                _printf_common
 .text._printf_i
                0x0800c624      0x23c /opt/st/stm32cubeide_2.0.0/plugins/com.st.stm32cube.ide.mcu.externaltools.gnu-tools-for-stm32.13.3.rel1.linux64_1.0.100.202509120712/tools/bin/../lib/gcc/arm-none-eabi/13.3.1/../../../../arm-none-eabi/lib/thumb/v7-m/nofp/libc_nano.a(libc_a-nano-vfprintf_i.o)
                0x0800c624                _printf_i
 .text.std      0x0800c860       0x6c /opt/st/stm32cubeide_2.0.0/plugins/com.st.stm32cube.ide.mcu.externaltools.gnu-tools-for-stm32.13.3.rel1.linux64_1.0.100.202509120712/tools/bin/../lib/gcc/arm-none-eabi/13.3.1/../../../../arm-none-eabi/lib/thumb/v7-m/nofp/libc_nano.a(libc_a-findfp.o)
 .text.stdio_exit_handler
                0x0800c8cc       0x18 /opt/st/stm32cubeide_2.0.0/plugins/com.st.stm32cube.ide.mcu.externaltools.gnu-tools-for-stm32.13.3.rel1.linux64_1.0.100.202509120712/tools/bin/../lib/gcc/arm-none-eabi/13.3.1/../../../../arm-none-eabi/lib/thumb/v7-m/nofp/libc_nano.a(libc_a-findfp.o)
 .text.cleanup_stdio
                0x0800c8e4       0x40 /opt/st/stm32cubeide_2.0.0/plugins/com.st.stm32cube.ide.mcu.externaltools.gnu-tools-for-stm32.13.3.rel1.linux64_1.0.100.202509120712/tools/bin/../lib/gcc/arm-none-eabi/13.3.1/../../../../arm-none-eabi/lib/thumb/v7-m/nofp/libc_nano.a(libc_a-findfp.o)
 .text.global_stdio_init.part.0
                0x0800c924       0x3c /opt/st/stm32cubeide_2.0.0/plugins/com.st.stm32cube.ide.mcu.externaltools.gnu-tools-for-stm32.13.3.rel1.linux64_1.0.100.202509120712/tools/bin/../lib/gcc/arm-none-eabi/13.3.1/../../../../arm-none-eabi/lib/thumb/v7-m/nofp/libc_nano.a(libc_a-findfp.o)
 .text.__sfp_lock_acquire
                0x0800c960        0xc /opt/st/stm32cubeide_2.0.0/plugins/com.st.stm32cube.ide.mcu.externaltools.gnu-tools-for-stm32.13.3.rel1.linux64_1.0.100.202509120712/tools/bin/../lib/gcc/arm-none-eabi/13.3.1/../../../../arm-none-eabi/lib/thumb/v7-m/nofp/libc_nano.a(libc_a-findfp.o)
                0x0800c960                __sfp_lock_acquire
 .text.__sfp_lock_release
                0x0800c96c        0xc /opt/st/stm32cubeide_2.0.0/plugins/com.st.stm32cube.ide.mcu.externaltools.gnu-tools-for-stm32.13.3.rel1.linux64_1.0.100.202509120712/tools/bin/../lib/gcc/arm-none-eabi/13.3.1/../../../../arm-none-eabi/lib/thumb/v7-m/nofp/libc_nano.a(libc_a-findfp.o)
                0x0800c96c                __sfp_lock_release
 .text.__sinit  0x0800c978       0x30 /opt/st/stm32cubeide_2.0.0/plugins/com.st.stm32cube.ide.mcu.externaltools.gnu-tools-for-stm32.13.3.rel1.linux64_1.0.100.202509120712/tools/bin/../lib/gcc/arm-none-eabi/13.3.1/../../../../arm-none-eabi/lib/thumb/v7-m/nofp/libc_nano.a(libc_a-findfp.o)
                0x0800c978                __sinit
 .text._fwalk_sglue
                0x0800c9a8       0x3c /opt/st/stm32cubeide_2.0.0/plugins/com.st.stm32cube.ide.mcu.externaltools.gnu-tools-for-stm32.13.3.rel1.linux64_1.0.100.202509120712/tools/bin/../lib/gcc/arm-none-eabi/13.3.1/../../../../arm-none-eabi/lib/thumb/v7-m/nofp/libc_nano.a(libc_a-fwalk.o)
                0x0800c9a8                _fwalk_sglue
 .text.__sread  0x0800c9e4       0x22 /opt/st/stm32cubeide_2.0.0/plugins/com.st.stm32cube.ide.mcu.externaltools.gnu-tools-for-stm32.13.3.rel1.linux64_1.0.100.202509120712/tools/bin/../lib/gcc/arm-none-eabi/13.3.1/../../../../arm-none-eabi/lib/thumb/v7-m/nofp/libc_nano.a(libc_a-stdio.o)
                0x0800c9e4                __sread
 .text.__swrite
                0x0800ca06       0x38 /opt/st/stm32cubeide_2.0.0/plugins/com.st.stm32cube.ide.mcu.externaltools.gnu-tools-for-stm32.13.3.rel1.linux64_1.0.100.202509120712/tools/bin/../lib/gcc/arm-none-eabi/13.3.1/../../../../arm-none-eabi/lib/thumb/v7-m/nofp/libc_nano.a(libc_a-stdio.o)
                0x0800ca06                __swrite
 .text.__sseek  0x0800ca3e       0x24 /opt/st/stm32cubeide_2.0.0/plugins/com.st.stm32cube.ide.mcu.externaltools.gnu-tools-for-stm32.13.3.rel1.linux64_1.0.100.202509120712/tools/bin/../lib/gcc/arm-none-eabi/13.3.1/../../../../arm-none-eabi/lib/thumb/v7-m/nofp/libc_nano.a(libc_a-stdio.o)
                0x0800ca3e                __sseek
 .text.__sclose
                0x0800ca62        0x8 /opt/st/stm32cubeide_2.0.0/plugins/com.st.stm32cube.ide.mcu.externaltools.gnu-tools-for-stm32.13.3.rel1.linux64_1.0.100.202509120712/tools/bin/../lib/gcc/arm-none-eabi/13.3.1/../../../../arm-none-eabi/lib/thumb/v7-m/nofp/libc_nano.a(libc_a-stdio.o)
                0x0800ca62                __sclose
 .text.memset   0x0800ca6a       0x10 /opt/st/stm32cubeide_2.0.0/plugins/com.st.stm32cube.ide.mcu.externaltools.gnu-tools-for-stm32.13.3.rel1.linux64_1.0.100.202509120712/tools/bin/../lib/gcc/arm-none-eabi/13.3.1/../../../../arm-none-eabi/lib/thumb/v7-m/nofp/libc_nano.a(libc_a-memset.o)
                0x0800ca6a                memset
 *fill*         0x0800ca7a        0x2 
 .text._localeconv_r
                0x0800ca7c        0x8 /opt/st/stm32cubeide_2.0.0/plugins/com.st.stm32cube.ide.mcu.externaltools.gnu-tools-for-stm32.13.3.rel1.linux64_1.0.100.202509120712/tools/bin/../lib/gcc/arm-none-eabi/13.3.1/../../../../arm-none-eabi/lib/thumb/v7-m/nofp/libc_nano.a(libc_a-localeconv.o)
                0x0800ca7c                _localeconv_r
 .text._close_r
                0x0800ca84       0x20 /opt/st/stm32cubeide_2.0.0/plugins/com.st.stm32cube.ide.mcu.externaltools.gnu-tools-for-stm32.13.3.rel1.linux64_1.0.100.202509120712/tools/bin/../lib/gcc/arm-none-eabi/13.3.1/../../../../arm-none-eabi/lib/thumb/v7-m/nofp/libc_nano.a(libc_a-closer.o)
                0x0800ca84                _close_r
 .text._lseek_r
                0x0800caa4       0x24 /opt/st/stm32cubeide_2.0.0/plugins/com.st.stm32cube.ide.mcu.externaltools.gnu-tools-for-stm32.13.3.rel1.linux64_1.0.100.202509120712/tools/bin/../lib/gcc/arm-none-eabi/13.3.1/../../../../arm-none-eabi/lib/thumb/v7-m/nofp/libc_nano.a(libc_a-lseekr.o)
                0x0800caa4                _lseek_r
 .text._read_r  0x0800cac8       0x24 /opt/st/stm32cubeide_2.0.0/plugins/com.st.stm32cube.ide.mcu.externaltools.gnu-tools-for-stm32.13.3.rel1.linux64_1.0.100.202509120712/tools/bin/../lib/gcc/arm-none-eabi/13.3.1/../../../../arm-none-eabi/lib/thumb/v7-m/nofp/libc_nano.a(libc_a-readr.o)
                0x0800cac8                _read_r
 .text._write_r
                0x0800caec       0x24 /opt/st/stm32cubeide_2.0.0/plugins/com.st.stm32cube.ide.mcu.externaltools.gnu-tools-for-stm32.13.3.rel1.linux64_1.0.100.202509120712/tools/bin/../lib/gcc/arm-none-eabi/13.3.1/../../../../arm-none-eabi/lib/thumb/v7-m/nofp/libc_nano.a(libc_a-writer.o)
                0x0800caec                _write_r
 .text.__errno  0x0800cb10        0xc /opt/st/stm32cubeide_2.0.0/plugins/com.st.stm32cube.ide.mcu.externaltools.gnu-tools-for-stm32.13.3.rel1.linux64_1.0.100.202509120712/tools/bin/../lib/gcc/arm-none-eabi/13.3.1/../../../../arm-none-eabi/lib/thumb/v7-m/nofp/libc_nano.a(libc_a-errno.o)
                0x0800cb10                __errno
 .text.__libc_init_array
                0x0800cb1c       0x48 /opt/st/stm32cubeide_2.0.0/plugins/com.st.stm32cube.ide.mcu.externaltools.gnu-tools-for-stm32.13.3.rel1.linux64_1.0.100.202509120712/tools/bin/../lib/gcc/arm-none-eabi/13.3.1/../../../../arm-none-eabi/lib/thumb/v7-m/nofp/libc_nano.a(libc_a-init.o)
                0x0800cb1c                __libc_init_array
 .text.__retarget_lock_init_recursive
                0x0800cb64        0x2 /opt/st/stm32cubeide_2.0.0/plugins/com.st.stm32cube.ide.mcu.externaltools.gnu-tools-for-stm32.13.3.rel1.linux64_1.0.100.202509120712/tools/bin/../lib/gcc/arm-none-eabi/13.3.1/../../../../arm-none-eabi/lib/thumb/v7-m/nofp/libc_nano.a(libc_a-lock.o)
                0x0800cb64                __retarget_lock_init_recursive
 .text.__retarget_lock_acquire_recursive
                0x0800cb66        0x2 /opt/st/stm32cubeide_2.0.0/plugins/com.st.stm32cube.ide.mcu.externaltools.gnu-tools-for-stm32.13.3.rel1.linux64_1.0.100.202509120712/tools/bin/../lib/gcc/arm-none-eabi/13.3.1/../../../../arm-none-eabi/lib/thumb/v7-m/nofp/libc_nano.a(libc_a-lock.o)
                0x0800cb66                __retarget_lock_acquire_recursive
 .text.__retarget_lock_release_recursive
                0x0800cb68        0x2 /opt/st/stm32cubeide_2.0.0/plugins/com.st.stm32cube.ide.mcu.externaltools.gnu-tools-for-stm32.13.3.rel1.linux64_1.0.100.202509120712/tools/bin/../lib/gcc/arm-none-eabi/13.3.1/../../../../arm-none-eabi/lib/thumb/v7-m/nofp/libc_nano.a(libc_a-lock.o)
                0x0800cb68                __retarget_lock_release_recursive
 .text.memchr   0x0800cb6a       0x1c /opt/st/stm32cubeide_2.0.0/plugins/com.st.stm32cube.ide.mcu.externaltools.gnu-tools-for-stm32.13.3.rel1.linux64_1.0.100.202509120712/tools/bin/../lib/gcc/arm-none-eabi/13.3.1/../../../../arm-none-eabi/lib/thumb/v7-m/nofp/libc_nano.a(libc_a-memchr-stub.o)
                0x0800cb6a                memchr
 .text.quorem   0x0800cb86      0x110 /opt/st/stm32cubeide_2.0.0/plugins/com.st.stm32cube.ide.mcu.externaltools.gnu-tools-for-stm32.13.3.rel1.linux64_1.0.100.202509120712/tools/bin/../lib/gcc/arm-none-eabi/13.3.1/../../../../arm-none-eabi/lib/thumb/v7-m/nofp/libc_nano.a(libc_a-dtoa.o)
 *fill*         0x0800cc96        0x2 
 .text._dtoa_r  0x0800cc98      0xba8 /opt/st/stm32cubeide_2.0.0/plugins/com.st.stm32cube.ide.mcu.externaltools.gnu-tools-for-stm32.13.3.rel1.linux64_1.0.100.202509120712/tools/bin/../lib/gcc/arm-none-eabi/13.3.1/../../../../arm-none-eabi/lib/thumb/v7-m/nofp/libc_nano.a(libc_a-dtoa.o)
                0x0800cc98                _dtoa_r
 .text._free_r  0x0800d840       0x90 /opt/st/stm32cubeide_2.0.0/plugins/com.st.stm32cube.ide.mcu.externaltools.gnu-tools-for-stm32.13.3.rel1.linux64_1.0.100.202509120712/tools/bin/../lib/gcc/arm-none-eabi/13.3.1/../../../../arm-none-eabi/lib/thumb/v7-m/nofp/libc_nano.a(libc_a-freer.o)
                0x0800d840                _free_r
 .text.malloc   0x0800d8d0       0x10 /opt/st/stm32cubeide_2.0.0/plugins/com.st.stm32cube.ide.mcu.externaltools.gnu-tools-for-stm32.13.3.rel1.linux64_1.0.100.202509120712/tools/bin/../lib/gcc/arm-none-eabi/13.3.1/../../../../arm-none-eabi/lib/thumb/v7-m/nofp/libc_nano.a(libc_a-malloc.o)
                0x0800d8d0                malloc
 .text.sbrk_aligned
                0x0800d8e0       0x44 /opt/st/stm32cubeide_2.0.0/plugins/com.st.stm32cube.ide.mcu.externaltools.gnu-tools-for-stm32.13.3.rel1.linux64_1.0.100.202509120712/tools/bin/../lib/gcc/arm-none-eabi/13.3.1/../../../../arm-none-eabi/lib/thumb/v7-m/nofp/libc_nano.a(libc_a-mallocr.o)
 .text._malloc_r
                0x0800d924      0x100 /opt/st/stm32cubeide_2.0.0/plugins/com.st.stm32cube.ide.mcu.externaltools.gnu-tools-for-stm32.13.3.rel1.linux64_1.0.100.202509120712/tools/bin/../lib/gcc/arm-none-eabi/13.3.1/../../../../arm-none-eabi/lib/thumb/v7-m/nofp/libc_nano.a(libc_a-mallocr.o)
                0x0800d924                _malloc_r
 .text.__malloc_lock
                0x0800da24        0xc /opt/st/stm32cubeide_2.0.0/plugins/com.st.stm32cube.ide.mcu.externaltools.gnu-tools-for-stm32.13.3.rel1.linux64_1.0.100.202509120712/tools/bin/../lib/gcc/arm-none-eabi/13.3.1/../../../../arm-none-eabi/lib/thumb/v7-m/nofp/libc_nano.a(libc_a-mlock.o)
                0x0800da24                __malloc_lock
 .text.__malloc_unlock
                0x0800da30        0xc /opt/st/stm32cubeide_2.0.0/plugins/com.st.stm32cube.ide.mcu.externaltools.gnu-tools-for-stm32.13.3.rel1.linux64_1.0.100.202509120712/tools/bin/../lib/gcc/arm-none-eabi/13.3.1/../../../../arm-none-eabi/lib/thumb/v7-m/nofp/libc_nano.a(libc_a-mlock.o)
                0x0800da30                __malloc_unlock
 .text._Balloc  0x0800da3c       0x80 /opt/st/stm32cubeide_2.0.0/plugins/com.st.stm32cube.ide.mcu.externaltools.gnu-tools-for-stm32.13.3.rel1.linux64_1.0.100.202509120712/tools/bin/../lib/gcc/arm-none-eabi/13.3.1/../../../../arm-none-eabi/lib/thumb/v7-m/nofp/libc_nano.a(libc_a-mprec.o)
                0x0800da3c                _Balloc
 .text._Bfree   0x0800dabc       0x44 /opt/st/stm32cubeide_2.0.0/plugins/com.st.stm32cube.ide.mcu.externaltools.gnu-tools-for-stm32.13.3.rel1.linux64_1.0.100.202509120712/tools/bin/../lib/gcc/arm-none-eabi/13.3.1/../../../../arm-none-eabi/lib/thumb/v7-m/nofp/libc_nano.a(libc_a-mprec.o)
                0x0800dabc                _Bfree
 .text.__multadd
                0x0800db00       0x8c /opt/st/stm32cubeide_2.0.0/plugins/com.st.stm32cube.ide.mcu.externaltools.gnu-tools-for-stm32.13.3.rel1.linux64_1.0.100.202509120712/tools/bin/../lib/gcc/arm-none-eabi/13.3.1/../../../../arm-none-eabi/lib/thumb/v7-m/nofp/libc_nano.a(libc_a-mprec.o)
                0x0800db00                __multadd
 .text.__hi0bits
                0x0800db8c       0x3e /opt/st/stm32cubeide_2.0.0/plugins/com.st.stm32cube.ide.mcu.externaltools.gnu-tools-for-stm32.13.3.rel1.linux64_1.0.100.202509120712/tools/bin/../lib/gcc/arm-none-eabi/13.3.1/../../../../arm-none-eabi/lib/thumb/v7-m/nofp/libc_nano.a(libc_a-mprec.o)
                0x0800db8c                __hi0bits
 .text.__lo0bits
                0x0800dbca       0x5a /opt/st/stm32cubeide_2.0.0/plugins/com.st.stm32cube.ide.mcu.externaltools.gnu-tools-for-stm32.13.3.rel1.linux64_1.0.100.202509120712/tools/bin/../lib/gcc/arm-none-eabi/13.3.1/../../../../arm-none-eabi/lib/thumb/v7-m/nofp/libc_nano.a(libc_a-mprec.o)
                0x0800dbca                __lo0bits
 .text.__i2b    0x0800dc24       0x2c /opt/st/stm32cubeide_2.0.0/plugins/com.st.stm32cube.ide.mcu.externaltools.gnu-tools-for-stm32.13.3.rel1.linux64_1.0.100.202509120712/tools/bin/../lib/gcc/arm-none-eabi/13.3.1/../../../../arm-none-eabi/lib/thumb/v7-m/nofp/libc_nano.a(libc_a-mprec.o)
                0x0800dc24                __i2b
 .text.__multiply
                0x0800dc50      0x144 /opt/st/stm32cubeide_2.0.0/plugins/com.st.stm32cube.ide.mcu.externaltools.gnu-tools-for-stm32.13.3.rel1.linux64_1.0.100.202509120712/tools/bin/../lib/gcc/arm-none-eabi/13.3.1/../../../../arm-none-eabi/lib/thumb/v7-m/nofp/libc_nano.a(libc_a-mprec.o)
                0x0800dc50                __multiply
 .text.__pow5mult
                0x0800dd94       0xb4 /opt/st/stm32cubeide_2.0.0/plugins/com.st.stm32cube.ide.mcu.externaltools.gnu-tools-for-stm32.13.3.rel1.linux64_1.0.100.202509120712/tools/bin/../lib/gcc/arm-none-eabi/13.3.1/../../../../arm-none-eabi/lib/thumb/v7-m/nofp/libc_nano.a(libc_a-mprec.o)
                0x0800dd94                __pow5mult
 .text.__lshift
                0x0800de48       0xd8 /opt/st/stm32cubeide_2.0.0/plugins/com.st.stm32cube.ide.mcu.externaltools.gnu-tools-for-stm32.13.3.rel1.linux64_1.0.100.202509120712/tools/bin/../lib/gcc/arm-none-eabi/13.3.1/../../../../arm-none-eabi/lib/thumb/v7-m/nofp/libc_nano.a(libc_a-mprec.o)
                0x0800de48                __lshift
 .text.__mcmp   0x0800df20       0x36 /opt/st/stm32cubeide_2.0.0/plugins/com.st.stm32cube.ide.mcu.externaltools.gnu-tools-for-stm32.13.3.rel1.linux64_1.0.100.202509120712/tools/bin/../lib/gcc/arm-none-eabi/13.3.1/../../../../arm-none-eabi/lib/thumb/v7-m/nofp/libc_nano.a(libc_a-mprec.o)
                0x0800df20                __mcmp
 *fill*         0x0800df56        0x2 
 .text.__mdiff  0x0800df58      0x128 /opt/st/stm32cubeide_2.0.0/plugins/com.st.stm32cube.ide.mcu.externaltools.gnu-tools-for-stm32.13.3.rel1.linux64_1.0.100.202509120712/tools/bin/../lib/gcc/arm-none-eabi/13.3.1/../../../../arm-none-eabi/lib/thumb/v7-m/nofp/libc_nano.a(libc_a-mprec.o)
                0x0800df58                __mdiff
 .text.__d2b    0x0800e080       0xb0 /opt/st/stm32cubeide_2.0.0/plugins/com.st.stm32cube.ide.mcu.externaltools.gnu-tools-for-stm32.13.3.rel1.linux64_1.0.100.202509120712/tools/bin/../lib/gcc/arm-none-eabi/13.3.1/../../../../arm-none-eabi/lib/thumb/v7-m/nofp/libc_nano.a(libc_a-mprec.o)
                0x0800e080                __d2b
 .text.__sflush_r
                0x0800e130      0x100 /opt/st/stm32cubeide_2.0.0/plugins/com.st.stm32cube.ide.mcu.externaltools.gnu-tools-for-stm32.13.3.rel1.linux64_1.0.100.202509120712/tools/bin/../lib/gcc/arm-none-eabi/13.3.1/../../../../arm-none-eabi/lib/thumb/v7-m/nofp/libc_nano.a(libc_a-fflush.o)
                0x0800e130                __sflush_r
 .text._fflush_r
                0x0800e230       0x50 /opt/st/stm32cubeide_2.0.0/plugins/com.st.stm32cube.ide.mcu.externaltools.gnu-tools-for-stm32.13.3.rel1.linux64_1.0.100.202509120712/tools/bin/../lib/gcc/arm-none-eabi/13.3.1/../../../../arm-none-eabi/lib/thumb/v7-m/nofp/libc_nano.a(libc_a-fflush.o)
                0x0800e230                _fflush_r
 .text._sbrk_r  0x0800e280       0x20 /opt/st/stm32cubeide_2.0.0/plugins/com.st.stm32cube.ide.mcu.externaltools.gnu-tools-for-stm32.13.3.rel1.linux64_1.0.100.202509120712/tools/bin/../lib/gcc/arm-none-eabi/13.3.1/../../../../arm-none-eabi/lib/thumb/v7-m/nofp/libc_nano.a(libc_a-sbrkr.o)
                0x0800e280                _sbrk_r
 .text.memcpy   0x0800e2a0       0x1c /opt/st/stm32cubeide_2.0.0/plugins/com.st.stm32cube.ide.mcu.externaltools.gnu-tools-for-stm32.13.3.rel1.linux64_1.0.100.202509120712/tools/bin/../lib/gcc/arm-none-eabi/13.3.1/../../../../arm-none-eabi/lib/thumb/v7-m/nofp/libc_nano.a(libc_a-memcpy-stub.o)
                0x0800e2a0                memcpy
 .text.__assert_func
                0x0800e2bc       0x3c /opt/st/stm32cubeide_2.0.0/plugins/com.st.stm32cube.ide.mcu.externaltools.gnu-tools-for-stm32.13.3.rel1.linux64_1.0.100.202509120712/tools/bin/../lib/gcc/arm-none-eabi/13.3.1/../../../../arm-none-eabi/lib/thumb/v7-m/nofp/libc_nano.a(libc_a-assert.o)
                0x0800e2bc                __assert_func
 .text._calloc_r
                0x0800e2f8       0x28 /opt/st/stm32cubeide_2.0.0/plugins/com.st.stm32cube.ide.mcu.externaltools.gnu-tools-for-stm32.13.3.rel1.linux64_1.0.100.202509120712/tools/bin/../lib/gcc/arm-none-eabi/13.3.1/../../../../arm-none-eabi/lib/thumb/v7-m/nofp/libc_nano.a(libc_a-callocr.o)
                0x0800e2f8                _calloc_r
 .text.__ascii_mbtowc
                0x0800e320       0x24 /opt/st/stm32cubeide_2.0.0/plugins/com.st.stm32cube.ide.mcu.externaltools.gnu-tools-for-stm32.13.3.rel1.linux64_1.0.100.202509120712/tools/bin/../lib/gcc/arm-none-eabi/13.3.1/../../../../arm-none-eabi/lib/thumb/v7-m/nofp/libc_nano.a(libc_a-mbtowc_r.o)
                0x0800e320                __ascii_mbtowc
 .text.__ascii_wctomb
                0x0800e344       0x1a /opt/st/stm32cubeide_2.0.0/plugins/com.st.stm32cube.ide.mcu.externaltools.gnu-tools-for-stm32.13.3.rel1.linux64_1.0.100.202509120712/tools/bin/../lib/gcc/arm-none-eabi/13.3.1/../../../../arm-none-eabi/lib/thumb/v7-m/nofp/libc_nano.a(libc_a-wctomb_r.o)
                0x0800e344                __ascii_wctomb
 *fill*         0x0800e35e        0x2 
 .text.fprintf  0x0800e360       0x24 /opt/st/stm32cubeide_2.0.0/plugins/com.st.stm32cube.ide.mcu.externaltools.gnu-tools-for-stm32.13.3.rel1.linux64_1.0.100.202509120712/tools/bin/../lib/gcc/arm-none-eabi/13.3.1/../../../../arm-none-eabi/lib/thumb/v7-m/nofp/libc_nano.a(libc_a-fprintf.o)
                0x0800e360                fprintf
                0x0800e360                fiprintf
 .text.abort    0x0800e384        0xe /opt/st/stm32cubeide_2.0.0/plugins/com.st.stm32cube.ide.mcu.externaltools.gnu-tools-for-stm32.13.3.rel1.linux64_1.0.100.202509120712/tools/bin/../lib/gcc/arm-none-eabi/13.3.1/../../../../arm-none-eabi/lib/thumb/v7-m/nofp/libc_nano.a(libc_a-abort.o)
                0x0800e384                abort
 .text.__sfputc_r
                0x0800e392       0x2a /opt/st/stm32cubeide_2.0.0/plugins/com.st.stm32cube.ide.mcu.externaltools.gnu-tools-for-stm32.13.3.rel1.linux64_1.0.100.202509120712/tools/bin/../lib/gcc/arm-none-eabi/13.3.1/../../../../arm-none-eabi/lib/thumb/v7-m/nofp/libc_nano.a(libc_a-nano-vfprintf.o)
 .text.__sfputs_r
                0x0800e3bc       0x24 /opt/st/stm32cubeide_2.0.0/plugins/com.st.stm32cube.ide.mcu.externaltools.gnu-tools-for-stm32.13.3.rel1.linux64_1.0.100.202509120712/tools/bin/../lib/gcc/arm-none-eabi/13.3.1/../../../../arm-none-eabi/lib/thumb/v7-m/nofp/libc_nano.a(libc_a-nano-vfprintf.o)
                0x0800e3bc                __sfputs_r
 .text._vfprintf_r
                0x0800e3e0      0x230 /opt/st/stm32cubeide_2.0.0/plugins/com.st.stm32cube.ide.mcu.externaltools.gnu-tools-for-stm32.13.3.rel1.linux64_1.0.100.202509120712/tools/bin/../lib/gcc/arm-none-eabi/13.3.1/../../../../arm-none-eabi/lib/thumb/v7-m/nofp/libc_nano.a(libc_a-nano-vfprintf.o)
                0x0800e3e0                _vfiprintf_r
                0x0800e3e0                _vfprintf_r
 .text.__swbuf_r
                0x0800e610       0x7c /opt/st/stm32cubeide_2.0.0/plugins/com.st.stm32cube.ide.mcu.externaltools.gnu-tools-for-stm32.13.3.rel1.linux64_1.0.100.202509120712/tools/bin/../lib/gcc/arm-none-eabi/13.3.1/../../../../arm-none-eabi/lib/thumb/v7-m/nofp/libc_nano.a(libc_a-wbuf.o)
                0x0800e610                __swbuf_r
 .text.__swsetup_r
                0x0800e68c       0xac /opt/st/stm32cubeide_2.0.0/plugins/com.st.stm32cube.ide.mcu.externaltools.gnu-tools-for-stm32.13.3.rel1.linux64_1.0.100.202509120712/tools/bin/../lib/gcc/arm-none-eabi/13.3.1/../../../../arm-none-eabi/lib/thumb/v7-m/nofp/libc_nano.a(libc_a-wsetup.o)
                0x0800e68c                __swsetup_r
 .text._raise_r
                0x0800e738       0x50 /opt/st/stm32cubeide_2.0.0/plugins/com.st.stm32cube.ide.mcu.externaltools.gnu-tools-for-stm32.13.3.rel1.linux64_1.0.100.202509120712/tools/bin/../lib/gcc/arm-none-eabi/13.3.1/../../../../arm-none-eabi/lib/thumb/v7-m/nofp/libc_nano.a(libc_a-signal.o)
                0x0800e738                _raise_r
 .text.raise    0x0800e788       0x10 /opt/st/stm32cubeide_2.0.0/plugins/com.st.stm32cube.ide.mcu.externaltools.gnu-tools-for-stm32.13.3.rel1.linux64_1.0.100.202509120712/tools/bin/../lib/gcc/arm-none-eabi/13.3.1/../../../../arm-none-eabi/lib/thumb/v7-m/nofp/libc_nano.a(libc_a-signal.o)
                0x0800e788                raise
 .text._kill_r  0x0800e798       0x24 /opt/st/stm32cubeide_2.0.0/plugins/com.st.stm32cube.ide.mcu.externaltools.gnu-tools-for-stm32.13.3.rel1.linux64_1.0.100.202509120712/tools/bin/../lib/gcc/arm-none-eabi/13.3.1/../../../../arm-none-eabi/lib/thumb/v7-m/nofp/libc_nano.a(libc_a-signalr.o)
                0x0800e798                _kill_r
 .text._getpid_r
                0x0800e7bc        0x4 /opt/st/stm32cubeide_2.0.0/plugins/com.st.stm32cube.ide.mcu.externaltools.gnu-tools-for-stm32.13.3.rel1.linux64_1.0.100.202509120712/tools/bin/../lib/gcc/arm-none-eabi/13.3.1/../../../../arm-none-eabi/lib/thumb/v7-m/nofp/libc_nano.a(libc_a-signalr.o)
                0x0800e7bc                _getpid_r
 .text.__swhatbuf_r
                0x0800e7c0       0x4a /opt/st/stm32cubeide_2.0.0/plugins/com.st.stm32cube.ide.mcu.externaltools.gnu-tools-for-stm32.13.3.rel1.linux64_1.0.100.202509120712/tools/bin/../lib/gcc/arm-none-eabi/13.3.1/../../../../arm-none-eabi/lib/thumb/v7-m/nofp/libc_nano.a(libc_a-makebuf.o)