../Core/Src/main.c:38:23:scale	16	static
../Core/Src/main.c:87:13:wait_for_strip	16	static
../Core/Src/main.c:93:13:update_both_strips	8	static
../Core/Src/main.c:102:13:set_pixel_a	32	static
../Core/Src/main.c:106:13:set_pixel_b	32	static
../Core/Src/main.c:110:13:fill_a	32	static
../Core/Src/main.c:114:13:fill_b	32	static
../Core/Src/main.c:118:13:fill_both	24	static
../Core/Src/main.c:126:13:mode_estopped	8	static
../Core/Src/main.c:134:13:mode_disabled	8	static
../Core/Src/main.c:142:13:mode_manual	8	static
../Core/Src/main.c:150:13:mode_auto_disabled	8	static
../Core/Src/main.c:163:13:alternating_blink	32	static
../Core/Src/main.c:195:13:sync_blink	32	static
../Core/Src/main.c:219:13:mode_auto_enabled	24	static
../Core/Src/main.c:228:13:mode_low_power	8	static
../Core/Src/main.c:235:13:mode_turn_left	24	static
../Core/Src/main.c:245:13:mode_turn_right	24	static
../Core/Src/main.c:254:13:mode_waypoint_reached	8	static
../Core/Src/main.c:261:13:mode_waypoint_follow	24	static
../Core/Src/main.c:278:13:boot_hue	32	static
../Core/Src/main.c:288:13:mode_booting	48	static
../Core/Src/main.c:329:13:mode_shutdown	16	static
../Core/Src/main.c:373:13:reset_shutdown	8	static
../Core/Src/main.c:387:13:mode_shutdown_reset	8	static
../Core/Src/main.c:394:13:mode_shutdown_run	16	static
../Core/Src/main.c:431:5:main	48	static
../Core/Src/main.c:513:6:SystemClock_Config	64	static
../Core/Src/main.c:536:6:HAL_FDCAN_RxFifo0Callback	80	static
../Core/Src/main.c:554:6:Error_Handler	8	static,ignoring_inline_asm
