../Core/Src/main.c:108:13:wait_for_strip	16	static
../Core/Src/main.c:116:13:update_both_strips	8	static
../Core/Src/main.c:129:13:set_all	40	static
../Core/Src/main.c:136:6:mode_chasing	48	static
../Core/Src/main.c:159:6:mode_solid	24	static
../Core/Src/main.c:173:6:mode_blinking	32	static
../Core/Src/main.c:193:6:mode_rainbow	56	static
../Core/Src/main.c:246:6:mode_estopped	24	static
../Core/Src/main.c:261:5:main	56	static
../Core/Src/main.c:374:6:SystemClock_Config	64	static
../Core/Src/main.c:406:6:HAL_FDCAN_RxFifo0Callback	72	static
../Core/Src/main.c:437:6:Error_Handler	8	static,ignoring_inline_asm
