../Core/Src/main.c:38:23:scale	1
../Core/Src/main.c:87:13:wait_for_strip	3
../Core/Src/main.c:93:13:update_both_strips	1
../Core/Src/main.c:102:13:set_pixel_a	1
../Core/Src/main.c:106:13:set_pixel_b	1
../Core/Src/main.c:110:13:fill_a	2
../Core/Src/main.c:114:13:fill_b	2
../Core/Src/main.c:118:13:fill_both	1
../Core/Src/main.c:126:13:mode_estopped	1
../Core/Src/main.c:134:13:mode_disabled	1
../Core/Src/main.c:142:13:mode_manual	1
../Core/Src/main.c:150:13:mode_auto_disabled	1
../Core/Src/main.c:163:13:alternating_blink	3
../Core/Src/main.c:195:13:sync_blink	3
../Core/Src/main.c:219:13:mode_auto_enabled	1
../Core/Src/main.c:228:13:mode_low_power	1
../Core/Src/main.c:235:13:mode_turn_left	1
../Core/Src/main.c:245:13:mode_turn_right	1
../Core/Src/main.c:254:13:mode_waypoint_reached	1
../Core/Src/main.c:261:13:mode_waypoint_follow	1
../Core/Src/main.c:278:13:boot_hue	3
../Core/Src/main.c:288:13:mode_booting	3
../Core/Src/main.c:329:13:mode_shutdown	5
../Core/Src/main.c:373:13:reset_shutdown	1
../Core/Src/main.c:387:13:mode_shutdown_reset	1
../Core/Src/main.c:394:13:mode_shutdown_run	5
../Core/Src/main.c:431:5:main	17
../Core/Src/main.c:513:6:SystemClock_Config	3
../Core/Src/main.c:536:6:HAL_FDCAN_RxFifo0Callback	5
../Core/Src/main.c:554:6:Error_Handler	1
