../Core/Src/main.c:55:23:scale	16	static
../Core/Src/main.c:108:13:wait_for_strip	16	static
../Core/Src/main.c:116:13:update_both_strips	8	static
../Core/Src/main.c:129:13:WS28_WRAPPED_SetPixel_RGB	48	static
../Core/Src/main.c:137:13:set_all	40	static
../Core/Src/main.c:144:6:mode_chasing	48	static
../Core/Src/main.c:167:6:mode_solid	24	static
../Core/Src/main.c:172:6:mode_blinking	48	static
../Core/Src/main.c:206:6:mode_rainbow	56	static
../Core/Src/main.c:259:6:mode_estopped	24	static
../Core/Src/main.c:274:5:main	56	static
../Core/Src/main.c:376:6:SystemClock_Config	64	static
../Core/Src/main.c:408:6:HAL_FDCAN_RxFifo0Callback	72	static
../Core/Src/main.c:439:6:Error_Handler	8	static,ignoring_inline_asm
