../Core/Src/main.c:55:23:scale	1
../Core/Src/main.c:108:13:wait_for_strip	3
../Core/Src/main.c:116:13:update_both_strips	1
../Core/Src/main.c:129:13:WS28_WRAPPED_SetPixel_RGB	1
../Core/Src/main.c:137:13:set_all	2
../Core/Src/main.c:144:6:mode_chasing	2
../Core/Src/main.c:167:6:mode_solid	1
../Core/Src/main.c:172:6:mode_blinking	7
../Core/Src/main.c:206:6:mode_rainbow	7
../Core/Src/main.c:259:6:mode_estopped	2
../Core/Src/main.c:274:5:main	10
../Core/Src/main.c:376:6:SystemClock_Config	3
../Core/Src/main.c:408:6:HAL_FDCAN_RxFifo0Callback	4
../Core/Src/main.c:439:6:Error_Handler	1
