/opt/st/stm32cubeide_2.0.0/plugins/com.st.stm32cube.ide.mcu.externaltools.gnu-tools-for-stm32.13.3.rel1.linux64_1.0.100.202509120712/tools/arm-none-eabi/include/c++/13.3.1/cmath:146:3:constexpr float std::atan2(float, float)	16	static
/opt/st/stm32cubeide_2.0.0/plugins/com.st.stm32cube.ide.mcu.externaltools.gnu-tools-for-stm32.13.3.rel1.linux64_1.0.100.202509120712/tools/arm-none-eabi/include/c++/13.3.1/cmath:438:3:constexpr float std::sqrt(float)	16	static
../Core/Inc/SwerveDrive/SwerveModule.cpp:14:7:float radiansA(double)	16	static
../Core/Inc/SwerveDrive/SwerveModule.cpp:18:1:SwerveModule::SwerveModule(SwerveModuleConfig)	24	static
../Core/Inc/SwerveDrive/SwerveModule.cpp:29:7:float SwerveModule::getDriveDelta()	24	static
../Core/Inc/SwerveDrive/SwerveModule.cpp:43:6:void SwerveModule::updateState(SwerveModuleState)	80	static
../Core/Inc/SwerveDrive/SwerveModule.cpp:74:6:void SwerveModule::debugPrint()	128	static
../Core/Inc/SwerveDrive/SwerveModule.cpp:84:1:void __static_initialization_and_destruction_0()	24	static
../Core/Inc/SwerveDrive/SwerveModule.cpp:84:1:cpp)	8	static
