../Drivers/STM32F1xx_HAL_Driver/Src/stm32f1xx_hal.c:142:19:HAL_Init	8	static
../Drivers/STM32F1xx_HAL_Driver/Src/stm32f1xx_hal.c:210:19:HAL_DeInit	8	static
../Drivers/STM32F1xx_HAL_Driver/Src/stm32f1xx_hal.c:235:13:HAL_MspInit	4	static
../Drivers/STM32F1xx_HAL_Driver/Src/stm32f1xx_hal.c:246:13:HAL_MspDeInit	4	static
../Drivers/STM32F1xx_HAL_Driver/Src/stm32f1xx_hal.c:269:26:HAL_InitTick	16	static
../Drivers/STM32F1xx_HAL_Driver/Src/stm32f1xx_hal.c:328:13:HAL_IncTick	4	static
../Drivers/STM32F1xx_HAL_Driver/Src/stm32f1xx_hal.c:339:17:HAL_GetTick	4	static
../Drivers/STM32F1xx_HAL_Driver/Src/stm32f1xx_hal.c:348:10:HAL_GetTickPrio	4	static
../Drivers/STM32F1xx_HAL_Driver/Src/stm32f1xx_hal.c:357:19:HAL_SetTickFreq	24	static
../Drivers/STM32F1xx_HAL_Driver/Src/stm32f1xx_hal.c:390:21:HAL_GetTickFreq	4	static
../Drivers/STM32F1xx_HAL_Driver/Src/stm32f1xx_hal.c:406:13:HAL_Delay	24	static
../Drivers/STM32F1xx_HAL_Driver/Src/stm32f1xx_hal.c:432:13:HAL_SuspendTick	4	static
../Drivers/STM32F1xx_HAL_Driver/Src/stm32f1xx_hal.c:448:13:HAL_ResumeTick	4	static
../Drivers/STM32F1xx_HAL_Driver/Src/stm32f1xx_hal.c:458:10:HAL_GetHalVersion	4	static
../Drivers/STM32F1xx_HAL_Driver/Src/stm32f1xx_hal.c:474:10:HAL_GetREVID	4	static
../Drivers/STM32F1xx_HAL_Driver/Src/stm32f1xx_hal.c:490:10:HAL_GetDEVID	4	static
../Drivers/STM32F1xx_HAL_Driver/Src/stm32f1xx_hal.c:499:10:HAL_GetUIDw0	4	static
../Drivers/STM32F1xx_HAL_Driver/Src/stm32f1xx_hal.c:508:10:HAL_GetUIDw1	4	static
../Drivers/STM32F1xx_HAL_Driver/Src/stm32f1xx_hal.c:517:10:HAL_GetUIDw2	4	static
../Drivers/STM32F1xx_HAL_Driver/Src/stm32f1xx_hal.c:526:6:HAL_DBGMCU_EnableDBGSleepMode	4	static
../Drivers/STM32F1xx_HAL_Driver/Src/stm32f1xx_hal.c:542:6:HAL_DBGMCU_DisableDBGSleepMode	4	static
../Drivers/STM32F1xx_HAL_Driver/Src/stm32f1xx_hal.c:572:6:HAL_DBGMCU_EnableDBGStopMode	4	static
../Drivers/STM32F1xx_HAL_Driver/Src/stm32f1xx_hal.c:588:6:HAL_DBGMCU_DisableDBGStopMode	4	static
../Drivers/STM32F1xx_HAL_Driver/Src/stm32f1xx_hal.c:604:6:HAL_DBGMCU_EnableDBGStandbyMode	4	static
../Drivers/STM32F1xx_HAL_Driver/Src/stm32f1xx_hal.c:620:6:HAL_DBGMCU_DisableDBGStandbyMode	4	static
