../Core/Src/main.cpp:23:14:SwerveDrive* InitSwerveDrive()	32	static
../Core/Src/main.cpp:89:6:void encode_motor_odom_le(const MotorOdometryMsg*, uint8_t*)	16	static
../Core/Src/main.cpp:101:5:int main()	192	static
../Core/Src/main.cpp:154:13:void SendOdometry(const SwerveDriveState&)	64	static
../Core/Src/main.cpp:175:6:void serial_debug(SwerveModule&)	96	static
../Core/Src/main.cpp:183:6:void HAL_CAN_RxFifo0MsgPendingCallback(CAN_HandleTypeDef*)	112	static
../Core/Src/main.cpp:235:13:void MX_CAN1_Init()	48	static
../Core/Src/main.cpp:276:13:void MX_CAN2_Init()	8	static
../Core/Src/main.cpp:298:13:void configFilter(CAN_HandleTypeDef*, uint32_t, uint32_t)	72	static
../Core/Src/main.cpp:317:13:void MX_GPIO_Init()	40	static
../Core/Src/main.cpp:340:6:void SystemClock_Config()	120	static
../Core/Src/main.cpp:395:6:void Error_Handler()	4	static,ignoring_inline_asm
